[1;36m[Dbg] [gz.cc:166] [0m[1;36mSubscribing to [[0m[1;36m/gazebo/starting_world[0m[1;36m].[0m[1;36m[0m
[1;36m[Dbg] [gz.cc:168] [0m[1;36mWaiting for a world to be set from the GUI...[0m[1;36m[0m
[1;32m[Msg] [0m[1;32mReceived world [[0m[1;32mdefault.sdf[0m[1;32m] from the GUI.[0m[1;32m[0m
[1;36m[Dbg] [gz.cc:172] [0m[1;36mUnsubscribing from [[0m[1;36m/gazebo/starting_world[0m[1;36m].[0m[1;36m[0m
[1;32m[Msg] [0m[1;32mGazebo Sim Server v[0m[1;32m8.14.0[0m[1;32m[0m
[1;32m[Msg] [0m[1;32mLoading SDF world file[[0m[1;32m/home/priyanshu/PX4/PX4-Autopilot/Tools/simulation/gz/worlds/default.sdf[0m[1;32m].[0m
[1;32m[Msg] [0m[1;32mServing entity system service on [[0m[1;32m/[0m[1;32mentity/system/add[0m[1;32m][0m[1;32m[0m
[1;32m[Msg] [0m[1;32mLoaded level [[0m[1;32mdefault[0m[1;32m][0m[1;32m[0m
[1;32m[Msg] [0m[1;32mNo systems loaded from SDF, loading defaults[0m[1;32m[0m
[1;36m[Dbg] [ServerConfig.cc:954] [0m[1;36mLoaded ([0m[1;36m13[0m[1;36m) plugins from file [0m[1;36m[[0m[1;36m/home/priyanshu/PX4/PX4-Autopilot/Tools/simulation/gz/server.config[0m[1;36m][0m
[1;36m[Dbg] [Physics.cc:945] [0m[1;36mLoaded [[0m[1;36mgz::physics::dartsim::Plugin[0m[1;36m] from library [[0m[1;36m/usr/lib/x86_64-linux-gnu/gz-physics-7/engine-plugins/libgz-physics-dartsim-plugin.so[0m[1;36m][0m[1;36m[0m
[1;36m[Dbg] [SystemManager.cc:80] [0m[1;36mLoaded system [[0m[1;36mgz::sim::systems::Physics[0m[1;36m] for entity [[0m[1;36m1[0m[1;36m][0m[1;36m[0m
[1;32m[Msg] [0m[1;32mCreate[0m[1;32m service on [[0m[1;32m/world/default/create_multiple[0m[1;32m] (async)[0m[1;32m[0m
[1;32m[Msg] [0m[1;32mCreate[0m[1;32m service on [[0m[1;32m/world/default/create_multiple/blocking[0m[1;32m] (blocking)[0m[1;32m[0m
[1;32m[Msg] [0m[1;32mRemove[0m[1;32m service on [[0m[1;32m/world/default/remove[0m[1;32m] (async)[0m[1;32m[0m
[1;32m[Msg] [0m[1;32mRemove[0m[1;32m service on [[0m[1;32m/world/default/remove/blocking[0m[1;32m] (blocking)[0m[1;32m[0m
[1;32m[Msg] [0m[1;32mPose[0m[1;32m service on [[0m[1;32m/world/default/set_pose[0m[1;32m] (async)[0m[1;32m[0m
[1;32m[Msg] [0m[1;32mPose[0m[1;32m service on [[0m[1;32m/world/default/set_pose/blocking[0m[1;32m] (blocking)[0m[1;32m[0m
[1;32m[Msg] [0m[1;32mPose[0m[1;32m service on [[0m[1;32m/world/default/set_pose_vector[0m[1;32m] (async)[0m[1;32m[0m
[1;32m[Msg] [0m[1;32mPose[0m[1;32m service on [[0m[1;32m/world/default/set_pose_vector/blocking[0m[1;32m] (blocking)[0m[1;32m[0m
[1;32m[Msg] [0m[1;32mLight configuration[0m[1;32m service on [[0m[1;32m/world/default/light_config[0m[1;32m] (async)[0m[1;32m[0m
[1;32m[Msg] [0m[1;32mLight configuration[0m[1;32m service on [[0m[1;32m/world/default/light_config/blocking[0m[1;32m] (blocking)[0m[1;32m[0m
[1;32m[Msg] [0m[1;32mPhysics[0m[1;32m service on [[0m[1;32m/world/default/set_physics[0m[1;32m] (async)[0m[1;32m[0m
[1;32m[Msg] [0m[1;32mPhysics[0m[1;32m service on [[0m[1;32m/world/default/set_physics/blocking[0m[1;32m] (blocking)[0m[1;32m[0m
[1;32m[Msg] [0m[1;32mSphericalCoordinates[0m[1;32m service on [[0m[1;32m/world/default/set_spherical_coordinates[0m[1;32m] (async)[0m[1;32m[0m
[1;32m[Msg] [0m[1;32mSphericalCoordinates[0m[1;32m service on [[0m[1;32m/world/default/set_spherical_coordinates/blocking[0m[1;32m] (blocking)[0m[1;32m[0m
[1;32m[Msg] [0m[1;32mEnable collision[0m[1;32m service on [[0m[1;32m/world/default/enable_collision[0m[1;32m] (async)[0m[1;32m[0m
[1;32m[Msg] [0m[1;32mEnable collision[0m[1;32m service on [[0m[1;32m/world/default/enable_collision/blocking[0m[1;32m] (blocking)[0m[1;32m[0m
[1;32m[Msg] [0m[1;32mDisable collision[0m[1;32m service on [[0m[1;32m/world/default/disable_collision[0m[1;32m] (async)[0m[1;32m[0m
[1;32m[Msg] [0m[1;32mDisable collision[0m[1;32m service on [[0m[1;32m/world/default/disable_collision/blocking[0m[1;32m] (blocking)[0m[1;32m[0m
[1[1;33m[GUI] [Wrn] [Application.cc:908] [0m[1;33m[QT] qrc:/qml/PluginMenu.qml:65:11: QML Image: Error decoding: qrc:/qml/images/search.svg: Unsupported image format[0m[1;33m[0m
;32m[Msg] [0m[1;32mMaterial[0m[1;32m service on [[0m[1;32m/world/default/visual_config[0m[1;32m] (async)[0m[1;32m[0m
[1;32m[Msg] [0m[1;32mMaterial[0m[1;32m service on [[0m[1;32m/world/default/visual_config/blocking[0m[1;32m] (blocking)[0m[1;32m[0m
[1;32m[Msg] [0m[1;32mMaterial[0m[1;32m service on [[0m[1;32m/world/default/wheel_slip[0m[1;32m] (async)[0m[1;32m[0m
[1;32m[Msg] [0m[1;32mMaterial[0m[1;32m service on [[0m[1;32m/world/default/wheel_slip/blocking[0m[1;32m] (blocking)[0m[1;32m[0m
[1;36m[Dbg] [SystemManager.cc:80] [0m[1;36mLoaded system [[0m[1;36mgz::sim::systems::UserCommands[0m[1;36m] for entity [[0m[1;36m1[0m[1;36m][0m[1;36m[0m
[1;36m[Dbg] [SystemManager.cc:80] [0m[1;36mLoaded system [[0m[1;36mgz::sim::systems::SceneBroadcaster[0m[1;36m] for entity [[0m[1;36m1[0m[1;36m][0m[1;36m[0m
[1;36m[Dbg] [SystemManager.cc:80] [0m[1;36mLoaded system [[0m[1;36mgz::sim::systems::Contact[0m[1;36m] for entity [[0m[1;36m1[0m[1;36m][0m[1;36m[0m
[1;36m[Dbg] [SystemManager.cc:80] [0m[1;36mLoaded system [[0m[1;36mgz::sim::systems::Imu[0m[1;36m] for entity [[0m[1;36m1[0m[1;36m][0m[1;36m[0m
[1;36m[Dbg] [SystemManager.cc:80] [0m[1;36mLoaded system [[0m[1;36mgz::sim::systems::AirPressure[0m[1;36m] for entity [[0m[1;36m1[0m[1;36m][0m[1;36m[0m
[1;36m[Dbg] [SystemManager.cc:80] [0m[1;36mLoaded system [[0m[1;36mgz::sim::systems::AirSpeed[0m[1;36m] for entity [[0m[1;36m1[0m[1;36m][0m[1;36m[0m
[1;32m[Msg] [0m[1;32mListening to instantaneous wrench commands in [[0m[1;32m/world/default/wrench[0m[1;32m][0m[1;32m[0m
[1;32m[Msg] [0m[1;32mListening to persistent wrench commands in [[0m[1;32m/world/default/wrench/persistent[0m[1;32m][0m[1;32m[0m
[1;32m[Msg] [0m[1;32mListening to wrench clear commands in [[0m[1;32m/world/default/wrench/clear[0m[1;32m][0m[1;32m[0m
[1;36m[Dbg] [SystemManager.cc:80] [0m[1;36mLoaded system [[0m[1;36mgz::sim::systems::ApplyLinkWrench[0m[1;36m] for entity [[0m[1;36m1[0m[1;36m][0m[1;36m[0m
[1;36m[Dbg] [SystemManager.cc:80] [0m[1;36mLoaded system [[0m[1;36mgz::sim::systems::NavSat[0m[1;36m] for entity [[0m[1;36m1[0m[1;36m][0m[1;36m[0m
[1;36m[Dbg] [Magnetometer.cc:261] [0m[1;36mMagnetometer: using param [use_units_gauss: [0m[1;36m1[0m[1;36m].[0m[1;36m[0m
[1;36m[Dbg] [Magnetometer.cc:269] [0m[1;36mMagnetometer: using param [use_earth_frame_ned: [0m[1;36m1[0m[1;36m].[0m[1;36m[0m
[1;36m[Dbg] [SystemManager.cc:80] [0m[1;36mLoaded system [[0m[1;36mgz::sim::systems::Magnetometer[0m[1;36m] for entity [[0m[1;36m1[0m[1;36m][0m[1;36m[0m
[1;36m[Dbg] [Sensors.cc:697] [0m[1;36mConfiguring Sensors system[0m[1;36m[0m
[1;36m[Dbg] [Sensors.cc:557] [0m[1;36mSensorsPrivate::Run[0m[1;36m[0m
[1;36m[Dbg] [SystemManager.cc:80] [0m[1;36mLoaded system [[0m[1;36mgz::sim::systems::Sensors[0m[1;36m] for entity [[0m[1;36m1[0m[1;36m][0m[1;36m[0m
[1;36m[Dbg] [Sensors.cc:532] [0m[1;36mSensorsPrivate::RenderThread started[0m[1;36m[0m
[1;36m[Dbg] [Sensors.cc:337] [0m[1;36mWaiting for init[0m[1;36m[0m
[1;36m[Dbg] [SystemManager.cc:80] [0m[1;36mLoaded system [[0m[1;36mcustom::OpticalFlowSystem[0m[1;36m] for entity [[0m[1;36m1[0m[1;36m][0m[1;36m[0m
[1;36m[Dbg] [GstCameraSystem.cpp:95] [0m[1;36mGstCameraSystem configured for world [[0m[1;36mdefault[0m[1;36m][0m[1;36m[0m
[1;36m[Dbg] [GstCameraSystem.cpp:116] [0m[1;36mGstCameraSystem parameters:[0m[1;36m[0m
[1;36m  UDP Host: [0m[1;36m127.0.0.1[0m[1;36m[0m
[1;36m  Base UDP Port: [0m[1;36m5600[0m[1;36m[0m
[1;36m  Use RTMP: [0m[1;36mfalse[0m[1;36m[0m
[1;36m  RTMP Location: [0m[1;36m[0m
[1;36m  Use CUDA: [0m[1;36mtrue[0m[1;36m[0m
[1;36m[Dbg] [SystemManager.cc:80] [0m[1;36mLoaded system [[0m[1;36mcustom::GstCameraSystem[0m[1;36m] for entity [[0m[1;36m1[0m[1;36m][0m[1;36m[0m
[1;32m[Msg] [0m[1;32mServing world controls on [[0m[1;32m/world/default[0m[1;32m/control], [[0m[1;32m/world/default[0m[1;32m/control/state] and [[0m[1;32m/world/default[0m[1;32m/playback/control][0m[1;32m[0m
[1;32m[Msg] [0m[1;32mServing GUI information on [[0m[1;32m/world/default[0m[1;32m/[0m[1;32mgui/info[0m[1;32m][0m[1;32m[0m
[1;32m[Msg] [0m[1;32mWorld [[0m[1;32mdefault[0m[1;32m] initialized with [[0m[1;32mdefault_physics[0m[1;32m] physics profile.[0m[1;32m[0m
[1;32m[Msg] [0m[1;32mServing world SDF generation service on [[0m[1;32m/world/default[0m[1;32m/[0m[1;32mgenerate_world_sdf[0m[1;32m][0m[1;32m[0m
[1;32m[Msg] [0m[1;32mServing world names on [[0m[1;32m/gazebo/worlds[0m[1;32m][0m[1;32m[0m
[1;32m[Msg] [0m[1;32mResource path add service on [[0m[1;32m/gazebo/resource_paths/add[0m[1;32m].[0m[1;32m[0m
[1;32m[Msg] [0m[1;32mResource path get service on [[0m[1;32m/gazebo/resource_paths/get[0m[1;32m].[0m[1;32m[0m
[1;32m[Msg] [0m[1;32mResource path resolve service on [[0m[1;32m/gazebo/resource_paths/resolve[0m[1;32m].[0m[1;32m[0m
[1;32m[Msg] [0m[1;32mResource paths published on [[0m[1;32m/gazebo/resource_paths[0m[1;32m].[0m[1;32m[0m
[1;32m[Msg] [0m[1;32mServer control service on [[0m[1;32m/server_control[0m[1;32m].[0m[1;32m[0m
[1;32m[Msg] [0m[1;32mFound no publishers on /stats, adding root stats topic[0m[1;32m[0m
[1;32m[Msg] [0m[1;32mFound no publishers on /clock, adding root clock topic[0m[1;32m[0m
[1;36m[Dbg] [SimulationRunner.cc:627] [0m[1;36mCreating PostUpdate worker threads: [0m[1;36m11[0m[1;36m[0m
[1;36m[Dbg] [SimulationRunner.cc:638] [0m[1;36mCreating postupdate worker thread ([0m[1;36m0[0m[1;36m)[0m[1;36m[0m
[1;36m[Dbg] [SimulationRunner.cc:638] [0m[1;36mCreating postupdate worker thread ([0m[1;36m1[0m[1;36m)[0m[1;36m[0m
[1;36m[Dbg] [SimulationRunner.cc:638] [0m[1;36mCreating postupdate worker thread ([0m[1;36m2[0m[1;36m)[0m[1;36m[0m
[1;36m[Dbg] [SimulationRunner.cc:638] [0m[1;36mCreating postupdate worker thread ([0m[1;36m3[0m[1;36m)[0m[1;36m[0m
[1;36m[Dbg] [SimulationRunner.cc:638] [0m[1;36mCreating postupdate worker thread ([0m[1;36m4[0m[1;36m)[0m[1;36m[0m
[1;36m[Dbg] [SimulationRunner.cc:638] [0m[1;36mCreating postupdate worker thread ([0m[1;36m5[0m[1;36m)[0m[1;36m[0m
[1;36m[Dbg] [SimulationRunner.cc:638] [0m[1;36mCreating postupdate worker thread ([0m[1;36m6[0m[1;36m)[0m[1;36m[0m
[1;36m[Dbg] [SimulationRunner.cc:638] [0m[1;36mCreating postupdate worker thread ([0m[1;36m7[0m[1;36m)[0m[1;36m[0m
[1;36m[Dbg] [SimulationRunner.cc:638] [0m[1;36mCreating postupdate worker thread ([0m[1;36m8[0m[1;36m)[0m[1;36m[0m
[1;36m[Dbg] [SimulationRunner.cc:638] [0m[1;36mCreating postupdate worker thread ([0m[1;36m9[0m[1;36m)[0m[1;36m[0m
[1;36m[Dbg] [SimulationFeatures.cc:90] [0m[1;36mSimulation timestep set to: [0m[1;36m0.004[0m[1;36m[0m
[1;32m[Msg] [0m[1;32mServing scene information on [[0m[1;32m/world/default[0m[1;32m/[0m[1;32mscene/info[0m[1;32m][0m[1;32m[0m
[1;32m[Msg] [0m[1;32mServing graph information on [[0m[1;32m/world/default[0m[1;32m/[0m[1;32mscene/graph[0m[1;32m][0m[1;32m[0m
[1;32m[Msg] [0m[1;32mServing full state on [[0m[1;32m/world/default[0m[1;32m/[0m[1;32mstate[0m[1;32m][0m[1;32m[0m
[1;32m[Msg] [0m[1;32mServing full state (async) on [[0m[1;32m/world/default[0m[1;32m/[0m[1;32mstate_async[0m[1;32m][0m[1;32m[0m
[1;32m[Msg] [0m[1;32mPublishing scene information on [[0m[1;32m/world/default/scene/info[0m[1;32m][0m[1;32m[0m
[1;32m[Msg] [0m[1;32mPublishing entity deletions on [[0m[1;32m/world/default/scene/deletion[0m[1;32m][0m[1;32m[0m
[1;32m[Msg] [0m[1;32mPublishing state changes on [[0m[1;32m/world/default/state[0m[1;32m][0m[1;32m[0m
[1;32m[Msg] [0m[1;32mPublishing pose messages on [[0m[1;32m/world/default[0m[1;32m/[0m[1;32mpose/info[0m[1;32m][0m[1;32m[0m
[1;32m[Msg] [0m[1;32mPublishing dynamic pose messages on [[0m[1;32m/world/default[0m[1;32m/[0m[1;32mdynamic_pose/info[0m[1;32m][0m[1[1;32m[Msg] [0m[1;32mGazebo Sim GUI    v[0m[1;32m8.14.0[0m[1;32m[0m
[1;32m[Msg] [0m[1;32mDetected Wayland. Setting Qt to use the xcb plugin: [0m[1;32m'QT_QPA_PLATFORM=xcb'.[0m[1;32m[0m
[1;36m[Dbg] [Gui.cc:275] [0m[1;36mWaiting for subscribers to [[0m[1;36m/gazebo/starting_world[0m[1;36m]...[0m[1;36m[0m
[1;36m[Dbg] [Application.cc:96] [0m[1;36mInitializing application.[0m[1;36m[0m
[1;36m[Dbg] [Application.cc:170] [0m[1;36mQt using OpenGL graphics interface[0m[1;36m[0m
[1;36m[GUI] [Dbg] [Application.cc:657] [0m[1;36mCreate main window[0m[1;36m[0m
[1;36m[GUI] [Dbg] [PathManager.cc:68] [0m[1;36mRequesting resource paths through [[0m[1;36m/gazebo/resource_paths/get[0m[1;36m][0m[1;36m[0m
[1;36m[GUI] [Dbg] [Gui.cc:355] [0m[1;36mGUI requesting list of world names. The server may be busy [0m[1;36mdownloading resources. Please be patient.[0m[1;36m[0m
[1;36m[GUI] [Dbg] [PathManager.cc:57] [0m[1;36mReceived resource paths.[0m[1;36mReceived resource paths.[GUI] [Dbg] [Gui.cc:413] [0m[1;36mRequesting GUI from [[0m[1;36m[1;36m/world/default/gui/info[0m[1;36m]...[0m[1;36m[0m
[1;36m[GUI] [Dbg] [GuiRunner.cc:149] [0m[1;36mRequesting initial state from [[0m[1;36m/world/default/state[0m[1;36m]...[0m[1;36m[0m
[1;32m[GUI] [0m[1;32m[Msg] [0m[1;32mLoading config [[0m[1;32m/home/priyanshu/.gz/sim/8/gui.config[0m[1;32m][0m[1;32m[0m
[1;36m[GUI] [Dbg] [Application.cc:528] [0m[1;36mLoading plugin [[0m[1;36mMinimalScene[0m[1;36m][0m[1;36m[0m
[1;36m[GUI] [Dbg] [MinimalScene.cc:802] [0m[1;36mCreating gz-rendering interface for OpenGL[0m[1;36m[0m
[1;36m[GUI] [Dbg] [MinimalScene.cc:802] [0m[1;36mCreating gz-rendering interface for OpenGL[0m[1;36m[0m
[1;36m[GUI] [Dbg] [MinimalScene.cc:986] [0m[1;36mCreating render thread interface for OpenGL[0m[1;36m[0m
[1;36m[GUI] [Dbg] [MinimalScene.cc:802] [0m[1;36mCreating gz-rendering interface for OpenGL[0m[1;36m[0m
[1;36m[GUI] [Dbg] [MinimalScene.cc:986] [0m[1;36mCreating render thread interface for OpenGL[0m[1;36m[0m
[1;32m[GUI] [0m[1;32m[Msg] [0m[1;32mAdded plugin [[0m[1;32m3D View[0m[1;32m] to main window[0m[1;32m[0m
[1;32m[GUI] [0m[1;32m[Msg] [0m[1;32mLoaded plugin [[0m[1;32mMinimalScene[0m[1;32m] from path [[0m[1;32m/usr/lib/x86_64-linux-gnu/gz-gui-8/plugins/libMinimalScene.so[0m[1;32m][0m[1;32m[0m
[1;36m[GUI] [Dbg] [Application.cc:528] [0m[1;36mLoading plugin [[0m[1;36mEntityContextMenuPlugin[0m[1;36m][0m[1;36m[0m
[1;32m[GUI] [0m[1;32m[Msg] [0m[1;32mCurrently tracking topic on [[0m[1;32m/gui/currently_tracked[0m[1;32m][0m[1;32m[0m
[1;32m[GUI] [0m[1;32m[Msg] [0m[1;32mAdded plugin [[0m[1;32mEntity Context Menu[0m[1;32m] to main window[0m[1;32m[0m
[1;32m[GUI] [0m[1;32m[Msg] [0m[1;32mLoaded plugin [[0m[1;32mEntityContextMenuPlugin[0m[1;32m] from path [[0m[1;32m/usr/lib/x86_64-linux-gnu/gz-sim-8/plugins/gui/libEntityContextMenuPlugin.so[0m[1;32m][0m[1;32m[0m
[1;36m[GUI] [Dbg] [Application.cc:528] [0m[1;36mLoading plugin [[0m[1;36mGzSceneManager[0m[1;36m][0m[1;36m[0m
[1;32m[GUI] [0m[1;32m[Msg] [0m[1;32mAdded plugin [[0m[1;32mScene Manager[0m[1;32m] to main window[0m[1;32m[0m
[1;32m[GUI] [0m[1;32m[Msg] [0m[1;32mLoaded plugin [[0m[1;32mGzSceneManager[0m[1;32m] from path [[0m[1;32m/usr/lib/x86_64-linux-gnu/gz-sim-8/plugins/gui/libGzSceneManager.so[0m[1;32m][0m[1;32m[0m
[1;36m[GUI] [Dbg] [Application.cc:528] [0m[1;36mLoading plugin [[0m[1;36mInteractiveViewControl[0m[1;36m][0m[1;36m[0m
[1;32m[GUI] [0m[1;32m[Msg] [0m[1;32mCamera view controller topic advertised on [[0m[1;32m/gui/camera/view_control[0m[1;32m][0m[1;32m[0m
[1;32m[GUI] [0m[1;32m[Msg] [0m[1;32mCamera reference visual topic advertised on [[0m[1;32m/gui/camera/view_control/reference_visual[0m[1;32m][0m[1;32m[0m
[1;32m[GUI] [0m[1;32m[Msg] [0m[1;32mCamera view control sensitivity advertised on [[0m[1;32m/gui/camera/view_control/sensitivity[0m[1;32m][0m[1;32m[0m
[1;32m[GUI] [0m[1;32m[Msg] [0m[1;32mAdded plugin [[0m[1;32mInteractive view control[0m[1;32m] to main window[0m[1;32m[0m
[1;32m[GUI] [0m[1;32m[Msg] [0m[1;32mLoaded plugin [[0m[1;32mInteractiveViewControl[0m[1;32m] from path [[0m[1;32m/usr/lib/x86_64-linux-gnu/gz-gui-8/plugins/libInteractiveViewControl.so[0m[1;32m][0m[1;32m[0m
[1;36m[GUI] [Dbg] [Application.cc:528] [0m[1;36mLoading plugin [[0m[1;36mCameraTracking[0m[1;36m][0m[1;36m[0m
[1;32m[GUI] [0m[1;32m[Msg] [0m[1;32mAdded plugin [[0m[1;32mCamera tracking[0m[1;32m] to main window[0m[1;32m[0m
[1;32m[GUI] [0m[1;32m[Msg] [0m[1;32mLoaded plugin [[0m[1;32mCameraTracking[0m[1;32m] from path [[0m[1;32m/usr/lib/x86_64-linux-gnu/gz-gui-8/plugins/libCameraTracking.so[0m[1;32m][0m[1;32m[0m
[1;36m[GUI] [Dbg] [Application.cc:528] [0m[1;36mLoading plugin [[0m[1;36mMarkerManager[0m[1;36m][0m[1;36m[0m
[1;32m[GUI] [0m[1;32m[Msg] [0m[1;32mListening to stats on [[0m[1;32m/world/default/stats[0m[1;32m][0m[1;32m[0m
[1;32m[GUI] [0m[1;32m[Msg] [0m[1;32mAdded plugin [[0m[1;32mMarker Manager[0m[1;32m] to main window[0m[1;32m[0m
[1;32m[GUI] [0m[1;32m[Msg] [0m[1;32mLoaded plugin [[0m[1;32mMarkerManager[0m[1;32m] from path [[0m[1;32m/usr/lib/x86_64-linux-gnu/gz-gui-8/plugins/libMarkerManager.so[0m[1;32m][0m[1;32m[0m
[1;36m[GUI] [Dbg] [Application.cc:528] [0m[1;36mLoading plugin [[0m[1;36mSelectEntities[0m[1;36m][0m[1;36m[0m
[1;32m[GUI] [0m[1;32m[Msg] [0m[1;32mAdded plugin [[0m[1;32mSelect entities[0m[1;32m] to main window[0m[1;32m[0m
[1;32m[GUI] [0m[1;32m[Msg] [0m[1;32mLoaded plugin [[0m[1;32mSelectEntities[0m[1;32m] from path [[0m[1;32m/usr/lib/x86_64-linux-gnu/gz-sim-8/plugins/gui/libSelectEntities.so[0m[1;32m][0m[1;32m[0m
[1;36m[GUI] [Dbg] [Application.cc:528] [0m[1;36mLoading plugin [[0m[1;36mSpawn[0m[1;36m][0m[1;36m[0m
[1;32m[GUI] [0m[1;32m[Msg] [0m[1;32mAdded plugin [[0m[1;32mSpawn[0m[1;32m] to main window[0m[1;32m[0m
[1;32m[GUI] [0m[1;32m[Msg] [0m[1;32mLoaded plugin [[0m[1;32mSpawn[0m[1;32m] from path [[0m[1;32m/usr/lib/x86_64-linux-gnu/gz-sim-8/plugins/gui/libSpawn.so[0m[1;32m][0m[1;32m[0m
[1;36m[GUI] [Dbg] [Application.cc:528] [0m[1;36mLoading plugin [[0m[1;36mVisualizationCapabilities[0m[1;36m][0m[1;36m[0m
[1;32m[GUI] [0m[1;32m[Msg] [0m[1;32mView as transparent service on [[0m[1;32m/gui/view/transparent[0m[1;32m][0m[1;32m[0m
[1;32m[GUI] [0m[1;32m[Msg] [0m[1;32mView as wireframes service on [[0m[1;32m/gui/view/wireframes[0m[1;32m][0m[1;32m[0m
[1;32m[GUI] [0m[1;32m[Msg] [0m[1;32mView center of mass service on [[0m[1;32m/gui/view/com[0m[1;32m][0m[1;32m[0m
[1;32m[GUI] [0m[1;32m[Msg] [0m[1;32mView inertia service on [[0m[1;32m/gui/view/inertia[0m[1;32m][0m[1;32m[0m
[1;32m[GUI] [0m[1;32m[Msg] [0m[1;32mView collisions service on [[0m[1;32m/gui/view/collisions[0m[1;32m][0m[1;32m[0m
[1;32m[GUI] [0m[1;32m[Msg] [0m[1;32mView joints service on [[0m[1;32m/gui/view/joints[0m[1;32m][0m[1;32m[0m
[1;32m[GUI] [0m[1;32m[Msg] [0m[1;32mView frames service on [[0m[1;32m/gui/view/frames[0m[1;32m][0m[1;32m[0m
[1;32m[GUI] [0m[1;32m[Msg] [0m[1;32mAdded plugin [[0m[1;32mVisualization capabilities[0m[1;32m] to main window[0m[1;32m[0m
[1;32m[GUI] [0m[1;32m[Msg] [0m[1;32mLoaded plugin [[0m[1;32mVisualizationCapabilities[0m[1;32m] from path [[0m[1;32m/usr/lib/x86_64-linux-gnu/gz-sim-8/plugins/gui/libVisualizationCapabilities.so[0m[1;32m][0m[1;32m[0m
[1;36m[GUI] [Dbg] [Application.cc:528] [0m[1;36mLoading plugin [[0m[1;36mWorldControl[0m[1;36m][0m[1;36m[0m
[1;32m[GUI] [0m[1;32m[Msg] [0m[1;32mUsing world control service [[0m[1;32m/world/default/control[0m[1;32m][0m[1;32m[0m
[1;32m[GUI] [0m[1;32m[Msg] [0m[1;32mListening to stats on [[0m[1;32m/world/default/stats[0m[1;32m][0m[1;32m[0m
[1;36m[GUI] [Dbg] [WorldControl.cc:237] [0m[1;36mUsing an event to share WorldControl msgs with th[1;33m[GUI] [Wrn] [Application.cc:908] [0m[1;33m[QT] file::/ComponentInspector/ComponentInspector.qml:183:22: QML Image: Error decoding: qrc:/Gazebo/images/unlock.svg: Unsupported image format[0m[1;33m[0m
e server[0m
[1;32m[GUI] [0m[1;32m[Msg] [0m[1;32mAdded plugin [[0m[1;32mWorld control[0m[1;32m] to main window[0m[1;32m[0m
[1;32m[GUI] [0m[1;32m[Msg] [0m[1;32mLoaded plugin [[0m[1;32mWorldControl[0m[1;32m] from path [[0m[1;32m/usr/lib/x86_64-linux-gnu/gz-gui-8/plugins/libWorldControl.so[0m[1;32m][0m[1;32m[0m
[1;36m[GUI] [Dbg] [Application.cc:528] [0m[1;36mLoading plugin [[0m[1;36mWorldStats[0m[1;36m][0m[1;36m[0m
[1;32m[GUI] [0m[1;32m[Msg] [0m[1;32mListening to stats on [[0m[1;32m/world/default/stats[0m[1;32m][0m[1;32m[0m
[1;32m[GUI] [0m[1;32m[Msg] [0m[1;32mAdded plugin [[0m[1;32mWorld stats[0m[1;32m] to main window[0m[1;32m[0m
[1;32m[GUI] [0m[1;32m[Msg] [0m[1;32mLoaded plugin [[0m[1;32mWorldStats[0m[1;32m] from path [[0m[1;32m/usr/lib/x86_64-linux-gnu/gz-gui-8/plugins/libWorldStats.so[0m[1;32m][0m[1;32m[0m
[1;36m[GUI] [Dbg] [Application.cc:528] [0m[1;36mLoading plugin [[0m[1;36mShapes[0m[1;36m][0m[1;36m[0m
[1;32m[GUI] [0m[1;32m[Msg] [0m[1;32mAdded plugin [[0m[1;32mShapes[0m[1;32m] to main window[0m[1;32m[0m
[1;32m[GUI] [0m[1;32m[Msg] [0m[1;32mLoaded plugin [[0m[1;32mShapes[0m[1;32m] from path [[0m[1;32m/usr/lib/x86_64-linux-gnu/gz-sim-8/plugins/gui/libShapes.so[0m[1;32m][0m[1;32m[0m
[1;36m[GUI] [Dbg] [Application.cc:528] [0m[1;36mLoading plugin [[0m[1;36mLights[0m[1;36m][0m[1;36m[0m
[1;32m[GUI] [0m[1;32m[Msg] [0m[1;32mAdded plugin [[0m[1;32mLights[0m[1;32m] to main window[0m[1;32m[0m
[1;32m[GUI] [0m[1;32m[Msg] [0m[1;32mLoaded plugin [[0m[1;32mLights[0m[1;32m] from path [[0m[1;32m/usr/lib/x86_64-linux-gnu/gz-sim-8/plugins/gui/libLights.so[0m[1;32m][0m[1;32m[0m
[1;36m[GUI] [Dbg] [Application.cc:528] [0m[1;36mLoading plugin [[0m[1;36mTransformControl[0m[1;36m][0m[1;36m[0m
[1;32m[GUI] [0m[1;32m[Msg] [0m[1;32mAdded plugin [[0m[1;32mTransform control[0m[1;32m] to main window[0m[1;32m[0m
[1;32m[GUI] [0m[1;32m[Msg] [0m[1;32mLoaded plugin [[0m[1;32mTransformControl[0m[1;32m] from path [[0m[1;32m/usr/lib/x86_64-linux-gnu/gz-sim-8/plugins/gui/libTransformControl.so[0m[1;32m][0m[1;32m[0m
[1;36m[GUI] [Dbg] [Application.cc:528] [0m[1;36mLoading plugin [[0m[1;36mScreenshot[0m[1;36m][0m[1;36m[0m
[1;32m[GUI] [0m[1;32m[Msg] [0m[1;32mScreenshot service on [[0m[1;32m/gui/screenshot[0m[1;32m][0m[1;32m[0m
[1;32m[GUI] [0m[1;32m[Msg] [0m[1;32mAdded plugin [[0m[1;32mScreenshot[0m[1;32m] to main window[0m[1;32m[0m
[1;32m[GUI] [0m[1;32m[Msg] [0m[1;32mLoaded plugin [[0m[1;32mScreenshot[0m[1;32m] from path [[0m[1;32m/usr/lib/x86_64-linux-gnu/gz-gui-8/plugins/libScreenshot.so[0m[1;32m][0m[1;32m[0m
[1;36m[GUI] [Dbg] [Application.cc:528] [0m[1;36mLoading plugin [[0m[1;36mCopyPaste[0m[1;36m][0m[1;36m[0m
[1;32m[GUI] [0m[1;32m[Msg] [0m[1;32mAdded plugin [[0m[1;32mCopy/Paste[0m[1;32m] to main window[0m[1;32m[0m
[1;32m[GUI] [0m[1;32m[Msg] [0m[1;32mLoaded plugin [[0m[1;32mCopyPaste[0m[1;32m] from path [[0m[1;32m/usr/lib/x86_64-linux-gnu/gz-sim-8/plugins/gui/libCopyPaste.so[0m[1;32m][0m[1;32m[0m
[1;36m[GUI] [Dbg] [Application.cc:528] [0m[1;36mLoading plugin [[0m[1;36mComponentInspector[0m[1;36m][0m[1;36m[0m
[1;32m[GUI] [0m[1;32m[Msg] [0m[1;32mAdded plugin [[0m[1;32mComponent inspector[0m[1;32m] to main window[0m[1;32m[0m
[1;32m[GUI] [0m[1;32m[Msg] [0m[1;32mLoaded plugin [[0m[1;32mComponentInspector[0m[1;32m] from path [[0m[1;32m/usr/lib/x86_64-linux-gnu/gz-sim-8/plugins/gui/libComponentInspector.so[0m[1;32m][0m[1;32m[0m
[1;36m[GUI] [Dbg] [Application.cc:528] [0m[1;36mLoading plugin [[0m[1;36mEntityTree[0m[1;36m][0m[1;36m[0m
[1;32m[GUI] [0m[1;32m[Msg] [0m[1;32mCurrently tracking topic on [[0m[1;32m/gui/currently_tracked[0m[1;32m][0m[1;32m[0m
[1;32m[GUI] [0m[1;32m[Msg] [0m[1;32mAdded plugin [[0m[1;32mEntity tree[0m[1;32m] to main window[0m[1;32m[0m
[1;32m[GUI] [0m[1;32m[Msg] [0m[1;32mLoaded plugin [[0m[1;32mE[1;33m[GUI] [Wrn] [Application.cc:908] [0m[1;33m[QT] qrc:/qml/GzPlotIcon.qml:55:3: QML Image: Error decoding: qrc:/qml/images/plottable_icon.svg: Unsupported image format[0m[1;33m[0m
[1;33m[GUI] [Wrn] [Application.cc:908] [0m[1;33m[QT] qrc:/qml/GzPlotIcon.qml:55:3: QML Image: Error decoding: qrc:/qml/images/plottable_icon.svg: Unsupported image format[0m[1;33m[0m
[1;33m[GUI] [Wrn] [Application.cc:908] [0m[1;33m[QT] qrc:/qml/GzPlotIcon.qml:55:3: QML Image: Error decoding: qrc:/qml/images/plottable_icon.svg: Unsupported image format[0m[1;33m[0m
[1;33m[GUI] [Wrn] [Application.cc:908] [0m[1;33m[QT] qrc:/qml/GzPlotIcon.qml:55:3: QML Image: Error decoding: qrc:/qml/images/plottable_icon.svg: Unsupported image format[0m[1;33m[0m
[1;33m[GUI] [Wrn] [Application.cc:908] [0m[1;33m[QT] qrc:/qml/GzPlotIcon.qml:55:3: QML Image: Error decoding: qrc:/qml/images/plottable_icon.svg: Unsupported image format[0m[1;33m[0m
[1;33m[GUI] [Wrn] [Application.cc:908] [0m[1;33m[QT] qrc:/qml/GzPlotIcon.qml:55:3: QML Image: Error decoding: qrc:/qml/images/plottable_icon.svg: Unsupported image format[0m[1;33m[0m
[1;33m[GUI] [Wrn] [Application.cc:908] [0m[1;33m[QT] file::/WorldStats/WorldStats.qml:53:3: QML RowLayout: Binding loop detected for property "x"[0m[1;33m[0m
[1;33m[GUI] [Wrn] [Application.cc:908] [0m[1;33m[QT] file::/EntityTree/EntityTree.qml:337:9: QML Image: Error decoding: qrc:/Gazebo/images/chevron-right.svg: Unsupported image format[0m[1;33m[0m
[1;33m[GUI] [Wrn] [Application.cc:908] [0m[1;33m[QT] file::/EntityTree/EntityTree.qml:337:9: QML Image: Error decoding: qrc:/Gazebo/images/chevron-right.svg: Unsupported image format[0m[1;33m[0m
;32m[0m
[1;36m[Dbg] [EntityComponentManager.cc:1671] [0m[1;36mUpdated state thread iterators: [0m[1;36m9[0m[1;36m threads processing around [0m[1;36m1[0m[1;36m entities each.[0m[1;36m[0m
[1;33mWarning [Utils.cc:132][0m [/sdf/model[@name="x500_base"]/link[@name="base_link"]/sensor[@name="air_pressure_sensor"]/gz_frame_id:/home/priyanshu/PX4/PX4-Autopilot/Tools/simulation/gz/models/x500_base/model.sdf:L219]: XML Element[gz_frame_id], child of element[sensor], not defined in SDF. Copying[gz_frame_id] as children of [sensor].
[1;33mWarning [Utils.cc:132][0m [/sdf/model[@name="x500_base"]/link[@name="base_link"]/sensor[@name="magnetometer_sensor"]/gz_frame_id:/home/priyanshu/PX4/PX4-Autopilot/Tools/simulation/gz/models/x500_base/model.sdf:L233]: XML Element[gz_frame_id], child of element[sensor], not defined in SDF. Copying[gz_frame_id] as children of [sensor].
[1;33mWarning [Utils.cc:132][0m [/sdf/model[@name="x500_base"]/link[@name="base_link"]/sensor[@name="imu_sensor"]/gz_frame_id:/home/priyanshu/PX4/PX4-Autopilot/Tools/simulation/gz/models/x500_base/model.sdf:L259]: XML Element[gz_frame_id], child of element[sensor], not defined in SDF. Copying[gz_frame_id] as children of [sensor].
[1;33mWarning [Utils.cc:132][0m [/sdf/model[@name="x500_base"]/link[@name="base_link"]/sensor[@name="navsat_sensor"]/gz_frame_id:/home/priyanshu/PX4/PX4-Autopilot/Tools/simulation/gz/models/x500_base/model.sdf:L311]: XML Element[gz_frame_id], child of element[sensor], not defined in SDF. Copying[gz_frame_id] as children of [sensor].
[1;33m[Wrn] [SdfEntityCreator.cc:933] [0m[1;33mGazebo does not support Ogre material scripts. See [0m[1;33mhttps://gazebosim.org/api/sim/8/migrationsdf.html#:~:text=Materials [0m[1;33mfor details.[0m[1;33m[0m
[1;33m[Wrn] [SdfEntityCreator.cc:949] [0m[1;33mUsing an internal gazebo.material to parse [0m[1;33mGazebo/DarkGrey[0m[1;33m[0m
[1;33m[Wrn] [SdfEntityCreator.cc:933] [0m[1;33mGazebo does not support Ogre material scripts. See [0m[1;33mhttps://gazebosim.org/api/sim/8/migrationsdf.html#:~:text=Materials [0m[1;33mfor details.[0m[1;33m[0m
[1;33m[Wrn] [SdfEntityCreator.cc:949] [0m[1;33mUsing an internal gazebo.material to parse [0m[1;33mGazebo/DarkGrey[0m[1;33m[0m
[1;33m[Wrn] [SdfEntityCreator.cc:933] [0m[1;33mGazebo does not support Ogre material scripts. See [0m[1;33mhttps://gazebosim.org/api/sim/8/migrationsdf.html#:~:text=Materials [0m[1;33mfor details.[0m[1;33m[0m
[1;33m[Wrn] [SdfEntityCreator.cc:949] [0m[1;33mUsing an internal gazebo.material to parse [0m[1;33mGazebo/DarkGrey[0m[1;33m[0m
[1;33m[Wrn] [SdfEntityCreator.cc:933] [0m[1;33mGazebo does not support Ogre material scripts. See [0m[1;33mhttps://gazebosim.org/api/sim/8/migrationsdf.html#:~:text=Materials [0m[1;33mfor details.[0m[1;33m[0m
[1;33m[Wrn] [SdfEntityCreator.cc:949] [0m[1;33mUsing an internal gazebo.material to parse [0m[1;33mGazebo/DarkGrey[0m[1;33m[0m
[1;33m[Wrn] [MulticopterMotorModel.cc:257] [0m[1;33mNo robotNamespace set using entity name.[0m
[1;33m[Wrn] [MulticopterMotorModel.cc:295] [0m[1;33m<motorNumber> is depricated, [0m[1;33mplease use <actuator_number>.[0m
[1;33m[Wrn] [MulticopterMotorModel.cc:257] [0m[1;33mNo robotNamespace set using entity name.[0m
[1;33m[Wrn] [MulticopterMotorModel.cc:295] [0m[1;33m<motorNumber> is depricated, [0m[1;33mplease use <actuator_number>.[0m
[1;33m[Wrn] [MulticopterMotorModel.cc:257] [0m[1;33mNo robotNamespace set using entity name.[0m
[1;33m[Wrn] [MulticopterMotorModel.cc:295] [0m[1;33m<motorNumber> is depricated, [0m[1;33mplease use <actuator_number>.[0m
[1;33m[Wrn] [MulticopterMotorModel.cc:257] [0m[1;33mNo robotNamespace set using entity name.[0m
[1;33m[Wrn] [MulticopterMotorModel.cc:295] [0m[1;33m<motorNumber> is depricated, [0m[1;33mplease use <actuator_number>.[0m
[1;36m[Dbg] [MulticopterMotorModel.cc:386] [0m[1;36mListening to topic: [0m[1;36mx500_0/command/motor_speed[0m[1;36m[0m
[1;36m[Dbg] [SystemManager.cc:80] [0m[1;36mLoaded system [[0m[1;36mgz::sim::systems::MulticopterMotorModel[0m[1;36m] for entity [[0m[1;36m10[0m[1;36m][0m[1;36m[0m
[1;36m[Dbg] [MulticopterMotorModel.cc:386] [0m[1;36mListening to topic: [0m[1;36mx500_0/command/motor_speed[0m[1;36m[0m
[1;36m[Dbg] [SystemManager.cc:80] [0m[1;36mLoaded system [[0m[1;36mgz::sim::systems::MulticopterMotorModel[0m[1;36m] for entity [[0m[1;36m10[0m[1;36m][0m[1;36m[0m
[1;36m[Dbg] [MulticopterMotorModel.cc:386] [0m[1;36mListening to topic: [0m[1;36mx500_0/command/motor_speed[0m[1;36m[0m
[1;36m[Dbg] [SystemManager.cc:80] [0m[1;36mLoaded system [[0m[1;36mgz::sim::systems::MulticopterMotorModel[0m[1;36m] for entity [[0m[1;36m10[0m[1;36m][0m[1;36m[0m
[1;36m[Dbg] [MulticopterMotorModel.cc:386] [0m[1;36mListening to topic: [0m[1;36mx500_0/command/motor_speed[0m[1;36m[0m
[1;36m[Dbg] [SystemManager.cc:80] [0m[1;36mLoaded system [[0m[1;36mgz::sim::systems::MulticopterMotorModel[0m[1;36m] for entity [[0m[1;36m10[0m[1;36m][0m[1;36m[0m
[1;32m[Msg] [0m[1;32m[MotorFailureSystem] Subscribed to Gazebo Transport topic: [0m[1;32m/model/x500_0/motor_failure/motor_number[0m[1;32m[0m
[1;32m[Msg] [0m[1;32m[MotorFailureSystem] Initialized for model: [0m[1;32mx500_0[0m[1;32m[0m
[1;36m[Dbg] [SystemManager.cc:80] [0m[1;36mLoaded system [[0m[1;36mgz::sim::systems::MotorFailureSystem[0m[1;36m] for entity [[0m[1;36m10[0m[1;36m][0m[1;36m[0m
[1;36m[Dbg] [UserCommands.cc:1094] [0m[1;36mCreated entity [[0m[1;36m10[0m[1;36m] named [[0m[1;36mx500_0[0m[1;36m][0m[1;36m[0m
[1;36m[Dbg] [ImuSensor.cc:150] [0m[1;36mIMU data for [[0m[1;36mx500_0::base_link::imu_sensor[0m[1;36m] advertised on [[0m[1;36mworld/default/model/x500_0/link/base_link/sensor/imu_sensor/imu[0m[1;36m][0m[1;36m[0m
[1;36m[Dbg] [MagnetometerSensor.cc:117] [0m[1;36mMagnetometer data for [[0m[1;36mx500_0::base_link::magnetometer_sensor[0m[1;36m] advertised on [[0m[1;36mworld/default/model/x500_0/link/base_link/sensor/magnetometer_sensor/magnetometer[0m[1;36m][0m[1;36m[0m
[1;36m[Dbg] [AirPressureSensor.cc:126] [0m[1;36mAir pressure for [[0m[1;36mx500_0::base_link::air_pressure_sensor[0m[1;36m] advertised on [[0m[1;36mworld/default/model/x500_0/link/base_link/sensor/air_pressure_sensor/air_pressure[0m[1;36m][0m[1;36m[0m
[1;36m[Dbg] [SimulationRunner.cc:654] [0m[1;36mExiting postupdate worker thread ([0m[1;36m3[0m[1;36m)[0m[1;36m[0m
[1;36m
[Dbg] [SimulationRunner.cc:654] [0m[1;36mExiting postupdate worker thread ([0m[1;36m4[0m[1;36m)[0m[1;36m[0m
[1;36m
[Dbg] [SimulationRunner.cc:654] [0m[1;36m
[Dbg] [SimulationRunner.cc:654] [Dbg] [SimulationRunner.cc:654] [Dbg] [SimulationRunner.cc:654] [0m[1;36m7[Dbg] [SimulationRunner.cc:654] Exiting postupdate worker thread ([0m[1;36m7[Dbg] [SimulationRunner.cc:654] Exiting postupdate worker thread ([0m[1;36m[Dbg] [SimulationRunner.cc:654] [0m[1;36m7[Dbg] [SimulationRunner.cc:654] Exiting postupdate worker thread ([0m[1;36m7[Dbg] [SimulationRunner.cc:654] Exiting postupdate worker thread ([0m[1;36m[Dbg] [SimulationRunner.cc:654] Exiting postupdate worker thread ([0m[1;36mExiting postupdate worker thread ([0m[1;36mExiting postupdate worker thread ([0m[1;36mExiting postupdate worker thread ([0m[1;36m0[0m[1;36m[Dbg] [SimulationRunner.cc:654] [0m[1;36m9[0m[1;36m01[0m[1;36m))Exiting postupdate worker thread ([0m[1;36m))Exiting postupdate worker thread ([0m[1;36m)6[0m[1;36m)[0m[1;36m))Exiting postupdate worker thread ([0m[1;36m)6[0m[1;36m[0m
[1;36m))Exiting postupdate worker thread ([0m[1;36m[0m
[1;36m[0m
[1;36m5[0m[1;36m[0m
[1;36m[0m
[1;36m[0m
[1;36m[0m
[1;36m)[0m[1;36m[0m
[1;36m5[0m[1;36m)[0m[1;36m[0m
[1;36m[Dbg] [SimulationRunner.cc:627] [0m[1;36mCreating PostUpdate worker threads: [0m[1;36m11[0m[1;36m[0m
ntityTree[0m[1;32m] from path [[0m[1;32m/usr/lib/x86_64-linux-gnu/gz-sim-8/plugins/gui/libEntityTree.so[0m[1;32m][0m[1;32m[0m
[1;36m[GUI] [Dbg] [Application.cc:398] [0m[1;36mLoading window config[0m[1;36m[0m
[1;32m[GUI] [0m[1;32m[Msg] [0m[1;32mUsing server control service [[0m[1;32m/server_control[0m[1;32m][0m[1;32m[0m
[1;36m[GUI] [Dbg] [Application.cc:671] [0m[1;36mApplying config[0m[1;36m[0m
[1;36m[GUI] [Dbg] [MinimalScene.cc:802] [0m[1;36mCreating gz-rendering interface for OpenGL[0m[1;36m[0m
[1;36m[GUI] [Dbg] [MinimalScene.cc:986] [0m[1;36mCreating render thread interface for OpenGL[0m[1;36m[0m
[1;32m[GUI] [0m[1;32m[Msg] [0m[1;32mLoading plugin [[0m[1;32mgz-rendering-ogre2[0m[1;32m][0m[1;32m[0m
[1;36m[GUI] [Dbg] [MinimalScene.cc:749] [0m[1;36mCreate scene [[0m[1;36mscene[0m[1;36m][0m[1;36m[0m
[1;36m[GUI] [Dbg] [MinimalScene.cc:1037] [0m[1;36mCreating texture node render interface for OpenGL[0m[1;36m[0m
[1;36m[GUI] [Dbg] [TransformControl.cc:453] [0m[1;36mTransformControl plugin is using camera [[0m[1;36mscene::Camera(65527)[0m[1;36m][0m[1;36m[0m
[1;36m[GUI] [Dbg] [Spawn.cc:308] [0m[1;36mSpawn plugin is using camera [[0m[1;36mscene::Camera(65527)[0m[1;36m][0m[1;36m[0m
[1;36m[GUI] [Dbg] [SelectEntities.cc:452] [0m[1;36mSelectEntities plugin is using camera [[0m[1;36mscene::Camera(65527)[0m[1;36m][0m[1;36m[0m
[1;36m[GUI] [Dbg] [MarkerManager.cc:169] [0m[1;36mAdvertise [0m[1;36m/marker[0m[1;36m/list service.[0m
[1;36m[GUI] [Dbg] [MarkerManager.cc:179] [0m[1;36mAdvertise [0m[1;36m/marker[0m[1;36m/list.[0m
[1;36m[GUI] [Dbg] [MarkerManager.cc:189] [0m[1;36mAdvertise [0m[1;36m/marker[0m[1;36m_array.[0m
[1;36m[GUI] [Dbg] [CameraTracking.cc:205] [0m[1;36mCameraTrackingPrivate plugin is moving camera [[0m[1;36mscene::Camera(65527)[0m[1;36m][0m[1;36m[0m
[1;32m[GUI] [0m[1;32m[Msg] [0m[1;32mMove to service on [[0m[1;32m/gui/move_to[0m[1;32m][0m[1;32m[0m
[1;32m[GUI] [0m[1;32m[Msg] [0m[1;32mFollow service on [[0m[1;32m/gui/follow[0m[1;32m] (deprecated)[0m[1;32m[0m
[1;32m[GUI] [0m[1;32m[Msg] [0m[1;32mTracking topic on [[0m[1;32m/gui/track[0m[1;32m][0m[1;32m[0m
[1;32m[GUI] [0m[1;32m[Msg] [0m[1;32mTracking status topic on [[0m[1;32m/gui/currently_tracked[0m[1;32m][0m[1;32m[0m
[1;32m[GUI] [0m[1;32m[Msg] [0m[1;32mMove to pose service on [[0m[1;32m/gui/move_to/pose[0m[1;32m][0m[1;32m[0m
[1;32m[GUI] [0m[1;32m[Msg] [0m[1;32mCamera pose topic advertised on [[0m[1;32m/gui/camera/pose[0m[1;32m][0m[1;32m[0m
[1;32m[GUI] [0m[1;32m[Msg] [0m[1;32mFollow offset service on [[0m[1;32m/gui/follow/offset[0m[1;32m] (deprecated)[0m[1;32m[0m
[1;36m[GUI] [Dbg] [InteractiveViewControl.cc:176] [0m[1;36mInteractiveViewControl plugin is moving camera [[0m[1;36mscene::Camera(65527)[0m[1;36m][0m[1;36m[0m
[1;36m[GUI] [Dbg] [EntityContextMenuPlugin.cc:79] [0m[1;36mEntity context menu plugin is using camera [[0m[1;36mscene::Camera(65527)[0m[1;36m][0m[1;36m[0m
[1;33mWarning [Utils.cc:132][0m [/sdf/model[@name="x500"]/link[@name="base_link"]/sensor[@name="air_pressure_sensor"]/gz_frame_id:<data-string>:L232]: XML Element[gz_frame_id], child of element[sensor], not defined in SDF. Copying[gz_frame_id] as children of [sensor].
[1;33mWarning [Utils.cc:132][0m [/sdf/model[@name="x500"]/link[@name="base_link"]/sensor[@name="magnetometer_sensor"]/gz_frame_id:<data-string>:L254]: XML Element[gz_frame_id], child of element[sensor], not defined in SDF. Copying[gz_frame_id] as children of [sensor].
[1;33mWarning [Utils.cc:132][0m [/sdf/model[@name="x500"]/link[@name="base_link"]/sensor[@name="imu_sensor"]/gz_frame_id:<data-string>:L301]: XML Element[gz_frame_id], child of element[sensor], not defined in SDF. Copying[gz_frame_id] as children of [sensor].
[1;33mWarning [Utils.cc:132][0m [/sdf/model[@name="x500"]/link[@name="base_link"]/sensor[@name="navsat_sensor"]/gz_frame_id:<data-string>:L306]: XML Element[gz_frame_id], child of element[sensor], not defined in SDF. Copying[gz_frame_id] as children of [sensor].
[1;33m[GUI] [Wrn] [Application.cc:908] [0m[1;33m[QT] file::/EntityTree/EntityTree.qml:337:9: QML Image: Error decoding: qrc:/Gazebo/images/chevron-right.svg: Unsupported image format[0m[1;33m[0m
[1;36m[Dbg] [SimulationRunner.cc:638] [0m[1;36mCreating postupdate worker thread ([0m[1;36m0[0m[1;36m)[0m[1;36m[0m
[1;36m[Dbg] [SimulationRunner.cc:638] [0m[1;36mCreating postupdate worker thread ([0m[1;36m1[0m[1;36m)[0m[1;36m[0m
[1;36m[Dbg] [SimulationRunner.cc:638] [0m[1;36mCreating postupdate worker thread ([0m[1;36m2[0m[1;36m)[0m[1;36m[0m
[1;36m[Dbg] [SimulationRunner.cc:638] [0m[1;36mCreating postupdate worker thread ([0m[1;36m3[0m[1;36m)[0m[1;36m[0m
[1;36m[Dbg] [SimulationRunner.cc:638] [0m[1;36mCreating postupdate worker thread ([0m[1;36m4[0m[1;36m)[0m[1;36m[0m
[1;36m[Dbg] [SimulationRunner.cc:638] [0m[1;36mCreating postupdate worker thread ([0m[1;36m5[0m[1;36m)[0m[1;36m[0m
[1;36m[Dbg] [SimulationRunner.cc:638] [0m[1;36mCreating postupdate worker thread ([0m[1;36m6[0m[1;36m)[0m[1;36m[0m
[1;36m[Dbg] [SimulationRunner.cc:638] [0m[1;36mCreating postupdate worker thread ([0m[1;36m7[0m[1;36m)[0m[1;36m[0m
[1;36m[Dbg] [SimulationRunner.cc:638] [0m[1;36mCreating postupdate worker thread ([0m[1;36m8[0m[1;36m)[0m[1;36m[0m
[1;36m[Dbg] [SimulationRunner.cc:638] [0m[1;36mCreating postupdate worker thread ([0m[1;36m9[0m[1;36m)[0m[1;36m[0m
[1;36m[Dbg] [MotorFailureSystem.cpp:115] [0m[1;36m[MotorFailureSystem] Found motor [0m[1;36m0[0m[1;36m: [0m[1;36mrotor_0_joint[0m[1;36m[0m
[1;36m[Dbg] [MotorFailureSystem.cpp:115] [0m[1;36m[MotorFailureSystem] Found motor [0m[1;36m1[0m[1;36m: [0m[1;36mrotor_1_joint[0m[1;36m[0m
[1;36m[Dbg] [MotorFailureSystem.cpp:115] [0m[1;36m[MotorFailureSystem] Found motor [0m[1;36m2[0m[1;36m: [0m[1;36mrotor_2_joint[0m[1;36m[0m
[1;36m[Dbg] [MotorFailureSystem.cpp:115] [0m[1;36m[MotorFailureSystem] Found motor [0m[1;36m3[0m[1;36m: [0m[1;36mrotor_3_joint[0m[1;36m[0m
[1;32m[Msg] [0m[1;32m[MotorFailureSystem] Found [0m[1;32m4[0m[1;32m motor joints[0m[1;32m[0m
[1;33mWarning [Utils.cc:132][0m [/sdf/model[@name="x500_base"]/link[@name="base_link"]/sensor[@name="air_pressure_sensor"]/gz_frame_id:/home/priyanshu/PX4/PX4-Autopilot/Tools/simulation/gz/models/x500_base/model.sdf:L219]: XML Element[gz_frame_id], child of element[sensor], not defined in SDF. Copying[gz_frame_id] as children of [sensor].
[1;33mWarning [Utils.cc:132][0m [/sdf/model[@name="x500_base"]/link[@name="base_link"]/sensor[@name="magnetometer_sensor"]/gz_frame_id:/home/priyanshu/PX4/PX4-Autopilot/Tools/simulation/gz/models/x500_base/model.sdf:L233]: XML Element[gz_frame_id], child of element[sensor], not defined in SDF. Copying[gz_frame_id] as children of [sensor].
[1;33mWarning [Utils.cc:132][0m [/sdf/model[@name="x500_base"]/link[@name="base_link"]/sensor[@name="imu_sensor"]/gz_frame_id:/home/priyanshu/PX4/PX4-Autopilot/Tools/simulation/gz/models/x500_base/model.sdf:L259]: XML Element[gz_frame_id], child of element[sensor], not defined in SDF. Copying[gz_frame_id] as children of [sensor].
[1;33mWarning [Utils.cc:132][0m [/sdf/model[@name="x500_base"]/link[@name="base_link"]/sensor[@name="navsat_sensor"]/gz_frame_id:/home/priyanshu/PX4/PX4-Autopilot/Tools/simulation/gz/models/x500_base/model.sdf:L311]: XML Element[gz_frame_id], child of element[sensor], not defined in SDF. Copying[gz_frame_id] as children of [sensor].
[1;33m[Wrn] [SdfEntityCreator.cc:933] [0m[1;33mGazebo does not support Ogre material scripts. See [0m[1;33mhttps://gazebosim.org/api/sim/8/migrationsdf.html#:~:text=Materials [0m[1;33mfor details.[0m[1;33m[0m
[1;33m[Wrn] [SdfEntityCreator.cc:949] [0m[1;33mUsing an internal gazebo.material to parse [0m[1;33mGazebo/DarkGrey[0m[1;33m[0m
[1;33m[Wrn] [SdfEntityCreator.cc:933] [0m[1;33mGazebo does not support Ogre material scripts. See [0m[1;33mhttps://gazebosim.org/api/sim/8/migrationsdf.html#:~:text=Materials [0m[1;33mfor details.[0m[1;33m[0m
[1;33m[Wrn] [SdfEntityCreator.cc:949] [0m[1;33mUsing an internal gazebo.material to parse [0m[1;33mGazebo/DarkGrey[0m[1;33m[0m
[1;33m[Wrn] [SdfEntityCreator.cc:933] [0m[1;33mGazebo does not support Ogre material scripts. See [0m[1;33mhttps://gazebosim.org/api/sim/8/migrationsdf.html#:~:text=Materials [0m[1;33mfor details.[0m[1;33m[0m
[1;33m[Wrn] [SdfEntityCreator.cc:949] [0m[1;33mUsing an internal gazebo.material to parse [0m[1;33mGazebo/DarkGrey[0m[1;33m[0m
[1;33m[Wrn] [SdfEntityCreator.cc:933] [0m[1;33mGazebo does not support Ogre material scripts. See [0m[1;33mhttps://gazebosim.org/api/sim/8/migrationsdf.html#:~:text=Materials [0m[1;33mfor details.[0m[1;33m[0m
[1;33m[Wrn] [SdfEntityCreator.cc:949] [0m[1;33mUsing an internal gazebo.material to parse [0m[1;33mGazebo/DarkGrey[0m[1;33m[0m
[1;33m[Wrn] [MulticopterMotorModel.cc:257] [0m[1;33mNo robotNamespace set using entity name.[0m
[1;33m[Wrn] [MulticopterMotorModel.cc:295] [0m[1;33m<motorNumber> is depricated, [0m[1;33mplease use <actuator_number>.[0m
[1;33m[Wrn] [MulticopterMotorModel.cc:257] [0m[1;33mNo robotNamespace set using entity name.[0m
[1;33m[Wrn] [MulticopterMotorModel.cc:295] [0m[1;33m<motorNumber> is depricated, [0m[1;33mplease use <actuator_number>.[0m
[1;33m[Wrn] [MulticopterMotorModel.cc:257] [0m[1;33mNo robotNamespace set using entity name.[0m
[1;33m[Wrn] [MulticopterMotorModel.cc:295] [0m[1;33m<motorNumber> is depricated, [0m[1;33mplease use <actuator_number>.[0m
[1;33m[Wrn] [MulticopterMotorModel.cc:257] [0m[1;33mNo robotNamespace set using entity name.[0m
[1;33m[Wrn] [MulticopterMotorModel.cc:295] [0m[1;33m<motorNumber> is depricated, [0m[1;33mplease use <actuator_number>.[0m
[1;36m[Dbg] [MulticopterMotorModel.cc:386] [0m[1;36mListening to topic: [0m[1;36mx500_1/command/motor_speed[0m[1;36m[0m
[1;36m[Dbg] [SystemManager.cc:80] [0m[1;36mLoaded system [[0m[1;36mgz::sim::systems::MulticopterMotorModel[0m[1;36m] for entity [[0m[1;36m49[0m[1;36m][0m[1;36m[0m
[1;36m[Dbg] [MulticopterMotorModel.cc:386] [0m[1;36mListening to topic: [0m[1;36mx500_1/command/motor_speed[0m[1;36m[0m
[1;36m[Dbg] [SystemManager.cc:80] [0m[1;36mLoaded system [[0m[1;36mgz::sim::systems::MulticopterMotorModel[0m[1;36m] for entity [[0m[1;36m49[0m[1;36m][0m[1;36m[0m
[1;36m[Dbg] [MulticopterMotorModel.cc:386] [0m[1;36mListening to topic: [0m[1;36mx500_1/command/motor_speed[0m[1;36m[0m
[1;36m[Dbg] [SystemManager.cc:80] [0m[1;36mLoaded system [[0m[1;36mgz::sim::systems::MulticopterMotorModel[0m[1;36m] for entity [[0m[1;36m49[0m[1;36m][0m[1;36m[0m
[1;36m[Dbg] [MulticopterMotorModel.cc:386] [0m[1;36mListening to topic: [0m[1;36mx500_1/command/motor_speed[0m[1;36m[0m
[1;36m[Dbg] [SystemManager.cc:80] [0m[1;36mLoaded system [[0m[1;36mgz::sim::systems::MulticopterMotorModel[0m[1;36m] for entity [[0m[1;36m49[0m[1;36m][0m[1;36m[0m
[1;32m[Msg] [0m[1;32m[MotorFailureSystem] Subscribed to Gazebo Transport topic: [0m[1;32m/model/x500_1/motor_failure/motor_number[0m[1;32m[0m
[1;32m[Msg] [0m[1;32m[MotorFailureSystem] Initialized for model: [0m[1;32mx500_1[0m[1;32m[0m
[1;36m[Dbg] [SystemManager.cc:80] [0m[1;36mLoaded system [[0m[1;36mgz::sim::systems::MotorFailureSystem[0m[1;36m] for entity [[0m[1;36m49[0m[1;36m][0m[1;36m[0m
[1;36m[Dbg] [UserCommands.cc:1094] [0m[1;36mCreated entity [[0m[1;36m49[0m[1;36m] named [[0m[1;36mx500_1[0m[1;36m][0m[1;36m[0m
[1;36m[Dbg] [AirPressureSensor.cc:126] [0m[1;36mAir pressure for [[0m[1;36mx500_1::base_link::air_pressure_sensor[0m[1;36m] advertised on [[0m[1;36mworld/default/model/x500_1/link/base_link/sensor/air_pressure_sensor/air_pressure[0m[1;36m][0m[1;36m[0m
[1;36m[Dbg] [MagnetometerSensor.cc:117] [0m[1;36mMagnetometer data for [[0m[1;36mx500_1::base_link::magnetometer_sensor[0m[1;36m] advertised on [[0m[1;36mworld/default/model/x500_1/link/base_link/sensor/magnetometer_sensor/magnetometer[0m[1;36m][0m[1;36m[0m
[1;36m[Dbg] [ImuSensor.cc:150] [0m[1;36mIMU data for [[0m[1;36mx500_1::base_link::imu_sensor[0m[1;36m] advertised on [[0m[1;36mworld/default/model/x500_1/link/base_link/sensor/imu_sensor/imu[0m[1;36m][0m[1;36m[0m
[1;36m[Dbg] [SimulationRunner.cc:654] [0m[1;36mExiting postupdate worker thread ([0m[1;36m4[0m[1;36m[Dbg] [SimulationRunner.cc:654] [0m[1;36m[Dbg] [SimulationRunner.cc:654] [Dbg] [SimulationRunner.cc:654] [Dbg] [SimulationRunner.cc:654] [Dbg] [SimulationRunner.cc:654] [0m[1;36mExiting postupdate worker thread ([0m[1;36m[Dbg] [SimulationRunner.cc:654] [0m[1;36mExiting postupdate worker thread ([0m[1;36m[Dbg] [SimulationRunner.cc:654] [Dbg] [SimulationRunner.cc:654] [Dbg] [SimulationRunner.cc:654] [Dbg] [SimulationRunner.cc:654] [0m[1;36mExiting postupdate worker thread (1[0m[1;36m[0m
[1;36m
[Dbg] [SimulationRunner.cc:654] [0m[1;36mExiting postupdate worker thread ([0m[1;36m)[0m[1;36m[Dbg] [SimulationRunner.cc:654] [Dbg] [SimulationRunner.cc:654] [Dbg] [SimulationRunner.cc:654] [Dbg] [SimulationRunner.cc:654] [0m[1;36mExiting postupdate worker thread ([0m[1;36m)[0m[1;36mExiting postupdate worker thread ([0m[1;36m72[0m[1;36mExiting postupdate worker thread (Exiting postupdate worker thread ()[0m[1;36mExiting postupdate worker thread ([0m[1;36mExiting postupdate worker thread (Exiting postupdate worker thread ([0m[1;36m0[0m[1;36m)5[0m[1;36m[0m
[1;36m[0m
[1;36m
8[0m[1;36m6)[0m[1;36m6)[0m[1;36m[0m
[1;36m)[0m[1;36m)[0m[1;36m)[0m[1;36m[0m
[1;36m[0m
[1;36m[0m
[1;36m[0m
[1;36m)5[0m[1;36m[0m
[1;36m)[0m[1;36m[0m
[1;36m[Dbg] [SimulationRunner.cc:627] [0m[1;36mCreating PostUpdate worker threads: [0m[1;36m11[0m[1;36m[0m
[1;36m[Dbg] [SimulationRu[1;32m[GUI] [0m[1;32m[Msg] [0m[1;32mGot new track message.[0m[1;32m[0m
[1;33mWarning [Utils.cc:132][0m [/sdf/model[@name="x500"]/link[@name="base_link"]/sensor[@name="air_pressure_sensor"]/gz_frame_id:<data-string>:L232]: XML Element[gz_frame_id], child of element[sensor], not defined in SDF. Copying[gz_frame_id] as children of [sensor].
[1;33mWarning [Utils.cc:132][0m [/sdf/model[@name="x500"]/link[@name="base_link"]/sensor[@name="magnetometer_sensor"]/gz_frame_id:<data-string>:L254]: XML Element[gz_frame_id], child of element[sensor], not defined in SDF. Copying[gz_frame_id] as children of [sensor].
[1;33mWarning [Utils.cc:132][0m [/sdf/model[@name="x500"]/link[@name="base_link"]/sensor[@name="imu_sensor"]/gz_frame_id:<data-string>:L301]: XML Element[gz_frame_id], child of element[sensor], not defined in SDF. Copying[gz_frame_id] as children of [sensor].
[1;33mWarning [Utils.cc:132][0m [/sdf/model[@name="x500"]/link[@name="base_link"]/sensor[@name="navsat_sensor"]/gz_frame_id:<data-string>:L306]: XML Element[gz_frame_id], child of element[sensor], not defined in SDF. Copying[gz_frame_id] as children of [sensor].
[1;33m[GUI] [Wrn] [Application.cc:908] [0m[1;33m[QT] file::/EntityTree/EntityTree.qml:337:9: QML Image: Error decoding: qrc:/Gazebo/images/chevron-right.svg: Unsupported image format[0m[1;33m[0m
nner.cc:638] [0m[1;36mCreating postupdate worker thread ([0m[1;36m0[0m[1;36m)[0m[1;36m[0m
[1;36m[Dbg] [SimulationRunner.cc:638] [0m[1;36mCreating postupdate worker thread ([0m[1;36m1[0m[1;36m)[0m[1;36m[0m
[1;36m[Dbg] [SimulationRunner.cc:638] [0m[1;36mCreating postupdate worker thread ([0m[1;36m2[0m[1;36m)[0m[1;36m[0m
[1;36m[Dbg] [SimulationRunner.cc:638] [0m[1;36mCreating postupdate worker thread ([0m[1;36m3[0m[1;36m)[0m[1;36m[0m
[1;36m[Dbg] [SimulationRunner.cc:638] [0m[1;36mCreating postupdate worker thread ([0m[1;36m4[0m[1;36m)[0m[1;36m[0m
[1;36m[Dbg] [SimulationRunner.cc:638] [0m[1;36mCreating postupdate worker thread ([0m[1;36m5[0m[1;36m)[0m[1;36m[0m
[1;36m[Dbg] [SimulationRunner.cc:638] [0m[1;36mCreating postupdate worker thread ([0m[1;36m6[0m[1;36m)[0m[1;36m[0m
[1;36m[Dbg] [SimulationRunner.cc:638] [0m[1;36mCreating postupdate worker thread ([0m[1;36m7[0m[1;36m)[0m[1;36m[0m
[1;36m[Dbg] [SimulationRunner.cc:638] [0m[1;36mCreating postupdate worker thread ([0m[1;36m8[0m[1;36m)[0m[1;36m[0m
[1;36m[Dbg] [SimulationRunner.cc:638] [0m[1;36mCreating postupdate worker thread ([0m[1;36m9[0m[1;36m)[0m[1;36m[0m
[1;36m[Dbg] [MotorFailureSystem.cpp:115] [0m[1;36m[MotorFailureSystem] Found motor [0m[1;36m0[0m[1;36m: [0m[1;36mrotor_0_joint[0m[1;36m[0m
[1;36m[Dbg] [MotorFailureSystem.cpp:115] [0m[1;36m[MotorFailureSystem] Found motor [0m[1;36m1[0m[1;36m: [0m[1;36mrotor_1_joint[0m[1;36m[0m
[1;36m[Dbg] [MotorFailureSystem.cpp:115] [0m[1;36m[MotorFailureSystem] Found motor [0m[1;36m2[0m[1;36m: [0m[1;36mrotor_2_joint[0m[1;36m[0m
[1;36m[Dbg] [MotorFailureSystem.cpp:115] [0m[1;36m[MotorFailureSystem] Found motor [0m[1;36m3[0m[1;36m: [0m[1;36mrotor_3_joint[0m[1;36m[0m
[1;32m[Msg] [0m[1;32m[MotorFailureSystem] Found [0m[1;32m4[0m[1;32m motor joints[0m[1;32m[0m
[1;33mWarning [Utils.cc:132][0m [/sdf/model[@name="x500_base"]/link[@name="base_link"]/sensor[@name="air_pressure_sensor"]/gz_frame_id:/home/priyanshu/PX4/PX4-Autopilot/Tools/simulation/gz/models/x500_base/model.sdf:L219]: XML Element[gz_frame_id], child of element[sensor], not defined in SDF. Copying[gz_frame_id] as children of [sensor].
[1;33mWarning [Utils.cc:132][0m [/sdf/model[@name="x500_base"]/link[@name="base_link"]/sensor[@name="magnetometer_sensor"]/gz_frame_id:/home/priyanshu/PX4/PX4-Autopilot/Tools/simulation/gz/models/x500_base/model.sdf:L233]: XML Element[gz_frame_id], child of element[sensor], not defined in SDF. Copying[gz_frame_id] as children of [sensor].
[1;33mWarning [Utils.cc:132][0m [/sdf/model[@name="x500_base"]/link[@name="base_link"]/sensor[@name="imu_sensor"]/gz_frame_id:/home/priyanshu/PX4/PX4-Autopilot/Tools/simulation/gz/models/x500_base/model.sdf:L259]: XML Element[gz_frame_id], child of element[sensor], not defined in SDF. Copying[gz_frame_id] as children of [sensor].
[1;33mWarning [Utils.cc:132][0m [/sdf/model[@name="x500_base"]/link[@name="base_link"]/sensor[@name="navsat_sensor"]/gz_frame_id:/home/priyanshu/PX4/PX4-Autopilot/Tools/simulation/gz/models/x500_base/model.sdf:L311]: XML Element[gz_frame_id], child of element[sensor], not defined in SDF. Copying[gz_frame_id] as children of [sensor].
[1;33m[Wrn] [SdfEntityCreator.cc:933] [0m[1;33mGazebo does not support Ogre material scripts. See [0m[1;33mhttps://gazebosim.org/api/sim/8/migrationsdf.html#:~:text=Materials [0m[1;33mfor details.[0m[1;33m[0m
[1;33m[Wrn] [SdfEntityCreator.cc:949] [0m[1;33mUsing an internal gazebo.material to parse [0m[1;33mGazebo/DarkGrey[0m[1;33m[0m
[1;33m[Wrn] [SdfEntityCreator.cc:933] [0m[1;33mGazebo does not support Ogre material scripts. See [0m[1;33mhttps://gazebosim.org/api/sim/8/migrationsdf.html#:~:text=Materials [0m[1;33mfor details.[0m[1;33m[0m
[1;33m[Wrn] [SdfEntityCreator.cc:949] [0m[1;33mUsing an internal gazebo.material to parse [0m[1;33mGazebo/DarkGrey[0m[1;33m[0m
[1;33m[Wrn] [SdfEntityCreator.cc:933] [0m[1;33mGazebo does not support Ogre material scripts. See [0m[1;33mhttps://gazebosim.org/api/sim/8/migrationsdf.html#:~:text=Materials [0m[1;33mfor details.[0m[1;33m[0m
[1;33m[Wrn] [SdfEntityCreator.cc:949] [0m[1;33mUsing an internal gazebo.material to parse [0m[1;33mGazebo/DarkGrey[0m[1;33m[0m
[1;33m[Wrn] [SdfEntityCreator.cc:933] [0m[1;33mGazebo does not support Ogre material scripts. See [0m[1;33mhttps://gazebosim.org/api/sim/8/migrationsdf.html#:~:text=Materials [0m[1;33mfor details.[0m[1;33m[0m
[1;33m[Wrn] [SdfEntityCreator.cc:949] [0m[1;33mUsing an internal gazebo.material to parse [0m[1;33mGazebo/DarkGrey[0m[1;33m[0m
[1;33m[Wrn] [MulticopterMotorModel.cc:257] [0m[1;33mNo robotNamespace set using entity name.[0m
[1;33m[Wrn] [MulticopterMotorModel.cc:295] [0m[1;33m<motorNumber> is depricated, [0m[1;33mplease use <actuator_number>.[0m
[1;33m[Wrn] [MulticopterMotorModel.cc:257] [0m[1;33mNo robotNamespace set using entity name.[0m
[1;33m[Wrn] [MulticopterMotorModel.cc:295] [0m[1;33m<motorNumber> is depricated, [0m[1;33mplease use <actuator_number>.[0m
[1;33m[Wrn] [MulticopterMotorModel.cc:257] [0m[1;33mNo robotNamespace set using entity name.[0m
[1;33m[Wrn] [MulticopterMotorModel.cc:295] [0m[1;33m<motorNumber> is depricated, [0m[1;33mplease use <actuator_number>.[0m
[1;33m[Wrn] [MulticopterMotorModel.cc:257] [0m[1;33mNo robotNamespace set using entity name.[0m
[1;33m[Wrn] [MulticopterMotorModel.cc:295] [0m[1;33m<motorNumber> is depricated, [0m[1;33mplease use <actuator_number>.[0m
[1;36m[Dbg] [MulticopterMotorModel.cc:386] [0m[1;36mListening to topic: [0m[1;36mx500_2/command/motor_speed[0m[1;36m[0m
[1;36m[Dbg] [SystemManager.cc:80] [0m[1;36mLoaded system [[0m[1;36mgz::sim::systems::MulticopterMotorModel[0m[1;36m] for entity [[0m[1;36m88[0m[1;36m][0m[1;36m[0m
[1;36m[Dbg] [MulticopterMotorModel.cc:386] [0m[1;36mListening to topic: [0m[1;36mx500_2/command/motor_speed[0m[1;36m[0m
[1;36m[Dbg] [SystemManager.cc:80] [0m[1;36mLoaded system [[0m[1;36mgz::sim::systems::MulticopterMotorModel[0m[1;36m] for entity [[0m[1;36m88[0m[1;36m][0m[1;36m[0m
[1;36m[Dbg] [MulticopterMotorModel.cc:386] [0m[1;36mListening to topic: [0m[1;36mx500_2/command/motor_speed[0m[1;36m[0m
[1;36m[Dbg] [SystemManager.cc:80] [0m[1;36mLoaded system [[0m[1;36mgz::sim::systems::MulticopterMotorModel[0m[1;36m] for entity [[0m[1;36m88[0m[1;36m][0m[1;36m[0m
[1;36m[Dbg] [MulticopterMotorModel.cc:386] [0m[1;36mListening to topic: [0m[1;36mx500_2/command/motor_speed[0m[1;36m[0m
[1;36m[Dbg] [SystemManager.cc:80] [0m[1;36mLoaded system [[0m[1;36mgz::sim::systems::MulticopterMotorModel[0m[1;36m] for entity [[0m[1;36m88[0m[1;36m][0m[1;36m[0m
[1;32m[Msg] [0m[1;32m[MotorFailureSystem] Subscribed to Gazebo Transport topic: [0m[1;32m/model/x500_2/motor_failure/motor_number[0m[1;32m[0m
[1;32m[Msg] [0m[1;32m[MotorFailureSystem] Initialized for model: [0m[1;32mx500_2[0m[1;32m[0m
[1;36m[Dbg] [SystemManager.cc:80] [0m[1;36mLoaded system [[0m[1;36mgz::sim::systems::MotorFailureSystem[0m[1;36m] for entity [[0m[1;36m88[0m[1;36m][0m[1;36m[0m
[1;36m[Dbg] [UserCommands.cc:1094] [0m[1;36mCreated entity [[0m[1;36m88[0m[1;36m] named [[0m[1;36mx500_2[0m[1;36m][0m[1;36m[0m
[1;36m[Dbg] [AirPressureSensor.cc:126] [0m[1;36mAir pressure for [[0m[1;36mx500_2::base_link::air_pressure_sensor[0m[1;36m] advertised on [[0m[1;36mworld/default/model/x500_2/link/base_link/sensor/air_pressure_sensor/air_pressure[0m[1;36m][0m[1;36m[0m
[1;36m[Dbg] [MagnetometerSensor.cc:117] [0m[1;36mMagnetometer data for [[0m[1;36mx500_2::base_link::magnetometer_sensor[0m[1;36m] advertised on [[0m[1;36mworld/default/model/x500_2/link/base_link/sensor/magnetometer_sensor/magnetometer[0m[1;36m][0m[1;36m[0m
[1;36m[Dbg] [ImuSensor.cc:150] [0m[1;36mIMU data for [[0m[1;36mx500_2::base_link::imu_sensor[0m[1;36m] advertised on [[0m[1;36mworld/default/model/x500_2/link/base_link/sensor/imu_sensor/imu[0m[1;36m][0m[1;36m[0m
[1;36m[Dbg] [SimulationRunner.cc:654] [0m[1;36mExiting postupdate worker thread ([0m[1;36m0[0m[1;36m)[0m[1;36m[0m
[1;36m[Dbg] [SimulationRunner.cc:654] [0m[1;36mExiting postupdate worker thread ([Dbg] [SimulationRunner.cc:654] [0m[1;36mExiting postupdate worker thread ([0m[1;36m[Dbg] [SimulationRunner.cc:654] Exiting postupdate worker thread ([0m[1;36mExiting postupdate worker thread ([Dbg] [SimulationRunner.cc:654] [Dbg] [SimulationRunner.cc:654] [0m[1;36m9[0m[1;36m[Dbg] [SimulationRunner.cc:654] Exiting postupdate worker thread ([0m[1;36mExiting postupdate worker thread ([0m[1;36mExiting postupdate worker thread ([0m[1;36m7[0m[1;36mExiting postupdate worker thread ([0m[1;36m7)[0m[1;36m2[0m[1;36m)[0m[1;36m)[0m[1;36m2[0m[1;36m[0m
[1;36m4[0m[1;36m)[0m[1;36m[0m
[1;36m[0m
[1;36m[0m
[1;36m2)[0m[1;36m[0m
[1;36m[Dbg] [SimulationRunner.cc:654] [0m[1;36mExiting postupdate worker thread ([0m[1;36m3[0m[1;36m)[0m[1;36m[0m
[1;36m[Dbg] [SimulationRunner.cc:654] [0m[1;36mExiting postupdate worker thread ([0m[1;36m1[0m[1;36m)[0m[1;36m[0m
[1;36mExiting postupdate worker thread ([0m[1;36m8[0m[1;36m)[0m[1;36m[0m
[1;36m[Dbg] [SimulationRunner.cc:654] [0m[1;36mExiting postupdate worker thread ([0m[1;36m5[0m[1;36m)[0m[1;36m[0m
[1;36m[Dbg] [SimulationRunner.cc:627] [0m[1;36mCreating PostUpdate worker threads: [0m[1;36m11[0m[1;36m[0m
[1;36m[Dbg] [SimulationRunner.cc:638] [0m[1;36mCreating postupdate worker thread ([0m[1;36m0[0m[1;36m[1;33mWarning [Utils.cc:132][0m [/sdf/model[@name="x500"]/link[@name="base_link"]/sensor[@name="air_pressure_sensor"]/gz_frame_id:<data-string>:L232]: XML Element[gz_frame_id], child of element[sensor], not defined in SDF. Copying[gz_frame_id] as children of [sensor].
[1;33mWarning [Utils.cc:132][0m [/sdf/model[@name="x500"]/link[@name="base_link"]/sensor[@name="magnetometer_sensor"]/gz_frame_id:<data-string>:L254]: XML Element[gz_frame_id], child of element[sensor], not defined in SDF. Copying[gz_frame_id] as children of [sensor].
[1;33mWarning [Utils.cc:132][0m [/sdf/model[@name="x500"]/link[@name="base_link"]/sensor[@name="imu_sensor"]/gz_frame_id:<data-string>:L301]: XML Element[gz_frame_id], child of element[sensor], not defined in SDF. Copying[gz_frame_id] as children of [sensor].
[1;33mWarning [Utils.cc:132][0m [/sdf/model[@name="x500"]/link[@name="base_link"]/sensor[@name="navsat_sensor"]/gz_frame_id:<data-string>:L306]: XML Element[gz_frame_id], child of element[sensor], not defined in SDF. Copying[gz_frame_id] as children of [sensor].
[1;33m[GUI] [Wrn] [Application.cc:908] [0m[1;33m[QT] file::/EntityTree/EntityTree.qml:337:9: QML Image: Error decoding: qrc:/Gazebo/images/chevron-right.svg: Unsupported image format[0m[1;33m[0m
[1;32m[GUI] [0m[1;32m[Msg] [0m[1;32mGot new track message.[0m[1;32m[0m
[1;32m[GUI] [0m[1;32m[Msg] [0m[1;32mGot new track message.[0m[1;32m[0m
[1;36m[GUI] [Dbg] [SignalHandler.cc:142] [0m[1;36mReceived signal[[0m[1;36m2[0m[1;36m].[0m
[1;36m[GUI] [Dbg] [Gui.cc:535] [0m[1;36mShutting down gz-sim-gui[0m[1;36m[0m
[1;36m[GUI] [Dbg] [Application.cc:237] [0m[1;36mTerminating application.[0m[1;36m[0m
[1;36m[GUI] [Dbg] [MinimalScene.cc:841] [0m[1;36mDestroy scene [[0m[1;36mscene[0m[1;36m][0m[1;36m[0m
)[0m[1;36m[0m
[1;36m[Dbg] [SimulationRunner.cc:638] [0m[1;36mCreating postupdate worker thread ([0m[1;36m1[0m[1;36m)[0m[1;36m[0m
[1;36m[Dbg] [SimulationRunner.cc:638] [0m[1;36mCreating postupdate worker thread ([0m[1;36m2[0m[1;36m)[0m[1;36m[0m
[1;36m[Dbg] [SimulationRunner.cc:638] [0m[1;36mCreating postupdate worker thread ([0m[1;36m3[0m[1;36m)[0m[1;36m[0m
[1;36m[Dbg] [SimulationRunner.cc:638] [0m[1;36mCreating postupdate worker thread ([0m[1;36m4[0m[1;36m)[0m[1;36m[0m
[1;36m[Dbg] [SimulationRunner.cc:638] [0m[1;36mCreating postupdate worker thread ([0m[1;36m5[0m[1;36m)[0m[1;36m[0m
[1;36m[Dbg] [SimulationRunner.cc:638] [0m[1;36mCreating postupdate worker thread ([0m[1;36m6[0m[1;36m)[0m[1;36m[0m
[1;36m[Dbg] [SimulationRunner.cc:638] [0m[1;36mCreating postupdate worker thread ([0m[1;36m7[0m[1;36m)[0m[1;36m[0m
[1;36m[Dbg] [SimulationRunner.cc:638] [0m[1;36mCreating postupdate worker thread ([0m[1;36m8[0m[1;36m)[0m[1;36m[0m
[1;36m[Dbg] [SimulationRunner.cc:638] [0m[1;36mCreating postupdate worker thread ([0m[1;36m9[0m[1;36m)[0m[1;36m[0m
[1;36m[Dbg] [MotorFailureSystem.cpp:115] [0m[1;36m[MotorFailureSystem] Found motor [0m[1;36m0[0m[1;36m: [0m[1;36mrotor_0_joint[0m[1;36m[0m
[1;36m[Dbg] [MotorFailureSystem.cpp:115] [0m[1;36m[MotorFailureSystem] Found motor [0m[1;36m1[0m[1;36m: [0m[1;36mrotor_1_joint[0m[1;36m[0m
[1;36m[Dbg] [MotorFailureSystem.cpp:115] [0m[1;36m[MotorFailureSystem] Found motor [0m[1;36m2[0m[1;36m: [0m[1;36mrotor_2_joint[0m[1;36m[0m
[1;36m[Dbg] [MotorFailureSystem.cpp:115] [0m[1;36m[MotorFailureSystem] Found motor [0m[1;36m3[0m[1;36m: [0m[1;36mrotor_3_joint[0m[1;36m[0m
[1;32m[Msg] [0m[1;32m[MotorFailureSystem] Found [0m[1;32m4[0m[1;32m motor joints[0m[1;32m[0m
[1;36m[Dbg] [EntityComponentManager.cc:1671] [0m[1;36mUpdated state thread iterators: [0m[1;36m12[0m[1;36m threads processing around [0m[1;36m11[0m[1;36m entities each.[0m[1;36m[0m
[1;36m[Dbg] [SignalHandler.cc:142] [0m[1;36mReceived signal[[0m[1;36m2[0m[1;36m].[0m
[1;36m[Dbg] [ServerPrivate.cc:122] [0m[1;36mServer received signal[[0m[1;36m2[0m[1;36m][0m
[1;36m[Dbg] [Sensors.cc:565] [0m[1;36mSensorsPrivate::Stop[0m[1;36m[0m
[1;36m[Dbg] [Sensors.cc:391] [0m[1;36mRendering Thread initialized[0m[1;36m[0m
[1;36m[Dbg] [Sensors.cc:551] [0m[1;36mSensorsPrivate::RenderThread stopped[0m[1;36m[0m
[1;36m[Dbg] [gz.cc:434] [0m[1;36mShutting down gz-sim-server[0m[1;36m[0m
[1;36m[Dbg] [SimulationRunner.cc:654] [0m[1;36mExiting postupdate worker thread ([0m[1;36m6[0m[1;36m)[0m[1;36m[0m
[1;36mExiting postupdate worker thread ([0m[1;36m1[0m[1;36m)[0m[1;36m[0m
[1;36m[Dbg] [SimulationRunner.cc:654] [0m[1;36mExiting postupdate worker thread ([0m[1;36m9[0m[1;36m)[0m[1;36m[0m
[1;36m[Dbg] [SimulationRunner.cc:654] [0m[1;36mExiting postupdate worker thread ([0m[1;36m2[Dbg] [SimulationRunner.cc:654] [0m[1;36mExiting postupdate worker thread ([0m[1;36m)[Dbg] [SimulationRunner.cc:654] [Dbg] [SimulationRunner.cc:654] [0m[1;36m4[0m[1;36m)[Dbg] [SimulationRunner.cc:654] [0m[1;36m4[0m[1;36m)[0m[1;36mExiting postupdate worker thread ([0m[1;36mExiting postupdate worker thread ([0m[1;36m0[0m[1;36m[0m
[1;36mExiting postupdate worker thread (Exiting postupdate worker thread ([0m[1;36m)[0m[1;36m[0m
[1;36m7[0m[1;36m[0m
[1;36m)[0m[1;36m[0m
[1;36mExiting postupdate worker thread (Exiting postupdate worker thread ([0m[1;36m8[0m[1;36m3[0m[1;36m8[0m[1;36m)[0m[1;36m[0m
[1;36m)[0m[1;36m[0m
[1;36m[0m
[1;36m[Dbg] [Sensors.cc:565] [0m[1;36mSensorsPrivate::Stop[0m[1;36m[0m
