INFO  [px4] instance: 0

______  __   __    ___ 
| ___ \ \ \ / /   /   |
| |_/ /  \ V /   / /| |
|  __/   /   \  / /_| |
| |     / /^\ \ \___  |
\_|     \/   \/     |_/

px4 starting.

INFO  [px4] startup script: /bin/sh etc/init.d-posix/rcS 0
env SYS_AUTOSTART: 4001
INFO  [param] selected parameter default file parameters.bson
INFO  [param] selected parameter backup file parameters_backup.bson
  SYS_AUTOCONFIG: curr: 0 -> new: 1
  SYS_AUTOSTART: curr: 0 -> new: 4001
  CAL_ACC0_ID: curr: 0 -> new: 1310988
  CAL_GYRO0_ID: curr: 0 -> new: 1310988
  CAL_ACC1_ID: curr: 0 -> new: 1310996
  CAL_GYRO1_ID: curr: 0 -> new: 1310996
  CAL_ACC2_ID: curr: 0 -> new: 1311004
  CAL_GYRO2_ID: curr: 0 -> new: 1311004
  CAL_MAG0_ID: curr: 0 -> new: 197388
  CAL_MAG0_PRIO: curr: -1 -> new: 50
  CAL_MAG1_ID: curr: 0 -> new: 197644
  CAL_MAG1_PRIO: curr: -1 -> new: 50
  SENS_BOARD_X_OFF: curr: 0.0000 -> new: 0.0000
  SENS_DPRES_OFF: curr: 0.0000 -> new: 0.0010
INFO  [dataman] data manager file './dataman' size is 1208528 bytes
INFO  [init] Gazebo simulator 8.14.0
INFO  [init] gazebo already running world: default
INFO  [init] Gazebo world is ready
INFO  [init] Gazebo model pose: 0.0 -2.0 0.2 0 0 0
INFO  [init] Spawning Gazebo model
INFO  [lockstep_scheduler] setting initial absolute time to 8316000 us
INFO  [gz_bridge] world: default, model: x500_0
INFO  [init] Setting camera to follow x500_0
INFO  [init] Camera follow offset set to -2.0, -2.0, 2.0
INFO  [commander] LED: open /dev/led0 failed (22)
WARN  [health_and_arming_checks] Preflight Fail: No connection to the GCS
INFO  [vision_target_estimator] VTE for static target init
INFO  [uxrce_dds_client] init UDP agent IP:127.0.0.1, port:8888
INFO  [mavlink] mode: Normal, data rate: 4000000 B/s on udp port 18570 remote port 14550
INFO  [mavlink] mode: Onboard, data rate: 4000000 B/s on udp port 14580 remote port 14540
INFO  [mavlink] mode: Onboard, data rate: 4000 B/s on udp port 14280 remote port 14030
INFO  [mavlink] mode: Gimbal, data rate: 400000 B/s on udp port 13030 remote port 13280
INFO  [tone_alarm] home set
INFO  [logger] logger started (mode=all)
INFO  [logger] Max log file size: 1024 MiB
INFO  [logger] Start file log (type: full)
INFO  [logger] [logger] ./log/2026-07-01/10_21_14.ulg	
INFO  [logger] Opened full log file: ./log/2026-07-01/10_21_14.ulg
INFO  [mavlink] MAVLink only on localhost (set param MAV_{i}_BROADCAST = 1 to enable network)
INFO  [mavlink] MAVLink only on localhost (set param MAV_{i}_BROADCAST = 1 to enable network)
INFO  [px4] Startup script returned successfully
WARN  [health_and_arming_checks] Preflight Fail: No connection to the GCS
WARN  [health_and_arming_checks] Preflight Fail: No connection to the GCS
INFO  [mavlink] partner IP: 127.0.0.1
INFO  [commander] [32mReady for takeoff![0m
INFO  [mavlink] partner IP: 127.0.0.1
INFO  [mavlink] Ignore command 512 from 255/190 to 2/1
INFO  [mavlink] Ignore command 521 from 255/190 to 2/1
INFO  [mavlink] Ignore command 512 from 255/190 to 3/1
INFO  [mavlink] Ignore command 521 from 255/190 to 3/1
INFO  [mavlink] Ignore command 512 from 255/190 to 2/1
INFO  [mavlink] Ignore command 512 from 255/190 to 3/1
INFO  [mavlink] Ignore command 512 from 255/190 to 2/1
INFO  [mavlink] Ignore command 512 from 255/190 to 3/1
INFO  [mavlink] Ignore command 512 from 255/190 to 2/1
INFO  [mavlink] Ignore command 512 from 255/190 to 3/1
INFO  [mavlink] Ignore command 512 from 255/190 to 2/1
INFO  [mavlink] Ignore command 512 from 255/190 to 3/1
INFO  [mavlink] Ignore command 512 from 255/190 to 2/1
INFO  [mavlink] Ignore command 512 from 255/190 to 3/1
INFO  [mavlink] Ignore command 512 from 255/190 to 2/1
INFO  [mavlink] Ignore command 512 from 255/190 to 3/1
INFO  [mavlink] Ignore command 512 from 255/190 to 2/1
INFO  [mavlink] Ignore command 512 from 255/190 to 3/1
INFO  [mavlink] Ignore command 512 from 255/190 to 2/1
INFO  [mavlink] Ignore command 512 from 255/190 to 3/1
INFO  [mavlink] Ignore command 512 from 255/190 to 2/1
INFO  [mavlink] Ignore command 512 from 255/190 to 3/1
INFO  [mavlink] Ignore command 512 from 255/190 to 2/1
INFO  [mavlink] Ignore command 512 from 255/190 to 3/1
INFO  [mavlink] Ignore command 512 from 255/190 to 2/1
INFO  [mavlink] Ignore command 512 from 255/190 to 3/1
INFO  [mavlink] Ignore command 512 from 255/190 to 3/1
INFO  [mavlink] Ignore command 512 from 255/190 to 2/1
INFO  [mavlink] Ignore command 512 from 255/190 to 3/1
INFO  [mavlink] Ignore command 512 from 255/190 to 2/1
INFO  [mavlink] Ignore command 512 from 255/190 to 3/1
INFO  [mavlink] Ignore command 512 from 255/190 to 2/1
INFO  [mavlink] Ignore command 512 from 255/190 to 3/1
INFO  [mavlink] Ignore command 512 from 255/190 to 2/1
INFO  [mavlink] Ignore command 512 from 255/190 to 3/1
INFO  [mavlink] Ignore command 512 from 255/190 to 2/1
INFO  [mavlink] Ignore command 512 from 255/190 to 3/1
INFO  [mavlink] Ignore command 512 from 255/190 to 2/1
INFO  [mavlink] Ignore command 512 from 255/190 to 3/1
INFO  [mavlink] Ignore command 512 from 255/190 to 2/1
INFO  [mavlink] Ignore command 512 from 255/190 to 3/1
INFO  [mavlink] Ignore command 512 from 255/190 to 2/1
INFO  [mavlink] Ignore command 512 from 255/190 to 3/1
INFO  [mavlink] Ignore command 512 from 255/190 to 2/1
INFO  [mavlink] Ignore command 512 from 255/190 to 3/1
INFO  [mavlink] Ignore command 512 from 255/190 to 2/1
INFO  [mavlink] Ignore command 512 from 255/190 to 3/1
INFO  [mavlink] Ignore command 512 from 255/190 to 2/1
INFO  [mavlink] Ignore command 512 from 255/190 to 2/1
INFO  [mavlink] Ignore command 512 from 255/190 to 3/1
INFO  [mavlink] Ignore command 512 from 255/190 to 2/1
INFO  [mavlink] Ignore command 512 from 255/190 to 3/1
INFO  [mavlink] Ignore command 512 from 255/190 to 2/1
INFO  [mavlink] Ignore command 512 from 255/190 to 3/1
INFO  [mavlink] Ignore command 512 from 255/190 to 2/1
INFO  [mavlink] Ignore command 512 from 255/190 to 3/1
INFO  [mavlink] Ignore command 512 from 255/190 to 2/1
INFO  [mavlink] Ignore command 512 from 255/190 to 3/1
INFO  [mavlink] Ignore command 512 from 255/190 to 2/1
INFO  [mavlink] Ignore command 512 from 255/190 to 3/1
INFO  [mavlink] Ignore command 512 from 255/190 to 2/1
INFO  [mavlink] Ignore command 512 from 255/190 to 3/1
INFO  [mavlink] Ignore command 401 from 255/190 to 3/1
INFO  [mavlink] Ignore command 512 from 255/190 to 3/1
INFO  [mavlink] Ignore command 401 from 255/190 to 2/1
INFO  [mavlink] Ignore command 512 from 255/190 to 2/1
INFO  [mavlink] Ignore command 512 from 255/190 to 3/1
INFO  [mavlink] Ignore command 512 from 255/190 to 2/1
INFO  [mavlink] Ignore command 512 from 255/190 to 3/1
INFO  [mavlink] Ignore command 512 from 255/190 to 2/1
INFO  [mavlink] Ignore command 512 from 255/190 to 3/1
INFO  [mavlink] Ignore command 512 from 255/190 to 2/1
INFO  [mavlink] Ignore command 512 from 255/190 to 3/1
INFO  [mavlink] Ignore command 521 from 255/190 to 3/1
INFO  [mavlink] Ignore command 521 from 255/190 to 2/1
INFO  [mavlink] Ignore command 512 from 255/190 to 2/1
INFO  [mavlink] Ignore command 512 from 255/190 to 3/1
INFO  [mavlink] Ignore command 512 from 255/190 to 2/1
INFO  [mavlink] Ignore command 512 from 255/190 to 3/1
INFO  [commander] Armed by external command	
INFO  [tone_alarm] arming warning
INFO  [mavlink] Ignore command 512 from 255/190 to 2/1
INFO  [navigator] Using default takeoff altitude: 10.0 m	
INFO  [commander] Takeoff detected	
INFO  [mavlink] Ignore command 512 from 255/190 to 2/1
INFO  [mavlink] Ignore command 512 from 255/190 to 3/1
INFO  [mavlink] Ignore command 521 from 255/190 to 3/1
INFO  [mavlink] Ignore command 521 from 255/190 to 2/1
INFO  [navigator] Using default takeoff altitude: 10.0 m	
INFO  [mavlink] Ignore command 512 from 255/190 to 2/1
INFO  [mavlink] Ignore command 512 from 255/190 to 3/1
INFO  [mavlink] Ignore command 521 from 255/190 to 2/1
INFO  [mavlink] Ignore command 521 from 255/190 to 3/1
INFO  [navigator] RTL: start return at 11 m (10 m above destination)	
INFO  [navigator] RTL: land at destination	
INFO  [commander] Landing at current position	
INFO  [commander] Landing detected	
INFO  [mavlink] Ignore command 512 from 255/190 to 2/1
INFO  [mavlink] Ignore command 512 from 255/190 to 3/1
INFO  [mavlink] Ignore command 521 from 255/190 to 3/1
INFO  [mavlink] Ignore command 521 from 255/190 to 2/1
INFO  [commander] Landing at current position	
INFO  [commander] Disarmed by external command	
INFO  [tone_alarm] notify neutral
INFO  [logger] closed logfile, bytes written: 15010792

PX4 Exiting...
Exiting NOW.
