     0.088 - debug: Settings location "/home/priyanshu/.config/QGroundControl/QGroundControl.ini" Is writable?: true (qgc.qgcapplication:unknown:0)
     0.100 - debug: Filter rules "*Log.debug=false\nqgc.*.debug=false\nqgc.videomanager.videoreceiver.gstreamer.api.debug=true\nqt.qml.connections=false" (qgc.utilities.qgcloggingcategory:unknown:0)
     9.605 - critical: Error loading text-to-speech plug-in "speechd" (default:unknown:0)
    28.285 - warning: QGeoTileRequestManager: Failed to fetch tile (68643,45886,17) 5 times, giving up. Last error message was: 'Network Not Available' (default:unknown:0)
    28.287 - warning: QGeoTileRequestManager: Failed to fetch tile (68643,45886,17) 5 times, giving up. Last error message was: 'Network Not Available' (default:unknown:0)
    28.287 - warning: QGeoTileRequestManager: Failed to fetch tile (68644,45886,17) 5 times, giving up. Last error message was: 'Network Not Available' (default:unknown:0)
    28.287 - warning: QGeoTileRequestManager: Failed to fetch tile (68644,45886,17) 5 times, giving up. Last error message was: 'Network Not Available' (default:unknown:0)
    28.287 - warning: QGeoTileRequestManager: Failed to fetch tile (68645,45886,17) 5 times, giving up. Last error message was: 'Network Not Available' (default:unknown:0)
    28.287 - warning: QGeoTileRequestManager: Failed to fetch tile (68645,45886,17) 5 times, giving up. Last error message was: 'Network Not Available' (default:unknown:0)
    28.287 - warning: QGeoTileRequestManager: Failed to fetch tile (68646,45886,17) 5 times, giving up. Last error message was: 'Network Not Available' (default:unknown:0)
    28.287 - warning: QGeoTileRequestManager: Failed to fetch tile (68646,45886,17) 5 times, giving up. Last error message was: 'Network Not Available' (default:unknown:0)
    28.287 - warning: QGeoTileRequestManager: Failed to fetch tile (68647,45886,17) 5 times, giving up. Last error message was: 'Network Not Available' (default:unknown:0)
    28.288 - warning: QGeoTileRequestManager: Failed to fetch tile (68647,45886,17) 5 times, giving up. Last error message was: 'Network Not Available' (default:unknown:0)
    28.290 - warning: QGeoTileRequestManager: Failed to fetch tile (68648,45886,17) 5 times, giving up. Last error message was: 'Network Not Available' (default:unknown:0)
    28.290 - warning: QGeoTileRequestManager: Failed to fetch tile (68648,45886,17) 5 times, giving up. Last error message was: 'Network Not Available' (default:unknown:0)
    28.290 - warning: QGeoTileRequestManager: Failed to fetch tile (68649,45886,17) 5 times, giving up. Last error message was: 'Network Not Available' (default:unknown:0)
    28.291 - warning: QGeoTileRequestManager: Failed to fetch tile (68649,45886,17) 5 times, giving up. Last error message was: 'Network Not Available' (default:unknown:0)
    28.291 - warning: QGeoTileRequestManager: Failed to fetch tile (68650,45886,17) 5 times, giving up. Last error message was: 'Network Not Available' (default:unknown:0)
    28.291 - warning: QGeoTileRequestManager: Failed to fetch tile (68650,45886,17) 5 times, giving up. Last error message was: 'Network Not Available' (default:unknown:0)
    28.293 - warning: QGeoTileRequestManager: Failed to fetch tile (68651,45886,17) 5 times, giving up. Last error message was: 'Network Not Available' (default:unknown:0)
    28.294 - warning: QGeoTileRequestManager: Failed to fetch tile (68651,45886,17) 5 times, giving up. Last error message was: 'Network Not Available' (default:unknown:0)
    28.294 - warning: QGeoTileRequestManager: Failed to fetch tile (68643,45887,17) 5 times, giving up. Last error message was: 'Network Not Available' (default:unknown:0)
    28.294 - warning: QGeoTileRequestManager: Failed to fetch tile (68643,45887,17) 5 times, giving up. Last error message was: 'Network Not Available' (default:unknown:0)
    28.295 - warning: QGeoTileRequestManager: Failed to fetch tile (68644,45887,17) 5 times, giving up. Last error message was: 'Network Not Available' (default:unknown:0)
    28.295 - warning: QGeoTileRequestManager: Failed to fetch tile (68644,45887,17) 5 times, giving up. Last error message was: 'Network Not Available' (default:unknown:0)
    28.296 - warning: QGeoTileRequestManager: Failed to fetch tile (68645,45887,17) 5 times, giving up. Last error message was: 'Network Not Available' (default:unknown:0)
    28.296 - warning: QGeoTileRequestManager: Failed to fetch tile (68645,45887,17) 5 times, giving up. Last error message was: 'Network Not Available' (default:unknown:0)
    28.298 - warning: QGeoTileRequestManager: Failed to fetch tile (68646,45887,17) 5 times, giving up. Last error message was: 'Network Not Available' (default:unknown:0)
    28.298 - warning: QGeoTileRequestManager: Failed to fetch tile (68646,45887,17) 5 times, giving up. Last error message was: 'Network Not Available' (default:unknown:0)
    28.299 - warning: QGeoTileRequestManager: Failed to fetch tile (68647,45887,17) 5 times, giving up. Last error message was: 'Network Not Available' (default:unknown:0)
    28.299 - warning: QGeoTileRequestManager: Failed to fetch tile (68647,45887,17) 5 times, giving up. Last error message was: 'Network Not Available' (default:unknown:0)
    28.299 - warning: QGeoTileRequestManager: Failed to fetch tile (68648,45887,17) 5 times, giving up. Last error message was: 'Network Not Available' (default:unknown:0)
    28.299 - warning: QGeoTileRequestManager: Failed to fetch tile (68648,45887,17) 5 times, giving up. Last error message was: 'Network Not Available' (default:unknown:0)
    28.299 - warning: QGeoTileRequestManager: Failed to fetch tile (68649,45887,17) 5 times, giving up. Last error message was: 'Network Not Available' (default:unknown:0)
    28.299 - warning: QGeoTileRequestManager: Failed to fetch tile (68649,45887,17) 5 times, giving up. Last error message was: 'Network Not Available' (default:unknown:0)
    29.245 - warning: QGeoTileRequestManager: Failed to fetch tile (68650,45887,17) 5 times, giving up. Last error message was: 'Network Not Available' (default:unknown:0)
    29.245 - warning: QGeoTileRequestManager: Failed to fetch tile (68650,45887,17) 5 times, giving up. Last error message was: 'Network Not Available' (default:unknown:0)
    29.245 - warning: QGeoTileRequestManager: Failed to fetch tile (68651,45887,17) 5 times, giving up. Last error message was: 'Network Not Available' (default:unknown:0)
    29.245 - warning: QGeoTileRequestManager: Failed to fetch tile (68651,45887,17) 5 times, giving up. Last error message was: 'Network Not Available' (default:unknown:0)
    29.249 - warning: QGeoTileRequestManager: Failed to fetch tile (68643,45888,17) 5 times, giving up. Last error message was: 'Network Not Available' (default:unknown:0)
    29.249 - warning: QGeoTileRequestManager: Failed to fetch tile (68643,45888,17) 5 times, giving up. Last error message was: 'Network Not Available' (default:unknown:0)
    29.249 - warning: QGeoTileRequestManager: Failed to fetch tile (68644,45888,17) 5 times, giving up. Last error message was: 'Network Not Available' (default:unknown:0)
    29.249 - warning: QGeoTileRequestManager: Failed to fetch tile (68644,45888,17) 5 times, giving up. Last error message was: 'Network Not Available' (default:unknown:0)
    29.249 - warning: QGeoTileRequestManager: Failed to fetch tile (68645,45888,17) 5 times, giving up. Last error message was: 'Network Not Available' (default:unknown:0)
    29.249 - warning: QGeoTileRequestManager: Failed to fetch tile (68645,45888,17) 5 times, giving up. Last error message was: 'Network Not Available' (default:unknown:0)
    29.250 - warning: QGeoTileRequestManager: Failed to fetch tile (68646,45888,17) 5 times, giving up. Last error message was: 'Network Not Available' (default:unknown:0)
    29.250 - warning: QGeoTileRequestManager: Failed to fetch tile (68646,45888,17) 5 times, giving up. Last error message was: 'Network Not Available' (default:unknown:0)
    29.252 - warning: QGeoTileRequestManager: Failed to fetch tile (68647,45888,17) 5 times, giving up. Last error message was: 'Network Not Available' (default:unknown:0)
    29.252 - warning: QGeoTileRequestManager: Failed to fetch tile (68647,45888,17) 5 times, giving up. Last error message was: 'Network Not Available' (default:unknown:0)
    29.253 - warning: QGeoTileRequestManager: Failed to fetch tile (68648,45888,17) 5 times, giving up. Last error message was: 'Network Not Available' (default:unknown:0)
    29.253 - warning: QGeoTileRequestManager: Failed to fetch tile (68648,45888,17) 5 times, giving up. Last error message was: 'Network Not Available' (default:unknown:0)
    29.264 - warning: QGeoTileRequestManager: Failed to fetch tile (68649,45888,17) 5 times, giving up. Last error message was: 'Network Not Available' (default:unknown:0)
    29.264 - warning: QGeoTileRequestManager: Failed to fetch tile (68649,45888,17) 5 times, giving up. Last error message was: 'Network Not Available' (default:unknown:0)
    29.264 - warning: QGeoTileRequestManager: Failed to fetch tile (68650,45888,17) 5 times, giving up. Last error message was: 'Network Not Available' (default:unknown:0)
    29.264 - warning: QGeoTileRequestManager: Failed to fetch tile (68650,45888,17) 5 times, giving up. Last error message was: 'Network Not Available' (default:unknown:0)
    29.264 - warning: QGeoTileRequestManager: Failed to fetch tile (68651,45888,17) 5 times, giving up. Last error message was: 'Network Not Available' (default:unknown:0)
    29.264 - warning: QGeoTileRequestManager: Failed to fetch tile (68651,45888,17) 5 times, giving up. Last error message was: 'Network Not Available' (default:unknown:0)
    29.264 - warning: QGeoTileRequestManager: Failed to fetch tile (68643,45889,17) 5 times, giving up. Last error message was: 'Network Not Available' (default:unknown:0)
    29.264 - warning: QGeoTileRequestManager: Failed to fetch tile (68643,45889,17) 5 times, giving up. Last error message was: 'Network Not Available' (default:unknown:0)
    29.273 - warning: QGeoTileRequestManager: Failed to fetch tile (68644,45889,17) 5 times, giving up. Last error message was: 'Network Not Available' (default:unknown:0)
    29.278 - warning: QGeoTileRequestManager: Failed to fetch tile (68644,45889,17) 5 times, giving up. Last error message was: 'Network Not Available' (default:unknown:0)
    29.280 - warning: QGeoTileRequestManager: Failed to fetch tile (68645,45889,17) 5 times, giving up. Last error message was: 'Network Not Available' (default:unknown:0)
    29.280 - warning: QGeoTileRequestManager: Failed to fetch tile (68645,45889,17) 5 times, giving up. Last error message was: 'Network Not Available' (default:unknown:0)
    29.280 - warning: QGeoTileRequestManager: Failed to fetch tile (68646,45889,17) 5 times, giving up. Last error message was: 'Network Not Available' (default:unknown:0)
    29.280 - warning: QGeoTileRequestManager: Failed to fetch tile (68646,45889,17) 5 times, giving up. Last error message was: 'Network Not Available' (default:unknown:0)
    29.280 - warning: QGeoTileRequestManager: Failed to fetch tile (68647,45889,17) 5 times, giving up. Last error message was: 'Network Not Available' (default:unknown:0)
    29.280 - warning: QGeoTileRequestManager: Failed to fetch tile (68647,45889,17) 5 times, giving up. Last error message was: 'Network Not Available' (default:unknown:0)
    29.282 - warning: QGeoTileRequestManager: Failed to fetch tile (68648,45889,17) 5 times, giving up. Last error message was: 'Network Not Available' (default:unknown:0)
    29.282 - warning: QGeoTileRequestManager: Failed to fetch tile (68648,45889,17) 5 times, giving up. Last error message was: 'Network Not Available' (default:unknown:0)
    29.282 - warning: QGeoTileRequestManager: Failed to fetch tile (68649,45889,17) 5 times, giving up. Last error message was: 'Network Not Available' (default:unknown:0)
    29.282 - warning: QGeoTileRequestManager: Failed to fetch tile (68649,45889,17) 5 times, giving up. Last error message was: 'Network Not Available' (default:unknown:0)
    29.282 - warning: QGeoTileRequestManager: Failed to fetch tile (68650,45889,17) 5 times, giving up. Last error message was: 'Network Not Available' (default:unknown:0)
    29.284 - warning: QGeoTileRequestManager: Failed to fetch tile (68650,45889,17) 5 times, giving up. Last error message was: 'Network Not Available' (default:unknown:0)
    29.285 - warning: QGeoTileRequestManager: Failed to fetch tile (68651,45889,17) 5 times, giving up. Last error message was: 'Network Not Available' (default:unknown:0)
    29.285 - warning: QGeoTileRequestManager: Failed to fetch tile (68651,45889,17) 5 times, giving up. Last error message was: 'Network Not Available' (default:unknown:0)
    29.285 - warning: QGeoTileRequestManager: Failed to fetch tile (68643,45890,17) 5 times, giving up. Last error message was: 'Network Not Available' (default:unknown:0)
    29.285 - warning: QGeoTileRequestManager: Failed to fetch tile (68643,45890,17) 5 times, giving up. Last error message was: 'Network Not Available' (default:unknown:0)
    29.286 - warning: QGeoTileRequestManager: Failed to fetch tile (68644,45890,17) 5 times, giving up. Last error message was: 'Network Not Available' (default:unknown:0)
    29.287 - warning: QGeoTileRequestManager: Failed to fetch tile (68645,45890,17) 5 times, giving up. Last error message was: 'Network Not Available' (default:unknown:0)
    29.288 - warning: QGeoTileRequestManager: Failed to fetch tile (68646,45890,17) 5 times, giving up. Last error message was: 'Network Not Available' (default:unknown:0)
    29.289 - warning: QGeoTileRequestManager: Failed to fetch tile (68647,45890,17) 5 times, giving up. Last error message was: 'Network Not Available' (default:unknown:0)
    29.290 - warning: QGeoTileRequestManager: Failed to fetch tile (68648,45890,17) 5 times, giving up. Last error message was: 'Network Not Available' (default:unknown:0)
    29.290 - warning: QGeoTileRequestManager: Failed to fetch tile (68644,45890,17) 5 times, giving up. Last error message was: 'Network Not Available' (default:unknown:0)
    29.290 - warning: QGeoTileRequestManager: Failed to fetch tile (68649,45890,17) 5 times, giving up. Last error message was: 'Network Not Available' (default:unknown:0)
    29.290 - warning: QGeoTileRequestManager: Failed to fetch tile (68645,45890,17) 5 times, giving up. Last error message was: 'Network Not Available' (default:unknown:0)
    29.290 - warning: QGeoTileRequestManager: Failed to fetch tile (68650,45890,17) 5 times, giving up. Last error message was: 'Network Not Available' (default:unknown:0)
    29.291 - warning: QGeoTileRequestManager: Failed to fetch tile (68646,45890,17) 5 times, giving up. Last error message was: 'Network Not Available' (default:unknown:0)
    29.292 - warning: QGeoTileRequestManager: Failed to fetch tile (68651,45890,17) 5 times, giving up. Last error message was: 'Network Not Available' (default:unknown:0)
    29.292 - warning: QGeoTileRequestManager: Failed to fetch tile (68647,45890,17) 5 times, giving up. Last error message was: 'Network Not Available' (default:unknown:0)
    29.293 - warning: QGeoTileRequestManager: Failed to fetch tile (68648,45890,17) 5 times, giving up. Last error message was: 'Network Not Available' (default:unknown:0)
    29.293 - warning: QGeoTileRequestManager: Failed to fetch tile (68649,45890,17) 5 times, giving up. Last error message was: 'Network Not Available' (default:unknown:0)
    29.293 - warning: QGeoTileRequestManager: Failed to fetch tile (68650,45890,17) 5 times, giving up. Last error message was: 'Network Not Available' (default:unknown:0)
    29.293 - warning: QGeoTileRequestManager: Failed to fetch tile (68651,45890,17) 5 times, giving up. Last error message was: 'Network Not Available' (default:unknown:0)
    44.238 - warning: QGeoTileRequestManager: Failed to fetch tile (68643,45886,17) 5 times, giving up. Last error message was: 'Network Not Available' (default:unknown:0)
    44.239 - warning: QGeoTileRequestManager: Failed to fetch tile (68644,45886,17) 5 times, giving up. Last error message was: 'Network Not Available' (default:unknown:0)
    44.239 - warning: QGeoTileRequestManager: Failed to fetch tile (68645,45886,17) 5 times, giving up. Last error message was: 'Network Not Available' (default:unknown:0)
    44.241 - warning: QGeoTileRequestManager: Failed to fetch tile (68646,45886,17) 5 times, giving up. Last error message was: 'Network Not Available' (default:unknown:0)
    44.241 - warning: QGeoTileRequestManager: Failed to fetch tile (68647,45886,17) 5 times, giving up. Last error message was: 'Network Not Available' (default:unknown:0)
    44.241 - warning: QGeoTileRequestManager: Failed to fetch tile (68648,45886,17) 5 times, giving up. Last error message was: 'Network Not Available' (default:unknown:0)
    44.241 - warning: QGeoTileRequestManager: Failed to fetch tile (68649,45886,17) 5 times, giving up. Last error message was: 'Network Not Available' (default:unknown:0)
    44.241 - warning: QGeoTileRequestManager: Failed to fetch tile (68650,45886,17) 5 times, giving up. Last error message was: 'Network Not Available' (default:unknown:0)
    44.243 - warning: QGeoTileRequestManager: Failed to fetch tile (68651,45886,17) 5 times, giving up. Last error message was: 'Network Not Available' (default:unknown:0)
    44.243 - warning: QGeoTileRequestManager: Failed to fetch tile (68643,45887,17) 5 times, giving up. Last error message was: 'Network Not Available' (default:unknown:0)
    44.243 - warning: QGeoTileRequestManager: Failed to fetch tile (68644,45887,17) 5 times, giving up. Last error message was: 'Network Not Available' (default:unknown:0)
    44.244 - warning: QGeoTileRequestManager: Failed to fetch tile (68645,45887,17) 5 times, giving up. Last error message was: 'Network Not Available' (default:unknown:0)
    44.245 - warning: QGeoTileRequestManager: Failed to fetch tile (68646,45887,17) 5 times, giving up. Last error message was: 'Network Not Available' (default:unknown:0)
    44.245 - warning: QGeoTileRequestManager: Failed to fetch tile (68647,45887,17) 5 times, giving up. Last error message was: 'Network Not Available' (default:unknown:0)
    44.245 - warning: QGeoTileRequestManager: Failed to fetch tile (68648,45887,17) 5 times, giving up. Last error message was: 'Network Not Available' (default:unknown:0)
    44.245 - warning: QGeoTileRequestManager: Failed to fetch tile (68649,45887,17) 5 times, giving up. Last error message was: 'Network Not Available' (default:unknown:0)
    45.251 - warning: QGeoTileRequestManager: Failed to fetch tile (68650,45887,17) 5 times, giving up. Last error message was: 'Network Not Available' (default:unknown:0)
    45.251 - warning: QGeoTileRequestManager: Failed to fetch tile (68651,45887,17) 5 times, giving up. Last error message was: 'Network Not Available' (default:unknown:0)
    45.251 - warning: QGeoTileRequestManager: Failed to fetch tile (68643,45888,17) 5 times, giving up. Last error message was: 'Network Not Available' (default:unknown:0)
    45.253 - warning: QGeoTileRequestManager: Failed to fetch tile (68644,45888,17) 5 times, giving up. Last error message was: 'Network Not Available' (default:unknown:0)
    45.254 - warning: QGeoTileRequestManager: Failed to fetch tile (68645,45888,17) 5 times, giving up. Last error message was: 'Network Not Available' (default:unknown:0)
    45.254 - warning: QGeoTileRequestManager: Failed to fetch tile (68646,45888,17) 5 times, giving up. Last error message was: 'Network Not Available' (default:unknown:0)
    45.257 - warning: QGeoTileRequestManager: Failed to fetch tile (68647,45888,17) 5 times, giving up. Last error message was: 'Network Not Available' (default:unknown:0)
    45.258 - warning: QGeoTileRequestManager: Failed to fetch tile (68648,45888,17) 5 times, giving up. Last error message was: 'Network Not Available' (default:unknown:0)
    45.258 - warning: QGeoTileRequestManager: Failed to fetch tile (68649,45888,17) 5 times, giving up. Last error message was: 'Network Not Available' (default:unknown:0)
    45.262 - warning: QGeoTileRequestManager: Failed to fetch tile (68650,45888,17) 5 times, giving up. Last error message was: 'Network Not Available' (default:unknown:0)
    45.262 - warning: QGeoTileRequestManager: Failed to fetch tile (68651,45888,17) 5 times, giving up. Last error message was: 'Network Not Available' (default:unknown:0)
    45.262 - warning: QGeoTileRequestManager: Failed to fetch tile (68643,45889,17) 5 times, giving up. Last error message was: 'Network Not Available' (default:unknown:0)
    45.264 - warning: QGeoTileRequestManager: Failed to fetch tile (68644,45889,17) 5 times, giving up. Last error message was: 'Network Not Available' (default:unknown:0)
    45.265 - warning: QGeoTileRequestManager: Failed to fetch tile (68645,45889,17) 5 times, giving up. Last error message was: 'Network Not Available' (default:unknown:0)
    45.265 - warning: QGeoTileRequestManager: Failed to fetch tile (68646,45889,17) 5 times, giving up. Last error message was: 'Network Not Available' (default:unknown:0)
    45.265 - warning: QGeoTileRequestManager: Failed to fetch tile (68647,45889,17) 5 times, giving up. Last error message was: 'Network Not Available' (default:unknown:0)
    45.265 - warning: QGeoTileRequestManager: Failed to fetch tile (68648,45889,17) 5 times, giving up. Last error message was: 'Network Not Available' (default:unknown:0)
    45.265 - warning: QGeoTileRequestManager: Failed to fetch tile (68649,45889,17) 5 times, giving up. Last error message was: 'Network Not Available' (default:unknown:0)
    45.267 - warning: QGeoTileRequestManager: Failed to fetch tile (68650,45889,17) 5 times, giving up. Last error message was: 'Network Not Available' (default:unknown:0)
    45.267 - warning: QGeoTileRequestManager: Failed to fetch tile (68651,45889,17) 5 times, giving up. Last error message was: 'Network Not Available' (default:unknown:0)
    45.267 - warning: QGeoTileRequestManager: Failed to fetch tile (68643,45890,17) 5 times, giving up. Last error message was: 'Network Not Available' (default:unknown:0)
    45.267 - warning: QGeoTileRequestManager: Failed to fetch tile (68644,45890,17) 5 times, giving up. Last error message was: 'Network Not Available' (default:unknown:0)
    45.267 - warning: QGeoTileRequestManager: Failed to fetch tile (68645,45890,17) 5 times, giving up. Last error message was: 'Network Not Available' (default:unknown:0)
    45.269 - warning: QGeoTileRequestManager: Failed to fetch tile (68646,45890,17) 5 times, giving up. Last error message was: 'Network Not Available' (default:unknown:0)
    45.270 - warning: QGeoTileRequestManager: Failed to fetch tile (68647,45890,17) 5 times, giving up. Last error message was: 'Network Not Available' (default:unknown:0)
    45.272 - warning: QGeoTileRequestManager: Failed to fetch tile (68648,45890,17) 5 times, giving up. Last error message was: 'Network Not Available' (default:unknown:0)
    45.272 - warning: QGeoTileRequestManager: Failed to fetch tile (68649,45890,17) 5 times, giving up. Last error message was: 'Network Not Available' (default:unknown:0)
    45.272 - warning: QGeoTileRequestManager: Failed to fetch tile (68650,45890,17) 5 times, giving up. Last error message was: 'Network Not Available' (default:unknown:0)
    45.272 - warning: QGeoTileRequestManager: Failed to fetch tile (68651,45890,17) 5 times, giving up. Last error message was: 'Network Not Available' (default:unknown:0)
    60.271 - warning: QGeoTileRequestManager: Failed to fetch tile (68643,45886,17) 5 times, giving up. Last error message was: 'Network Not Available' (default:unknown:0)
    60.271 - warning: QGeoTileRequestManager: Failed to fetch tile (68644,45886,17) 5 times, giving up. Last error message was: 'Network Not Available' (default:unknown:0)
    60.271 - warning: QGeoTileRequestManager: Failed to fetch tile (68645,45886,17) 5 times, giving up. Last error message was: 'Network Not Available' (default:unknown:0)
    60.273 - warning: QGeoTileRequestManager: Failed to fetch tile (68646,45886,17) 5 times, giving up. Last error message was: 'Network Not Available' (default:unknown:0)
    60.273 - warning: QGeoTileRequestManager: Failed to fetch tile (68647,45886,17) 5 times, giving up. Last error message was: 'Network Not Available' (default:unknown:0)
    60.273 - warning: QGeoTileRequestManager: Failed to fetch tile (68648,45886,17) 5 times, giving up. Last error message was: 'Network Not Available' (default:unknown:0)
    60.273 - warning: QGeoTileRequestManager: Failed to fetch tile (68649,45886,17) 5 times, giving up. Last error message was: 'Network Not Available' (default:unknown:0)
    60.273 - warning: QGeoTileRequestManager: Failed to fetch tile (68650,45886,17) 5 times, giving up. Last error message was: 'Network Not Available' (default:unknown:0)
    60.273 - warning: QGeoTileRequestManager: Failed to fetch tile (68651,45886,17) 5 times, giving up. Last error message was: 'Network Not Available' (default:unknown:0)
    60.274 - warning: QGeoTileRequestManager: Failed to fetch tile (68643,45887,17) 5 times, giving up. Last error message was: 'Network Not Available' (default:unknown:0)
    60.274 - warning: QGeoTileRequestManager: Failed to fetch tile (68644,45887,17) 5 times, giving up. Last error message was: 'Network Not Available' (default:unknown:0)
    60.277 - warning: QGeoTileRequestManager: Failed to fetch tile (68645,45887,17) 5 times, giving up. Last error message was: 'Network Not Available' (default:unknown:0)
    60.277 - warning: QGeoTileRequestManager: Failed to fetch tile (68646,45887,17) 5 times, giving up. Last error message was: 'Network Not Available' (default:unknown:0)
    60.277 - warning: QGeoTileRequestManager: Failed to fetch tile (68647,45887,17) 5 times, giving up. Last error message was: 'Network Not Available' (default:unknown:0)
    60.277 - warning: QGeoTileRequestManager: Failed to fetch tile (68648,45887,17) 5 times, giving up. Last error message was: 'Network Not Available' (default:unknown:0)
    60.278 - warning: QGeoTileRequestManager: Failed to fetch tile (68649,45887,17) 5 times, giving up. Last error message was: 'Network Not Available' (default:unknown:0)
    61.243 - warning: QGeoTileRequestManager: Failed to fetch tile (68650,45887,17) 5 times, giving up. Last error message was: 'Network Not Available' (default:unknown:0)
    61.247 - warning: QGeoTileRequestManager: Failed to fetch tile (68651,45887,17) 5 times, giving up. Last error message was: 'Network Not Available' (default:unknown:0)
    61.247 - warning: QGeoTileRequestManager: Failed to fetch tile (68643,45888,17) 5 times, giving up. Last error message was: 'Network Not Available' (default:unknown:0)
    61.249 - warning: QGeoTileRequestManager: Failed to fetch tile (68644,45888,17) 5 times, giving up. Last error message was: 'Network Not Available' (default:unknown:0)
    61.249 - warning: QGeoTileRequestManager: Failed to fetch tile (68645,45888,17) 5 times, giving up. Last error message was: 'Network Not Available' (default:unknown:0)
    61.250 - warning: QGeoTileRequestManager: Failed to fetch tile (68646,45888,17) 5 times, giving up. Last error message was: 'Network Not Available' (default:unknown:0)
    61.250 - warning: QGeoTileRequestManager: Failed to fetch tile (68647,45888,17) 5 times, giving up. Last error message was: 'Network Not Available' (default:unknown:0)
    61.250 - warning: QGeoTileRequestManager: Failed to fetch tile (68648,45888,17) 5 times, giving up. Last error message was: 'Network Not Available' (default:unknown:0)
    61.250 - warning: QGeoTileRequestManager: Failed to fetch tile (68649,45888,17) 5 times, giving up. Last error message was: 'Network Not Available' (default:unknown:0)
    61.251 - warning: QGeoTileRequestManager: Failed to fetch tile (68650,45888,17) 5 times, giving up. Last error message was: 'Network Not Available' (default:unknown:0)
    61.251 - warning: QGeoTileRequestManager: Failed to fetch tile (68651,45888,17) 5 times, giving up. Last error message was: 'Network Not Available' (default:unknown:0)
    61.251 - warning: QGeoTileRequestManager: Failed to fetch tile (68643,45889,17) 5 times, giving up. Last error message was: 'Network Not Available' (default:unknown:0)
    61.252 - warning: QGeoTileRequestManager: Failed to fetch tile (68644,45889,17) 5 times, giving up. Last error message was: 'Network Not Available' (default:unknown:0)
    61.252 - warning: QGeoTileRequestManager: Failed to fetch tile (68645,45889,17) 5 times, giving up. Last error message was: 'Network Not Available' (default:unknown:0)
    61.252 - warning: QGeoTileRequestManager: Failed to fetch tile (68646,45889,17) 5 times, giving up. Last error message was: 'Network Not Available' (default:unknown:0)
    61.252 - warning: QGeoTileRequestManager: Failed to fetch tile (68647,45889,17) 5 times, giving up. Last error message was: 'Network Not Available' (default:unknown:0)
    61.252 - warning: QGeoTileRequestManager: Failed to fetch tile (68648,45889,17) 5 times, giving up. Last error message was: 'Network Not Available' (default:unknown:0)
    61.253 - warning: QGeoTileRequestManager: Failed to fetch tile (68649,45889,17) 5 times, giving up. Last error message was: 'Network Not Available' (default:unknown:0)
    61.253 - warning: QGeoTileRequestManager: Failed to fetch tile (68650,45889,17) 5 times, giving up. Last error message was: 'Network Not Available' (default:unknown:0)
    61.254 - warning: QGeoTileRequestManager: Failed to fetch tile (68651,45889,17) 5 times, giving up. Last error message was: 'Network Not Available' (default:unknown:0)
    61.256 - warning: QGeoTileRequestManager: Failed to fetch tile (68643,45890,17) 5 times, giving up. Last error message was: 'Network Not Available' (default:unknown:0)
    61.256 - warning: QGeoTileRequestManager: Failed to fetch tile (68644,45890,17) 5 times, giving up. Last error message was: 'Network Not Available' (default:unknown:0)
    61.259 - warning: QGeoTileRequestManager: Failed to fetch tile (68645,45890,17) 5 times, giving up. Last error message was: 'Network Not Available' (default:unknown:0)
    61.259 - warning: QGeoTileRequestManager: Failed to fetch tile (68646,45890,17) 5 times, giving up. Last error message was: 'Network Not Available' (default:unknown:0)
    61.260 - warning: QGeoTileRequestManager: Failed to fetch tile (68647,45890,17) 5 times, giving up. Last error message was: 'Network Not Available' (default:unknown:0)
    61.261 - warning: QGeoTileRequestManager: Failed to fetch tile (68648,45890,17) 5 times, giving up. Last error message was: 'Network Not Available' (default:unknown:0)
    61.261 - warning: QGeoTileRequestManager: Failed to fetch tile (68649,45890,17) 5 times, giving up. Last error message was: 'Network Not Available' (default:unknown:0)
    61.261 - warning: QGeoTileRequestManager: Failed to fetch tile (68650,45890,17) 5 times, giving up. Last error message was: 'Network Not Available' (default:unknown:0)
    61.262 - warning: QGeoTileRequestManager: Failed to fetch tile (68651,45890,17) 5 times, giving up. Last error message was: 'Network Not Available' (default:unknown:0)
    61.508 - warning: qrc:/qml/QGroundControl/FlightMap/Widgets/PhotoVideoControl.qml:36: TypeError: Cannot read property 'currentCameraInstance' of null (default:unknown:36)
    61.508 - warning: qrc:/qml/QGroundControl/FlightMap/Widgets/PhotoVideoControl.qml:88: TypeError: Cannot read property 'cameras' of null (default:unknown:88)
    61.509 - warning: qrc:/qml/QGroundControl/FlightMap/Widgets/PhotoVideoControl.qml:36: TypeError: Cannot read property 'currentCameraInstance' of null (default:unknown:36)
    61.509 - warning: qrc:/qml/QGroundControl/FlightMap/Widgets/PhotoVideoControl.qml:88: TypeError: Cannot read property 'cameras' of null (default:unknown:88)
    61.509 - warning: qrc:/qml/QGroundControl/FlightMap/Widgets/PhotoVideoControl.qml:267: TypeError: Cannot read property 'trackingEnabled' of null (default:unknown:267)
    61.509 - warning: qrc:/qml/QGroundControl/FlightMap/Widgets/PhotoVideoControl.qml:252: TypeError: Cannot read property 'batteryRemainingStr' of null (default:unknown:252)
    61.509 - warning: qrc:/qml/QGroundControl/FlightMap/Widgets/PhotoVideoControl.qml:254: TypeError: Cannot read property 'batteryRemaining' of null (default:unknown:254)
    61.509 - warning: qrc:/qml/QGroundControl/FlightMap/Widgets/PhotoVideoControl.qml:245: TypeError: Cannot read property 'storageFreeStr' of null (default:unknown:245)
    61.509 - warning: qrc:/qml/QGroundControl/FlightMap/Widgets/PhotoVideoControl.qml:247: TypeError: Cannot read property 'storageStatus' of null (default:unknown:247)
    61.509 - warning: qrc:/qml/QGroundControl/FlightMap/Widgets/PhotoVideoControl.qml:37: TypeError: Cannot read property 'cameraMode' of null (default:unknown:37)
    61.509 - warning: qrc:/qml/QGroundControl/FlightMap/Widgets/PhotoVideoControl.qml:39: TypeError: Cannot read property 'videoCaptureStatus' of null (default:unknown:39)
    61.509 - warning: qrc:/qml/QGroundControl/FlightMap/Widgets/PhotoVideoControl.qml:181: TypeError: Cannot read property 'videoCaptureStatus' of null (default:unknown:181)
    61.509 - warning: qrc:/qml/QGroundControl/FlightMap/Widgets/PhotoVideoControl.qml:98: TypeError: Cannot read property 'hasModes' of null (default:unknown:98)
    61.509 - warning: qrc:/qml/QGroundControl/FlightMap/Widgets/PhotoVideoControl.qml:87: TypeError: Cannot read property 'modelName' of null (default:unknown:87)
    61.509 - warning: qrc:/qml/QGroundControl/FlightMap/Widgets/PhotoVideoControl.qml:72: TypeError: Cannot read property 'zoomLevel' of null (default:unknown:72)
    61.509 - warning: qrc:/qml/QGroundControl/FlightMap/Widgets/PhotoVideoControl.qml:58: TypeError: Cannot read property 'hasZoom' of null (default:unknown:58)
    61.509 - warning: qrc:/qml/QGroundControl/FlightMap/Widgets/PhotoVideoControl.qml:30: TypeError: Cannot read property 'capturesVideo' of null (default:unknown:30)
    61.509 - warning: qrc:/qml/QGroundControl/FlightMap/Widgets/PhotoVideoControl.qml:40: TypeError: Cannot read property 'photoCaptureStatus' of null (default:unknown:40)
    61.509 - warning: qrc:/qml/QGroundControl/FlightMap/Widgets/PhotoVideoControl.qml:41: TypeError: Cannot read property 'photoCaptureStatus' of null (default:unknown:41)
    61.509 - warning: qrc:/qml/QGroundControl/FlightMap/Widgets/PhotoVideoControl.qml:267: TypeError: Cannot read property 'trackingEnabled' of null (default:unknown:267)
    61.509 - warning: qrc:/qml/QGroundControl/FlightMap/Widgets/PhotoVideoControl.qml:252: TypeError: Cannot read property 'batteryRemainingStr' of null (default:unknown:252)
    61.509 - warning: qrc:/qml/QGroundControl/FlightMap/Widgets/PhotoVideoControl.qml:254: TypeError: Cannot read property 'batteryRemaining' of null (default:unknown:254)
    61.509 - warning: qrc:/qml/QGroundControl/FlightMap/Widgets/PhotoVideoControl.qml:245: TypeError: Cannot read property 'storageFreeStr' of null (default:unknown:245)
    61.509 - warning: qrc:/qml/QGroundControl/FlightMap/Widgets/PhotoVideoControl.qml:247: TypeError: Cannot read property 'storageStatus' of null (default:unknown:247)
    61.509 - warning: qrc:/qml/QGroundControl/FlightMap/Widgets/PhotoVideoControl.qml:37: TypeError: Cannot read property 'cameraMode' of null (default:unknown:37)
    61.510 - warning: qrc:/qml/QGroundControl/FlightMap/Widgets/PhotoVideoControl.qml:39: TypeError: Cannot read property 'videoCaptureStatus' of null (default:unknown:39)
    61.510 - warning: qrc:/qml/QGroundControl/FlightMap/Widgets/PhotoVideoControl.qml:181: TypeError: Cannot read property 'videoCaptureStatus' of null (default:unknown:181)
    61.510 - warning: qrc:/qml/QGroundControl/FlightMap/Widgets/PhotoVideoControl.qml:98: TypeError: Cannot read property 'hasModes' of null (default:unknown:98)
    61.510 - warning: qrc:/qml/QGroundControl/FlightMap/Widgets/PhotoVideoControl.qml:87: TypeError: Cannot read property 'modelName' of null (default:unknown:87)
    61.510 - warning: qrc:/qml/QGroundControl/FlightMap/Widgets/PhotoVideoControl.qml:72: TypeError: Cannot read property 'zoomLevel' of null (default:unknown:72)
    61.510 - warning: qrc:/qml/QGroundControl/FlightMap/Widgets/PhotoVideoControl.qml:58: TypeError: Cannot read property 'hasZoom' of null (default:unknown:58)
    61.510 - warning: qrc:/qml/QGroundControl/FlightMap/Widgets/PhotoVideoControl.qml:30: TypeError: Cannot read property 'capturesVideo' of null (default:unknown:30)
    61.510 - warning: qrc:/qml/QGroundControl/FlightMap/Widgets/PhotoVideoControl.qml:40: TypeError: Cannot read property 'photoCaptureStatus' of null (default:unknown:40)
    61.510 - warning: qrc:/qml/QGroundControl/FlightMap/Widgets/PhotoVideoControl.qml:41: TypeError: Cannot read property 'photoCaptureStatus' of null (default:unknown:41)
    61.510 - warning: qrc:/qml/QGroundControl/FlightMap/Widgets/PhotoVideoControl.qml:36: TypeError: Cannot read property 'currentCameraInstance' of null (default:unknown:36)
    61.510 - warning: qrc:/qml/QGroundControl/FlightMap/Widgets/PhotoVideoControl.qml:88: TypeError: Cannot read property 'cameras' of null (default:unknown:88)
    61.510 - warning: qrc:/qml/QGroundControl/FlightMap/Widgets/PhotoVideoControl.qml:36: TypeError: Cannot read property 'currentCameraInstance' of null (default:unknown:36)
    61.510 - warning: qrc:/qml/QGroundControl/FlightMap/Widgets/PhotoVideoControl.qml:88: TypeError: Cannot read property 'cameras' of null (default:unknown:88)
    61.645 - debug: Exiting main (default:unknown:0)
