     0.056 - debug: Settings location "/home/priyanshu/.config/QGroundControl/QGroundControl.ini" Is writable?: true (qgc.qgcapplication:unknown:0)
     0.085 - debug: Filter rules "*Log.debug=false\nqgc.*.debug=false\nqgc.videomanager.videoreceiver.gstreamer.api.debug=true\nqt.qml.connections=false" (qgc.utilities.qgcloggingcategory:unknown:0)
     7.650 - critical: Error loading text-to-speech plug-in "speechd" (default:unknown:0)
    24.682 - warning: QGeoTileRequestManager: Failed to fetch tile (68646,45887,17) 5 times, giving up. Last error message was: 'Network Not Available' (default:unknown:0)
    24.687 - warning: QGeoTileRequestManager: Failed to fetch tile (68646,45887,17) 5 times, giving up. Last error message was: 'Network Not Available' (default:unknown:0)
    24.687 - warning: QGeoTileRequestManager: Failed to fetch tile (68647,45887,17) 5 times, giving up. Last error message was: 'Network Not Available' (default:unknown:0)
    24.688 - warning: QGeoTileRequestManager: Failed to fetch tile (68647,45887,17) 5 times, giving up. Last error message was: 'Network Not Available' (default:unknown:0)
    24.688 - warning: QGeoTileRequestManager: Failed to fetch tile (68648,45887,17) 5 times, giving up. Last error message was: 'Network Not Available' (default:unknown:0)
    24.690 - warning: QGeoTileRequestManager: Failed to fetch tile (68648,45887,17) 5 times, giving up. Last error message was: 'Network Not Available' (default:unknown:0)
    24.690 - warning: QGeoTileRequestManager: Failed to fetch tile (68646,45888,17) 5 times, giving up. Last error message was: 'Network Not Available' (default:unknown:0)
    24.690 - warning: QGeoTileRequestManager: Failed to fetch tile (68646,45888,17) 5 times, giving up. Last error message was: 'Network Not Available' (default:unknown:0)
    24.692 - warning: QGeoTileRequestManager: Failed to fetch tile (68647,45888,17) 5 times, giving up. Last error message was: 'Network Not Available' (default:unknown:0)
    24.692 - warning: QGeoTileRequestManager: Failed to fetch tile (68647,45888,17) 5 times, giving up. Last error message was: 'Network Not Available' (default:unknown:0)
    24.693 - warning: QGeoTileRequestManager: Failed to fetch tile (68648,45888,17) 5 times, giving up. Last error message was: 'Network Not Available' (default:unknown:0)
    24.694 - warning: QGeoTileRequestManager: Failed to fetch tile (68648,45888,17) 5 times, giving up. Last error message was: 'Network Not Available' (default:unknown:0)
    24.694 - warning: QGeoTileRequestManager: Failed to fetch tile (68646,45889,17) 5 times, giving up. Last error message was: 'Network Not Available' (default:unknown:0)
    24.694 - warning: QGeoTileRequestManager: Failed to fetch tile (68646,45889,17) 5 times, giving up. Last error message was: 'Network Not Available' (default:unknown:0)
    24.695 - warning: QGeoTileRequestManager: Failed to fetch tile (68647,45889,17) 5 times, giving up. Last error message was: 'Network Not Available' (default:unknown:0)
    24.695 - warning: QGeoTileRequestManager: Failed to fetch tile (68647,45889,17) 5 times, giving up. Last error message was: 'Network Not Available' (default:unknown:0)
    24.695 - warning: QGeoTileRequestManager: Failed to fetch tile (68648,45889,17) 5 times, giving up. Last error message was: 'Network Not Available' (default:unknown:0)
    24.695 - warning: QGeoTileRequestManager: Failed to fetch tile (68648,45889,17) 5 times, giving up. Last error message was: 'Network Not Available' (default:unknown:0)
    24.695 - warning: QGeoTileRequestManager: Failed to fetch tile (68649,45889,17) 5 times, giving up. Last error message was: 'Network Not Available' (default:unknown:0)
    24.696 - warning: QGeoTileRequestManager: Failed to fetch tile (68649,45889,17) 5 times, giving up. Last error message was: 'Network Not Available' (default:unknown:0)
    24.696 - warning: QGeoTileRequestManager: Failed to fetch tile (68650,45889,17) 5 times, giving up. Last error message was: 'Network Not Available' (default:unknown:0)
    24.698 - warning: QGeoTileRequestManager: Failed to fetch tile (68650,45889,17) 5 times, giving up. Last error message was: 'Network Not Available' (default:unknown:0)
    24.698 - warning: QGeoTileRequestManager: Failed to fetch tile (68645,45887,17) 5 times, giving up. Last error message was: 'Network Not Available' (default:unknown:0)
    24.698 - warning: QGeoTileRequestManager: Failed to fetch tile (68645,45887,17) 5 times, giving up. Last error message was: 'Network Not Available' (default:unknown:0)
    24.698 - warning: QGeoTileRequestManager: Failed to fetch tile (68649,45887,17) 5 times, giving up. Last error message was: 'Network Not Available' (default:unknown:0)
    24.698 - warning: QGeoTileRequestManager: Failed to fetch tile (68649,45887,17) 5 times, giving up. Last error message was: 'Network Not Available' (default:unknown:0)
    24.698 - warning: QGeoTileRequestManager: Failed to fetch tile (68650,45887,17) 5 times, giving up. Last error message was: 'Network Not Available' (default:unknown:0)
    24.699 - warning: QGeoTileRequestManager: Failed to fetch tile (68650,45887,17) 5 times, giving up. Last error message was: 'Network Not Available' (default:unknown:0)
    24.699 - warning: QGeoTileRequestManager: Failed to fetch tile (68645,45888,17) 5 times, giving up. Last error message was: 'Network Not Available' (default:unknown:0)
    24.699 - warning: QGeoTileRequestManager: Failed to fetch tile (68645,45888,17) 5 times, giving up. Last error message was: 'Network Not Available' (default:unknown:0)
    24.700 - warning: QGeoTileRequestManager: Failed to fetch tile (68649,45888,17) 5 times, giving up. Last error message was: 'Network Not Available' (default:unknown:0)
    24.700 - warning: QGeoTileRequestManager: Failed to fetch tile (68649,45888,17) 5 times, giving up. Last error message was: 'Network Not Available' (default:unknown:0)
    24.701 - warning: QGeoTileRequestManager: Failed to fetch tile (68650,45888,17) 5 times, giving up. Last error message was: 'Network Not Available' (default:unknown:0)
    24.702 - warning: QGeoTileRequestManager: Failed to fetch tile (68650,45888,17) 5 times, giving up. Last error message was: 'Network Not Available' (default:unknown:0)
    24.702 - warning: QGeoTileRequestManager: Failed to fetch tile (68645,45889,17) 5 times, giving up. Last error message was: 'Network Not Available' (default:unknown:0)
    24.703 - warning: QGeoTileRequestManager: Failed to fetch tile (68645,45889,17) 5 times, giving up. Last error message was: 'Network Not Available' (default:unknown:0)
    24.703 - warning: QGeoTileRequestManager: Failed to fetch tile (68651,45888,17) 5 times, giving up. Last error message was: 'Network Not Available' (default:unknown:0)
    24.703 - warning: QGeoTileRequestManager: Failed to fetch tile (68651,45888,17) 5 times, giving up. Last error message was: 'Network Not Available' (default:unknown:0)
    24.703 - warning: QGeoTileRequestManager: Failed to fetch tile (68643,45889,17) 5 times, giving up. Last error message was: 'Network Not Available' (default:unknown:0)
    24.703 - warning: QGeoTileRequestManager: Failed to fetch tile (68643,45889,17) 5 times, giving up. Last error message was: 'Network Not Available' (default:unknown:0)
    24.703 - warning: QGeoTileRequestManager: Failed to fetch tile (68644,45889,17) 5 times, giving up. Last error message was: 'Network Not Available' (default:unknown:0)
    24.703 - warning: QGeoTileRequestManager: Failed to fetch tile (68644,45889,17) 5 times, giving up. Last error message was: 'Network Not Available' (default:unknown:0)
    24.705 - warning: QGeoTileRequestManager: Failed to fetch tile (68651,45889,17) 5 times, giving up. Last error message was: 'Network Not Available' (default:unknown:0)
    24.705 - warning: QGeoTileRequestManager: Failed to fetch tile (68651,45889,17) 5 times, giving up. Last error message was: 'Network Not Available' (default:unknown:0)
    24.705 - warning: QGeoTileRequestManager: Failed to fetch tile (68643,45887,17) 5 times, giving up. Last error message was: 'Network Not Available' (default:unknown:0)
    24.707 - warning: QGeoTileRequestManager: Failed to fetch tile (68643,45887,17) 5 times, giving up. Last error message was: 'Network Not Available' (default:unknown:0)
    24.707 - warning: QGeoTileRequestManager: Failed to fetch tile (68644,45887,17) 5 times, giving up. Last error message was: 'Network Not Available' (default:unknown:0)
    24.707 - warning: QGeoTileRequestManager: Failed to fetch tile (68644,45887,17) 5 times, giving up. Last error message was: 'Network Not Available' (default:unknown:0)
    24.708 - warning: QGeoTileRequestManager: Failed to fetch tile (68651,45887,17) 5 times, giving up. Last error message was: 'Network Not Available' (default:unknown:0)
    24.709 - warning: QGeoTileRequestManager: Failed to fetch tile (68651,45887,17) 5 times, giving up. Last error message was: 'Network Not Available' (default:unknown:0)
    24.709 - warning: QGeoTileRequestManager: Failed to fetch tile (68643,45888,17) 5 times, giving up. Last error message was: 'Network Not Available' (default:unknown:0)
    24.710 - warning: QGeoTileRequestManager: Failed to fetch tile (68643,45888,17) 5 times, giving up. Last error message was: 'Network Not Available' (default:unknown:0)
    24.710 - warning: QGeoTileRequestManager: Failed to fetch tile (68644,45888,17) 5 times, giving up. Last error message was: 'Network Not Available' (default:unknown:0)
    24.710 - warning: QGeoTileRequestManager: Failed to fetch tile (68644,45888,17) 5 times, giving up. Last error message was: 'Network Not Available' (default:unknown:0)
    24.711 - warning: QGeoTileRequestManager: Failed to fetch tile (68651,45890,17) 5 times, giving up. Last error message was: 'Network Not Available' (default:unknown:0)
    24.711 - warning: QGeoTileRequestManager: Failed to fetch tile (68651,45890,17) 5 times, giving up. Last error message was: 'Network Not Available' (default:unknown:0)
    24.712 - warning: QGeoTileRequestManager: Failed to fetch tile (68643,45886,17) 5 times, giving up. Last error message was: 'Network Not Available' (default:unknown:0)
    24.712 - warning: QGeoTileRequestManager: Failed to fetch tile (68643,45886,17) 5 times, giving up. Last error message was: 'Network Not Available' (default:unknown:0)
    24.713 - warning: QGeoTileRequestManager: Failed to fetch tile (68644,45886,17) 5 times, giving up. Last error message was: 'Network Not Available' (default:unknown:0)
    24.713 - warning: QGeoTileRequestManager: Failed to fetch tile (68644,45886,17) 5 times, giving up. Last error message was: 'Network Not Available' (default:unknown:0)
    24.714 - warning: QGeoTileRequestManager: Failed to fetch tile (68645,45886,17) 5 times, giving up. Last error message was: 'Network Not Available' (default:unknown:0)
    24.714 - warning: QGeoTileRequestManager: Failed to fetch tile (68645,45886,17) 5 times, giving up. Last error message was: 'Network Not Available' (default:unknown:0)
    24.714 - warning: QGeoTileRequestManager: Failed to fetch tile (68646,45886,17) 5 times, giving up. Last error message was: 'Network Not Available' (default:unknown:0)
    24.715 - warning: QGeoTileRequestManager: Failed to fetch tile (68646,45886,17) 5 times, giving up. Last error message was: 'Network Not Available' (default:unknown:0)
    24.715 - warning: QGeoTileRequestManager: Failed to fetch tile (68647,45886,17) 5 times, giving up. Last error message was: 'Network Not Available' (default:unknown:0)
    24.719 - warning: QGeoTileRequestManager: Failed to fetch tile (68647,45886,17) 5 times, giving up. Last error message was: 'Network Not Available' (default:unknown:0)
    24.719 - warning: QGeoTileRequestManager: Failed to fetch tile (68648,45886,17) 5 times, giving up. Last error message was: 'Network Not Available' (default:unknown:0)
    24.720 - warning: QGeoTileRequestManager: Failed to fetch tile (68648,45886,17) 5 times, giving up. Last error message was: 'Network Not Available' (default:unknown:0)
    24.720 - warning: QGeoTileRequestManager: Failed to fetch tile (68649,45886,17) 5 times, giving up. Last error message was: 'Network Not Available' (default:unknown:0)
    24.721 - warning: QGeoTileRequestManager: Failed to fetch tile (68649,45886,17) 5 times, giving up. Last error message was: 'Network Not Available' (default:unknown:0)
    24.721 - warning: QGeoTileRequestManager: Failed to fetch tile (68650,45886,17) 5 times, giving up. Last error message was: 'Network Not Available' (default:unknown:0)
    24.722 - warning: QGeoTileRequestManager: Failed to fetch tile (68650,45886,17) 5 times, giving up. Last error message was: 'Network Not Available' (default:unknown:0)
    24.723 - warning: QGeoTileRequestManager: Failed to fetch tile (68651,45886,17) 5 times, giving up. Last error message was: 'Network Not Available' (default:unknown:0)
    24.723 - warning: QGeoTileRequestManager: Failed to fetch tile (68651,45886,17) 5 times, giving up. Last error message was: 'Network Not Available' (default:unknown:0)
    24.723 - warning: QGeoTileRequestManager: Failed to fetch tile (68643,45890,17) 5 times, giving up. Last error message was: 'Network Not Available' (default:unknown:0)
    24.724 - warning: QGeoTileRequestManager: Failed to fetch tile (68643,45890,17) 5 times, giving up. Last error message was: 'Network Not Available' (default:unknown:0)
    24.724 - warning: QGeoTileRequestManager: Failed to fetch tile (68644,45890,17) 5 times, giving up. Last error message was: 'Network Not Available' (default:unknown:0)
    24.726 - warning: QGeoTileRequestManager: Failed to fetch tile (68644,45890,17) 5 times, giving up. Last error message was: 'Network Not Available' (default:unknown:0)
    24.726 - warning: QGeoTileRequestManager: Failed to fetch tile (68645,45890,17) 5 times, giving up. Last error message was: 'Network Not Available' (default:unknown:0)
    24.727 - warning: QGeoTileRequestManager: Failed to fetch tile (68645,45890,17) 5 times, giving up. Last error message was: 'Network Not Available' (default:unknown:0)
    24.727 - warning: QGeoTileRequestManager: Failed to fetch tile (68646,45890,17) 5 times, giving up. Last error message was: 'Network Not Available' (default:unknown:0)
    24.727 - warning: QGeoTileRequestManager: Failed to fetch tile (68646,45890,17) 5 times, giving up. Last error message was: 'Network Not Available' (default:unknown:0)
    24.728 - warning: QGeoTileRequestManager: Failed to fetch tile (68647,45890,17) 5 times, giving up. Last error message was: 'Network Not Available' (default:unknown:0)
    24.729 - warning: QGeoTileRequestManager: Failed to fetch tile (68647,45890,17) 5 times, giving up. Last error message was: 'Network Not Available' (default:unknown:0)
    24.730 - warning: QGeoTileRequestManager: Failed to fetch tile (68648,45890,17) 5 times, giving up. Last error message was: 'Network Not Available' (default:unknown:0)
    24.730 - warning: QGeoTileRequestManager: Failed to fetch tile (68648,45890,17) 5 times, giving up. Last error message was: 'Network Not Available' (default:unknown:0)
    24.730 - warning: QGeoTileRequestManager: Failed to fetch tile (68649,45890,17) 5 times, giving up. Last error message was: 'Network Not Available' (default:unknown:0)
    24.730 - warning: QGeoTileRequestManager: Failed to fetch tile (68649,45890,17) 5 times, giving up. Last error message was: 'Network Not Available' (default:unknown:0)
    24.730 - warning: QGeoTileRequestManager: Failed to fetch tile (68650,45890,17) 5 times, giving up. Last error message was: 'Network Not Available' (default:unknown:0)
    24.730 - warning: QGeoTileRequestManager: Failed to fetch tile (68650,45890,17) 5 times, giving up. Last error message was: 'Network Not Available' (default:unknown:0)
    40.698 - warning: QGeoTileRequestManager: Failed to fetch tile (68646,45890,17) 5 times, giving up. Last error message was: 'Network Not Available' (default:unknown:0)
    40.698 - warning: QGeoTileRequestManager: Failed to fetch tile (68647,45890,17) 5 times, giving up. Last error message was: 'Network Not Available' (default:unknown:0)
    40.698 - warning: QGeoTileRequestManager: Failed to fetch tile (68648,45890,17) 5 times, giving up. Last error message was: 'Network Not Available' (default:unknown:0)
    40.698 - warning: QGeoTileRequestManager: Failed to fetch tile (68649,45890,17) 5 times, giving up. Last error message was: 'Network Not Available' (default:unknown:0)
    40.698 - warning: QGeoTileRequestManager: Failed to fetch tile (68650,45890,17) 5 times, giving up. Last error message was: 'Network Not Available' (default:unknown:0)
    40.698 - warning: QGeoTileRequestManager: Failed to fetch tile (68651,45890,17) 5 times, giving up. Last error message was: 'Network Not Available' (default:unknown:0)
    40.698 - warning: QGeoTileRequestManager: Failed to fetch tile (68643,45886,17) 5 times, giving up. Last error message was: 'Network Not Available' (default:unknown:0)
    40.698 - warning: QGeoTileRequestManager: Failed to fetch tile (68644,45886,17) 5 times, giving up. Last error message was: 'Network Not Available' (default:unknown:0)
    40.701 - warning: QGeoTileRequestManager: Failed to fetch tile (68645,45886,17) 5 times, giving up. Last error message was: 'Network Not Available' (default:unknown:0)
    40.702 - warning: QGeoTileRequestManager: Failed to fetch tile (68646,45886,17) 5 times, giving up. Last error message was: 'Network Not Available' (default:unknown:0)
    40.703 - warning: QGeoTileRequestManager: Failed to fetch tile (68647,45886,17) 5 times, giving up. Last error message was: 'Network Not Available' (default:unknown:0)
    40.704 - warning: QGeoTileRequestManager: Failed to fetch tile (68648,45886,17) 5 times, giving up. Last error message was: 'Network Not Available' (default:unknown:0)
    40.705 - warning: QGeoTileRequestManager: Failed to fetch tile (68649,45886,17) 5 times, giving up. Last error message was: 'Network Not Available' (default:unknown:0)
    40.705 - warning: QGeoTileRequestManager: Failed to fetch tile (68650,45886,17) 5 times, giving up. Last error message was: 'Network Not Available' (default:unknown:0)
    40.706 - warning: QGeoTileRequestManager: Failed to fetch tile (68651,45886,17) 5 times, giving up. Last error message was: 'Network Not Available' (default:unknown:0)
    40.707 - warning: QGeoTileRequestManager: Failed to fetch tile (68643,45887,17) 5 times, giving up. Last error message was: 'Network Not Available' (default:unknown:0)
    40.708 - warning: QGeoTileRequestManager: Failed to fetch tile (68644,45887,17) 5 times, giving up. Last error message was: 'Network Not Available' (default:unknown:0)
    40.709 - warning: QGeoTileRequestManager: Failed to fetch tile (68645,45887,17) 5 times, giving up. Last error message was: 'Network Not Available' (default:unknown:0)
    40.709 - warning: QGeoTileRequestManager: Failed to fetch tile (68646,45887,17) 5 times, giving up. Last error message was: 'Network Not Available' (default:unknown:0)
    40.709 - warning: QGeoTileRequestManager: Failed to fetch tile (68647,45887,17) 5 times, giving up. Last error message was: 'Network Not Available' (default:unknown:0)
    40.710 - warning: QGeoTileRequestManager: Failed to fetch tile (68648,45887,17) 5 times, giving up. Last error message was: 'Network Not Available' (default:unknown:0)
    40.710 - warning: QGeoTileRequestManager: Failed to fetch tile (68649,45887,17) 5 times, giving up. Last error message was: 'Network Not Available' (default:unknown:0)
    40.711 - warning: QGeoTileRequestManager: Failed to fetch tile (68650,45887,17) 5 times, giving up. Last error message was: 'Network Not Available' (default:unknown:0)
    40.712 - warning: QGeoTileRequestManager: Failed to fetch tile (68651,45887,17) 5 times, giving up. Last error message was: 'Network Not Available' (default:unknown:0)
    40.716 - warning: QGeoTileRequestManager: Failed to fetch tile (68643,45888,17) 5 times, giving up. Last error message was: 'Network Not Available' (default:unknown:0)
    40.717 - warning: QGeoTileRequestManager: Failed to fetch tile (68644,45888,17) 5 times, giving up. Last error message was: 'Network Not Available' (default:unknown:0)
    40.717 - warning: QGeoTileRequestManager: Failed to fetch tile (68645,45888,17) 5 times, giving up. Last error message was: 'Network Not Available' (default:unknown:0)
    40.717 - warning: QGeoTileRequestManager: Failed to fetch tile (68646,45888,17) 5 times, giving up. Last error message was: 'Network Not Available' (default:unknown:0)
    40.717 - warning: QGeoTileRequestManager: Failed to fetch tile (68647,45888,17) 5 times, giving up. Last error message was: 'Network Not Available' (default:unknown:0)
    40.718 - warning: QGeoTileRequestManager: Failed to fetch tile (68648,45888,17) 5 times, giving up. Last error message was: 'Network Not Available' (default:unknown:0)
    40.718 - warning: QGeoTileRequestManager: Failed to fetch tile (68649,45888,17) 5 times, giving up. Last error message was: 'Network Not Available' (default:unknown:0)
    40.719 - warning: QGeoTileRequestManager: Failed to fetch tile (68650,45888,17) 5 times, giving up. Last error message was: 'Network Not Available' (default:unknown:0)
    40.720 - warning: QGeoTileRequestManager: Failed to fetch tile (68651,45888,17) 5 times, giving up. Last error message was: 'Network Not Available' (default:unknown:0)
    40.720 - warning: QGeoTileRequestManager: Failed to fetch tile (68643,45889,17) 5 times, giving up. Last error message was: 'Network Not Available' (default:unknown:0)
    40.720 - warning: QGeoTileRequestManager: Failed to fetch tile (68644,45889,17) 5 times, giving up. Last error message was: 'Network Not Available' (default:unknown:0)
    40.721 - warning: QGeoTileRequestManager: Failed to fetch tile (68645,45889,17) 5 times, giving up. Last error message was: 'Network Not Available' (default:unknown:0)
    40.721 - warning: QGeoTileRequestManager: Failed to fetch tile (68646,45889,17) 5 times, giving up. Last error message was: 'Network Not Available' (default:unknown:0)
    40.721 - warning: QGeoTileRequestManager: Failed to fetch tile (68647,45889,17) 5 times, giving up. Last error message was: 'Network Not Available' (default:unknown:0)
    40.722 - warning: QGeoTileRequestManager: Failed to fetch tile (68648,45889,17) 5 times, giving up. Last error message was: 'Network Not Available' (default:unknown:0)
    40.723 - warning: QGeoTileRequestManager: Failed to fetch tile (68649,45889,17) 5 times, giving up. Last error message was: 'Network Not Available' (default:unknown:0)
    40.723 - warning: QGeoTileRequestManager: Failed to fetch tile (68650,45889,17) 5 times, giving up. Last error message was: 'Network Not Available' (default:unknown:0)
    40.724 - warning: QGeoTileRequestManager: Failed to fetch tile (68651,45889,17) 5 times, giving up. Last error message was: 'Network Not Available' (default:unknown:0)
    40.724 - warning: QGeoTileRequestManager: Failed to fetch tile (68643,45890,17) 5 times, giving up. Last error message was: 'Network Not Available' (default:unknown:0)
    40.724 - warning: QGeoTileRequestManager: Failed to fetch tile (68644,45890,17) 5 times, giving up. Last error message was: 'Network Not Available' (default:unknown:0)
    40.724 - warning: QGeoTileRequestManager: Failed to fetch tile (68645,45890,17) 5 times, giving up. Last error message was: 'Network Not Available' (default:unknown:0)
    56.677 - warning: QGeoTileRequestManager: Failed to fetch tile (68646,45890,17) 5 times, giving up. Last error message was: 'Network Not Available' (default:unknown:0)
    56.677 - warning: QGeoTileRequestManager: Failed to fetch tile (68647,45890,17) 5 times, giving up. Last error message was: 'Network Not Available' (default:unknown:0)
    56.677 - warning: QGeoTileRequestManager: Failed to fetch tile (68648,45890,17) 5 times, giving up. Last error message was: 'Network Not Available' (default:unknown:0)
    56.677 - warning: QGeoTileRequestManager: Failed to fetch tile (68649,45890,17) 5 times, giving up. Last error message was: 'Network Not Available' (default:unknown:0)
    56.677 - warning: QGeoTileRequestManager: Failed to fetch tile (68650,45890,17) 5 times, giving up. Last error message was: 'Network Not Available' (default:unknown:0)
    56.677 - warning: QGeoTileRequestManager: Failed to fetch tile (68651,45890,17) 5 times, giving up. Last error message was: 'Network Not Available' (default:unknown:0)
    56.679 - warning: QGeoTileRequestManager: Failed to fetch tile (68643,45886,17) 5 times, giving up. Last error message was: 'Network Not Available' (default:unknown:0)
    56.679 - warning: QGeoTileRequestManager: Failed to fetch tile (68644,45886,17) 5 times, giving up. Last error message was: 'Network Not Available' (default:unknown:0)
    56.680 - warning: QGeoTileRequestManager: Failed to fetch tile (68645,45886,17) 5 times, giving up. Last error message was: 'Network Not Available' (default:unknown:0)
    56.680 - warning: QGeoTileRequestManager: Failed to fetch tile (68646,45886,17) 5 times, giving up. Last error message was: 'Network Not Available' (default:unknown:0)
    56.680 - warning: QGeoTileRequestManager: Failed to fetch tile (68647,45886,17) 5 times, giving up. Last error message was: 'Network Not Available' (default:unknown:0)
    56.681 - warning: QGeoTileRequestManager: Failed to fetch tile (68648,45886,17) 5 times, giving up. Last error message was: 'Network Not Available' (default:unknown:0)
    56.681 - warning: QGeoTileRequestManager: Failed to fetch tile (68649,45886,17) 5 times, giving up. Last error message was: 'Network Not Available' (default:unknown:0)
    56.682 - warning: QGeoTileRequestManager: Failed to fetch tile (68650,45886,17) 5 times, giving up. Last error message was: 'Network Not Available' (default:unknown:0)
    56.682 - warning: QGeoTileRequestManager: Failed to fetch tile (68651,45886,17) 5 times, giving up. Last error message was: 'Network Not Available' (default:unknown:0)
    56.682 - warning: QGeoTileRequestManager: Failed to fetch tile (68643,45887,17) 5 times, giving up. Last error message was: 'Network Not Available' (default:unknown:0)
    56.683 - warning: QGeoTileRequestManager: Failed to fetch tile (68644,45887,17) 5 times, giving up. Last error message was: 'Network Not Available' (default:unknown:0)
    56.683 - warning: QGeoTileRequestManager: Failed to fetch tile (68645,45887,17) 5 times, giving up. Last error message was: 'Network Not Available' (default:unknown:0)
    56.684 - warning: QGeoTileRequestManager: Failed to fetch tile (68646,45887,17) 5 times, giving up. Last error message was: 'Network Not Available' (default:unknown:0)
    56.684 - warning: QGeoTileRequestManager: Failed to fetch tile (68647,45887,17) 5 times, giving up. Last error message was: 'Network Not Available' (default:unknown:0)
    56.684 - warning: QGeoTileRequestManager: Failed to fetch tile (68648,45887,17) 5 times, giving up. Last error message was: 'Network Not Available' (default:unknown:0)
    56.684 - warning: QGeoTileRequestManager: Failed to fetch tile (68649,45887,17) 5 times, giving up. Last error message was: 'Network Not Available' (default:unknown:0)
    56.685 - warning: QGeoTileRequestManager: Failed to fetch tile (68650,45887,17) 5 times, giving up. Last error message was: 'Network Not Available' (default:unknown:0)
    56.685 - warning: QGeoTileRequestManager: Failed to fetch tile (68651,45887,17) 5 times, giving up. Last error message was: 'Network Not Available' (default:unknown:0)
    56.685 - warning: QGeoTileRequestManager: Failed to fetch tile (68643,45888,17) 5 times, giving up. Last error message was: 'Network Not Available' (default:unknown:0)
    56.686 - warning: QGeoTileRequestManager: Failed to fetch tile (68644,45888,17) 5 times, giving up. Last error message was: 'Network Not Available' (default:unknown:0)
    56.687 - warning: QGeoTileRequestManager: Failed to fetch tile (68645,45888,17) 5 times, giving up. Last error message was: 'Network Not Available' (default:unknown:0)
    56.687 - warning: QGeoTileRequestManager: Failed to fetch tile (68646,45888,17) 5 times, giving up. Last error message was: 'Network Not Available' (default:unknown:0)
    56.688 - warning: QGeoTileRequestManager: Failed to fetch tile (68647,45888,17) 5 times, giving up. Last error message was: 'Network Not Available' (default:unknown:0)
    56.688 - warning: QGeoTileRequestManager: Failed to fetch tile (68648,45888,17) 5 times, giving up. Last error message was: 'Network Not Available' (default:unknown:0)
    56.688 - warning: QGeoTileRequestManager: Failed to fetch tile (68649,45888,17) 5 times, giving up. Last error message was: 'Network Not Available' (default:unknown:0)
    56.688 - warning: QGeoTileRequestManager: Failed to fetch tile (68650,45888,17) 5 times, giving up. Last error message was: 'Network Not Available' (default:unknown:0)
    56.688 - warning: QGeoTileRequestManager: Failed to fetch tile (68651,45888,17) 5 times, giving up. Last error message was: 'Network Not Available' (default:unknown:0)
    56.689 - warning: QGeoTileRequestManager: Failed to fetch tile (68643,45889,17) 5 times, giving up. Last error message was: 'Network Not Available' (default:unknown:0)
    56.689 - warning: QGeoTileRequestManager: Failed to fetch tile (68644,45889,17) 5 times, giving up. Last error message was: 'Network Not Available' (default:unknown:0)
    56.690 - warning: QGeoTileRequestManager: Failed to fetch tile (68645,45889,17) 5 times, giving up. Last error message was: 'Network Not Available' (default:unknown:0)
    56.690 - warning: QGeoTileRequestManager: Failed to fetch tile (68646,45889,17) 5 times, giving up. Last error message was: 'Network Not Available' (default:unknown:0)
    56.690 - warning: QGeoTileRequestManager: Failed to fetch tile (68647,45889,17) 5 times, giving up. Last error message was: 'Network Not Available' (default:unknown:0)
    56.691 - warning: QGeoTileRequestManager: Failed to fetch tile (68648,45889,17) 5 times, giving up. Last error message was: 'Network Not Available' (default:unknown:0)
    56.691 - warning: QGeoTileRequestManager: Failed to fetch tile (68649,45889,17) 5 times, giving up. Last error message was: 'Network Not Available' (default:unknown:0)
    56.692 - warning: QGeoTileRequestManager: Failed to fetch tile (68650,45889,17) 5 times, giving up. Last error message was: 'Network Not Available' (default:unknown:0)
    56.692 - warning: QGeoTileRequestManager: Failed to fetch tile (68651,45889,17) 5 times, giving up. Last error message was: 'Network Not Available' (default:unknown:0)
    56.692 - warning: QGeoTileRequestManager: Failed to fetch tile (68643,45890,17) 5 times, giving up. Last error message was: 'Network Not Available' (default:unknown:0)
    56.692 - warning: QGeoTileRequestManager: Failed to fetch tile (68644,45890,17) 5 times, giving up. Last error message was: 'Network Not Available' (default:unknown:0)
    56.692 - warning: QGeoTileRequestManager: Failed to fetch tile (68645,45890,17) 5 times, giving up. Last error message was: 'Network Not Available' (default:unknown:0)
    72.676 - warning: QGeoTileRequestManager: Failed to fetch tile (68646,45890,17) 5 times, giving up. Last error message was: 'Network Not Available' (default:unknown:0)
    72.677 - warning: QGeoTileRequestManager: Failed to fetch tile (68647,45890,17) 5 times, giving up. Last error message was: 'Network Not Available' (default:unknown:0)
    72.677 - warning: QGeoTileRequestManager: Failed to fetch tile (68648,45890,17) 5 times, giving up. Last error message was: 'Network Not Available' (default:unknown:0)
    72.677 - warning: QGeoTileRequestManager: Failed to fetch tile (68649,45890,17) 5 times, giving up. Last error message was: 'Network Not Available' (default:unknown:0)
    72.677 - warning: QGeoTileRequestManager: Failed to fetch tile (68650,45890,17) 5 times, giving up. Last error message was: 'Network Not Available' (default:unknown:0)
    72.677 - warning: QGeoTileRequestManager: Failed to fetch tile (68651,45890,17) 5 times, giving up. Last error message was: 'Network Not Available' (default:unknown:0)
    72.678 - warning: QGeoTileRequestManager: Failed to fetch tile (68643,45886,17) 5 times, giving up. Last error message was: 'Network Not Available' (default:unknown:0)
    72.679 - warning: QGeoTileRequestManager: Failed to fetch tile (68644,45886,17) 5 times, giving up. Last error message was: 'Network Not Available' (default:unknown:0)
    72.679 - warning: QGeoTileRequestManager: Failed to fetch tile (68645,45886,17) 5 times, giving up. Last error message was: 'Network Not Available' (default:unknown:0)
    72.680 - warning: QGeoTileRequestManager: Failed to fetch tile (68646,45886,17) 5 times, giving up. Last error message was: 'Network Not Available' (default:unknown:0)
    72.680 - warning: QGeoTileRequestManager: Failed to fetch tile (68647,45886,17) 5 times, giving up. Last error message was: 'Network Not Available' (default:unknown:0)
    72.680 - warning: QGeoTileRequestManager: Failed to fetch tile (68648,45886,17) 5 times, giving up. Last error message was: 'Network Not Available' (default:unknown:0)
    72.681 - warning: QGeoTileRequestManager: Failed to fetch tile (68649,45886,17) 5 times, giving up. Last error message was: 'Network Not Available' (default:unknown:0)
    72.681 - warning: QGeoTileRequestManager: Failed to fetch tile (68650,45886,17) 5 times, giving up. Last error message was: 'Network Not Available' (default:unknown:0)
    72.681 - warning: QGeoTileRequestManager: Failed to fetch tile (68651,45886,17) 5 times, giving up. Last error message was: 'Network Not Available' (default:unknown:0)
    72.682 - warning: QGeoTileRequestManager: Failed to fetch tile (68643,45887,17) 5 times, giving up. Last error message was: 'Network Not Available' (default:unknown:0)
    72.683 - warning: QGeoTileRequestManager: Failed to fetch tile (68644,45887,17) 5 times, giving up. Last error message was: 'Network Not Available' (default:unknown:0)
    72.683 - warning: QGeoTileRequestManager: Failed to fetch tile (68645,45887,17) 5 times, giving up. Last error message was: 'Network Not Available' (default:unknown:0)
    72.684 - warning: QGeoTileRequestManager: Failed to fetch tile (68646,45887,17) 5 times, giving up. Last error message was: 'Network Not Available' (default:unknown:0)
    72.684 - warning: QGeoTileRequestManager: Failed to fetch tile (68647,45887,17) 5 times, giving up. Last error message was: 'Network Not Available' (default:unknown:0)
    72.684 - warning: QGeoTileRequestManager: Failed to fetch tile (68648,45887,17) 5 times, giving up. Last error message was: 'Network Not Available' (default:unknown:0)
    72.684 - warning: QGeoTileRequestManager: Failed to fetch tile (68649,45887,17) 5 times, giving up. Last error message was: 'Network Not Available' (default:unknown:0)
    72.685 - warning: QGeoTileRequestManager: Failed to fetch tile (68650,45887,17) 5 times, giving up. Last error message was: 'Network Not Available' (default:unknown:0)
    72.685 - warning: QGeoTileRequestManager: Failed to fetch tile (68651,45887,17) 5 times, giving up. Last error message was: 'Network Not Available' (default:unknown:0)
    72.685 - warning: QGeoTileRequestManager: Failed to fetch tile (68643,45888,17) 5 times, giving up. Last error message was: 'Network Not Available' (default:unknown:0)
    72.685 - warning: QGeoTileRequestManager: Failed to fetch tile (68644,45888,17) 5 times, giving up. Last error message was: 'Network Not Available' (default:unknown:0)
    72.685 - warning: QGeoTileRequestManager: Failed to fetch tile (68645,45888,17) 5 times, giving up. Last error message was: 'Network Not Available' (default:unknown:0)
    72.692 - warning: QGeoTileRequestManager: Failed to fetch tile (68646,45888,17) 5 times, giving up. Last error message was: 'Network Not Available' (default:unknown:0)
    72.692 - warning: QGeoTileRequestManager: Failed to fetch tile (68647,45888,17) 5 times, giving up. Last error message was: 'Network Not Available' (default:unknown:0)
    72.693 - warning: QGeoTileRequestManager: Failed to fetch tile (68648,45888,17) 5 times, giving up. Last error message was: 'Network Not Available' (default:unknown:0)
    72.693 - warning: QGeoTileRequestManager: Failed to fetch tile (68649,45888,17) 5 times, giving up. Last error message was: 'Network Not Available' (default:unknown:0)
    72.693 - warning: QGeoTileRequestManager: Failed to fetch tile (68650,45888,17) 5 times, giving up. Last error message was: 'Network Not Available' (default:unknown:0)
    72.694 - warning: QGeoTileRequestManager: Failed to fetch tile (68651,45888,17) 5 times, giving up. Last error message was: 'Network Not Available' (default:unknown:0)
    72.695 - warning: QGeoTileRequestManager: Failed to fetch tile (68643,45889,17) 5 times, giving up. Last error message was: 'Network Not Available' (default:unknown:0)
    72.695 - warning: QGeoTileRequestManager: Failed to fetch tile (68644,45889,17) 5 times, giving up. Last error message was: 'Network Not Available' (default:unknown:0)
    72.695 - warning: QGeoTileRequestManager: Failed to fetch tile (68645,45889,17) 5 times, giving up. Last error message was: 'Network Not Available' (default:unknown:0)
    72.696 - warning: QGeoTileRequestManager: Failed to fetch tile (68646,45889,17) 5 times, giving up. Last error message was: 'Network Not Available' (default:unknown:0)
    72.696 - warning: QGeoTileRequestManager: Failed to fetch tile (68647,45889,17) 5 times, giving up. Last error message was: 'Network Not Available' (default:unknown:0)
    72.696 - warning: QGeoTileRequestManager: Failed to fetch tile (68648,45889,17) 5 times, giving up. Last error message was: 'Network Not Available' (default:unknown:0)
    72.697 - warning: QGeoTileRequestManager: Failed to fetch tile (68649,45889,17) 5 times, giving up. Last error message was: 'Network Not Available' (default:unknown:0)
    72.697 - warning: QGeoTileRequestManager: Failed to fetch tile (68650,45889,17) 5 times, giving up. Last error message was: 'Network Not Available' (default:unknown:0)
    72.697 - warning: QGeoTileRequestManager: Failed to fetch tile (68651,45889,17) 5 times, giving up. Last error message was: 'Network Not Available' (default:unknown:0)
    72.697 - warning: QGeoTileRequestManager: Failed to fetch tile (68643,45890,17) 5 times, giving up. Last error message was: 'Network Not Available' (default:unknown:0)
    72.697 - warning: QGeoTileRequestManager: Failed to fetch tile (68644,45890,17) 5 times, giving up. Last error message was: 'Network Not Available' (default:unknown:0)
    72.697 - warning: QGeoTileRequestManager: Failed to fetch tile (68645,45890,17) 5 times, giving up. Last error message was: 'Network Not Available' (default:unknown:0)
   107.832 - warning: QGeoTileRequestManager: Failed to fetch tile (2196719,1468421,22) 5 times, giving up. Last error message was: 'Network Not Available' (default:unknown:0)
   107.833 - warning: QGeoTileRequestManager: Failed to fetch tile (2196720,1468421,22) 5 times, giving up. Last error message was: 'Network Not Available' (default:unknown:0)
   107.833 - warning: QGeoTileRequestManager: Failed to fetch tile (2196721,1468421,22) 5 times, giving up. Last error message was: 'Network Not Available' (default:unknown:0)
   107.833 - warning: QGeoTileRequestManager: Failed to fetch tile (2196722,1468421,22) 5 times, giving up. Last error message was: 'Network Not Available' (default:unknown:0)
   107.834 - warning: QGeoTileRequestManager: Failed to fetch tile (2196723,1468421,22) 5 times, giving up. Last error message was: 'Network Not Available' (default:unknown:0)
   107.834 - warning: QGeoTileRequestManager: Failed to fetch tile (2196724,1468421,22) 5 times, giving up. Last error message was: 'Network Not Available' (default:unknown:0)
   107.834 - warning: QGeoTileRequestManager: Failed to fetch tile (2196719,1468422,22) 5 times, giving up. Last error message was: 'Network Not Available' (default:unknown:0)
   107.834 - warning: QGeoTileRequestManager: Failed to fetch tile (2196720,1468422,22) 5 times, giving up. Last error message was: 'Network Not Available' (default:unknown:0)
   107.834 - warning: QGeoTileRequestManager: Failed to fetch tile (2196721,1468422,22) 5 times, giving up. Last error message was: 'Network Not Available' (default:unknown:0)
   107.834 - warning: QGeoTileRequestManager: Failed to fetch tile (2196722,1468422,22) 5 times, giving up. Last error message was: 'Network Not Available' (default:unknown:0)
   107.835 - warning: QGeoTileRequestManager: Failed to fetch tile (2196723,1468422,22) 5 times, giving up. Last error message was: 'Network Not Available' (default:unknown:0)
   107.835 - warning: QGeoTileRequestManager: Failed to fetch tile (2196724,1468422,22) 5 times, giving up. Last error message was: 'Network Not Available' (default:unknown:0)
   107.836 - warning: QGeoTileRequestManager: Failed to fetch tile (2196719,1468423,22) 5 times, giving up. Last error message was: 'Network Not Available' (default:unknown:0)
   107.838 - warning: QGeoTileRequestManager: Failed to fetch tile (2196720,1468423,22) 5 times, giving up. Last error message was: 'Network Not Available' (default:unknown:0)
   107.838 - warning: QGeoTileRequestManager: Failed to fetch tile (2196721,1468423,22) 5 times, giving up. Last error message was: 'Network Not Available' (default:unknown:0)
   107.839 - warning: QGeoTileRequestManager: Failed to fetch tile (2196722,1468423,22) 5 times, giving up. Last error message was: 'Network Not Available' (default:unknown:0)
   107.839 - warning: QGeoTileRequestManager: Failed to fetch tile (2196723,1468423,22) 5 times, giving up. Last error message was: 'Network Not Available' (default:unknown:0)
   107.839 - warning: QGeoTileRequestManager: Failed to fetch tile (2196724,1468423,22) 5 times, giving up. Last error message was: 'Network Not Available' (default:unknown:0)
   128.836 - warning: QGeoTileRequestManager: Failed to fetch tile (2196720,1468421,22) 5 times, giving up. Last error message was: 'Network Not Available' (default:unknown:0)
   128.837 - warning: QGeoTileRequestManager: Failed to fetch tile (2196721,1468421,22) 5 times, giving up. Last error message was: 'Network Not Available' (default:unknown:0)
   128.837 - warning: QGeoTileRequestManager: Failed to fetch tile (2196722,1468421,22) 5 times, giving up. Last error message was: 'Network Not Available' (default:unknown:0)
   128.837 - warning: QGeoTileRequestManager: Failed to fetch tile (2196723,1468421,22) 5 times, giving up. Last error message was: 'Network Not Available' (default:unknown:0)
   128.838 - warning: QGeoTileRequestManager: Failed to fetch tile (2196720,1468422,22) 5 times, giving up. Last error message was: 'Network Not Available' (default:unknown:0)
   128.838 - warning: QGeoTileRequestManager: Failed to fetch tile (2196721,1468422,22) 5 times, giving up. Last error message was: 'Network Not Available' (default:unknown:0)
   128.839 - warning: QGeoTileRequestManager: Failed to fetch tile (2196722,1468422,22) 5 times, giving up. Last error message was: 'Network Not Available' (default:unknown:0)
   128.840 - warning: QGeoTileRequestManager: Failed to fetch tile (2196723,1468422,22) 5 times, giving up. Last error message was: 'Network Not Available' (default:unknown:0)
   128.840 - warning: QGeoTileRequestManager: Failed to fetch tile (2196720,1468423,22) 5 times, giving up. Last error message was: 'Network Not Available' (default:unknown:0)
   128.841 - warning: QGeoTileRequestManager: Failed to fetch tile (2196721,1468423,22) 5 times, giving up. Last error message was: 'Network Not Available' (default:unknown:0)
   128.841 - warning: QGeoTileRequestManager: Failed to fetch tile (2196722,1468423,22) 5 times, giving up. Last error message was: 'Network Not Available' (default:unknown:0)
   128.841 - warning: QGeoTileRequestManager: Failed to fetch tile (2196723,1468423,22) 5 times, giving up. Last error message was: 'Network Not Available' (default:unknown:0)
   128.842 - warning: QGeoTileRequestManager: Failed to fetch tile (2196724,1468423,22) 5 times, giving up. Last error message was: 'Network Not Available' (default:unknown:0)
   128.844 - warning: QGeoTileRequestManager: Failed to fetch tile (2196724,1468421,22) 5 times, giving up. Last error message was: 'Network Not Available' (default:unknown:0)
   128.845 - warning: QGeoTileRequestManager: Failed to fetch tile (2196724,1468422,22) 5 times, giving up. Last error message was: 'Network Not Available' (default:unknown:0)
   128.845 - warning: QGeoTileRequestManager: Failed to fetch tile (2196719,1468421,22) 5 times, giving up. Last error message was: 'Network Not Available' (default:unknown:0)
   128.845 - warning: QGeoTileRequestManager: Failed to fetch tile (2196719,1468422,22) 5 times, giving up. Last error message was: 'Network Not Available' (default:unknown:0)
   128.845 - warning: QGeoTileRequestManager: Failed to fetch tile (2196719,1468423,22) 5 times, giving up. Last error message was: 'Network Not Available' (default:unknown:0)
   144.685 - warning: QGeoTileRequestManager: Failed to fetch tile (2196720,1468423,22) 5 times, giving up. Last error message was: 'Network Not Available' (default:unknown:0)
   144.685 - warning: QGeoTileRequestManager: Failed to fetch tile (2196721,1468423,22) 5 times, giving up. Last error message was: 'Network Not Available' (default:unknown:0)
   144.685 - warning: QGeoTileRequestManager: Failed to fetch tile (2196722,1468423,22) 5 times, giving up. Last error message was: 'Network Not Available' (default:unknown:0)
   144.685 - warning: QGeoTileRequestManager: Failed to fetch tile (2196723,1468423,22) 5 times, giving up. Last error message was: 'Network Not Available' (default:unknown:0)
   144.685 - warning: QGeoTileRequestManager: Failed to fetch tile (2196724,1468423,22) 5 times, giving up. Last error message was: 'Network Not Available' (default:unknown:0)
   144.685 - warning: QGeoTileRequestManager: Failed to fetch tile (2196720,1468421,22) 5 times, giving up. Last error message was: 'Network Not Available' (default:unknown:0)
   144.685 - warning: QGeoTileRequestManager: Failed to fetch tile (2196721,1468421,22) 5 times, giving up. Last error message was: 'Network Not Available' (default:unknown:0)
   144.685 - warning: QGeoTileRequestManager: Failed to fetch tile (2196722,1468421,22) 5 times, giving up. Last error message was: 'Network Not Available' (default:unknown:0)
   144.685 - warning: QGeoTileRequestManager: Failed to fetch tile (2196723,1468421,22) 5 times, giving up. Last error message was: 'Network Not Available' (default:unknown:0)
   144.685 - warning: QGeoTileRequestManager: Failed to fetch tile (2196720,1468422,22) 5 times, giving up. Last error message was: 'Network Not Available' (default:unknown:0)
   144.686 - warning: QGeoTileRequestManager: Failed to fetch tile (2196721,1468422,22) 5 times, giving up. Last error message was: 'Network Not Available' (default:unknown:0)
   144.687 - warning: QGeoTileRequestManager: Failed to fetch tile (2196722,1468422,22) 5 times, giving up. Last error message was: 'Network Not Available' (default:unknown:0)
   144.688 - warning: QGeoTileRequestManager: Failed to fetch tile (2196723,1468422,22) 5 times, giving up. Last error message was: 'Network Not Available' (default:unknown:0)
   144.688 - warning: QGeoTileRequestManager: Failed to fetch tile (2196719,1468421,22) 5 times, giving up. Last error message was: 'Network Not Available' (default:unknown:0)
   144.688 - warning: QGeoTileRequestManager: Failed to fetch tile (2196724,1468421,22) 5 times, giving up. Last error message was: 'Network Not Available' (default:unknown:0)
   144.689 - warning: QGeoTileRequestManager: Failed to fetch tile (2196719,1468422,22) 5 times, giving up. Last error message was: 'Network Not Available' (default:unknown:0)
   144.689 - warning: QGeoTileRequestManager: Failed to fetch tile (2196724,1468422,22) 5 times, giving up. Last error message was: 'Network Not Available' (default:unknown:0)
   144.689 - warning: QGeoTileRequestManager: Failed to fetch tile (2196719,1468423,22) 5 times, giving up. Last error message was: 'Network Not Available' (default:unknown:0)
   160.676 - warning: QGeoTileRequestManager: Failed to fetch tile (2196722,1468421,22) 5 times, giving up. Last error message was: 'Network Not Available' (default:unknown:0)
   160.676 - warning: QGeoTileRequestManager: Failed to fetch tile (2196723,1468421,22) 5 times, giving up. Last error message was: 'Network Not Available' (default:unknown:0)
   160.676 - warning: QGeoTileRequestManager: Failed to fetch tile (2196724,1468421,22) 5 times, giving up. Last error message was: 'Network Not Available' (default:unknown:0)
   160.676 - warning: QGeoTileRequestManager: Failed to fetch tile (2196719,1468422,22) 5 times, giving up. Last error message was: 'Network Not Available' (default:unknown:0)
   160.676 - warning: QGeoTileRequestManager: Failed to fetch tile (2196720,1468422,22) 5 times, giving up. Last error message was: 'Network Not Available' (default:unknown:0)
   160.677 - warning: QGeoTileRequestManager: Failed to fetch tile (2196721,1468422,22) 5 times, giving up. Last error message was: 'Network Not Available' (default:unknown:0)
   160.677 - warning: QGeoTileRequestManager: Failed to fetch tile (2196722,1468422,22) 5 times, giving up. Last error message was: 'Network Not Available' (default:unknown:0)
   160.679 - warning: QGeoTileRequestManager: Failed to fetch tile (2196723,1468422,22) 5 times, giving up. Last error message was: 'Network Not Available' (default:unknown:0)
   160.679 - warning: QGeoTileRequestManager: Failed to fetch tile (2196724,1468422,22) 5 times, giving up. Last error message was: 'Network Not Available' (default:unknown:0)
   160.680 - warning: QGeoTileRequestManager: Failed to fetch tile (2196719,1468423,22) 5 times, giving up. Last error message was: 'Network Not Available' (default:unknown:0)
   160.680 - warning: QGeoTileRequestManager: Failed to fetch tile (2196720,1468423,22) 5 times, giving up. Last error message was: 'Network Not Available' (default:unknown:0)
   160.681 - warning: QGeoTileRequestManager: Failed to fetch tile (2196721,1468423,22) 5 times, giving up. Last error message was: 'Network Not Available' (default:unknown:0)
   160.681 - warning: QGeoTileRequestManager: Failed to fetch tile (2196722,1468423,22) 5 times, giving up. Last error message was: 'Network Not Available' (default:unknown:0)
   160.681 - warning: QGeoTileRequestManager: Failed to fetch tile (2196723,1468423,22) 5 times, giving up. Last error message was: 'Network Not Available' (default:unknown:0)
   160.681 - warning: QGeoTileRequestManager: Failed to fetch tile (2196724,1468423,22) 5 times, giving up. Last error message was: 'Network Not Available' (default:unknown:0)
   160.681 - warning: QGeoTileRequestManager: Failed to fetch tile (2196719,1468421,22) 5 times, giving up. Last error message was: 'Network Not Available' (default:unknown:0)
   160.681 - warning: QGeoTileRequestManager: Failed to fetch tile (2196720,1468421,22) 5 times, giving up. Last error message was: 'Network Not Available' (default:unknown:0)
   160.682 - warning: QGeoTileRequestManager: Failed to fetch tile (2196721,1468421,22) 5 times, giving up. Last error message was: 'Network Not Available' (default:unknown:0)
   176.683 - warning: QGeoTileRequestManager: Failed to fetch tile (2196722,1468421,22) 5 times, giving up. Last error message was: 'Network Not Available' (default:unknown:0)
   176.684 - warning: QGeoTileRequestManager: Failed to fetch tile (2196723,1468421,22) 5 times, giving up. Last error message was: 'Network Not Available' (default:unknown:0)
   176.684 - warning: QGeoTileRequestManager: Failed to fetch tile (2196724,1468421,22) 5 times, giving up. Last error message was: 'Network Not Available' (default:unknown:0)
   176.684 - warning: QGeoTileRequestManager: Failed to fetch tile (2196719,1468422,22) 5 times, giving up. Last error message was: 'Network Not Available' (default:unknown:0)
   176.684 - warning: QGeoTileRequestManager: Failed to fetch tile (2196720,1468422,22) 5 times, giving up. Last error message was: 'Network Not Available' (default:unknown:0)
   176.684 - warning: QGeoTileRequestManager: Failed to fetch tile (2196721,1468422,22) 5 times, giving up. Last error message was: 'Network Not Available' (default:unknown:0)
   176.684 - warning: QGeoTileRequestManager: Failed to fetch tile (2196722,1468422,22) 5 times, giving up. Last error message was: 'Network Not Available' (default:unknown:0)
   176.685 - warning: QGeoTileRequestManager: Failed to fetch tile (2196723,1468422,22) 5 times, giving up. Last error message was: 'Network Not Available' (default:unknown:0)
   176.686 - warning: QGeoTileRequestManager: Failed to fetch tile (2196724,1468422,22) 5 times, giving up. Last error message was: 'Network Not Available' (default:unknown:0)
   176.687 - warning: QGeoTileRequestManager: Failed to fetch tile (2196719,1468423,22) 5 times, giving up. Last error message was: 'Network Not Available' (default:unknown:0)
   176.687 - warning: QGeoTileRequestManager: Failed to fetch tile (2196720,1468423,22) 5 times, giving up. Last error message was: 'Network Not Available' (default:unknown:0)
   176.687 - warning: QGeoTileRequestManager: Failed to fetch tile (2196721,1468423,22) 5 times, giving up. Last error message was: 'Network Not Available' (default:unknown:0)
   176.687 - warning: QGeoTileRequestManager: Failed to fetch tile (2196722,1468423,22) 5 times, giving up. Last error message was: 'Network Not Available' (default:unknown:0)
   176.688 - warning: QGeoTileRequestManager: Failed to fetch tile (2196723,1468423,22) 5 times, giving up. Last error message was: 'Network Not Available' (default:unknown:0)
   176.688 - warning: QGeoTileRequestManager: Failed to fetch tile (2196724,1468423,22) 5 times, giving up. Last error message was: 'Network Not Available' (default:unknown:0)
   176.689 - warning: QGeoTileRequestManager: Failed to fetch tile (2196719,1468421,22) 5 times, giving up. Last error message was: 'Network Not Available' (default:unknown:0)
   176.689 - warning: QGeoTileRequestManager: Failed to fetch tile (2196720,1468421,22) 5 times, giving up. Last error message was: 'Network Not Available' (default:unknown:0)
   176.689 - warning: QGeoTileRequestManager: Failed to fetch tile (2196721,1468421,22) 5 times, giving up. Last error message was: 'Network Not Available' (default:unknown:0)
   192.677 - warning: QGeoTileRequestManager: Failed to fetch tile (2196722,1468421,22) 5 times, giving up. Last error message was: 'Network Not Available' (default:unknown:0)
   192.679 - warning: QGeoTileRequestManager: Failed to fetch tile (2196723,1468421,22) 5 times, giving up. Last error message was: 'Network Not Available' (default:unknown:0)
   192.679 - warning: QGeoTileRequestManager: Failed to fetch tile (2196724,1468421,22) 5 times, giving up. Last error message was: 'Network Not Available' (default:unknown:0)
   192.679 - warning: QGeoTileRequestManager: Failed to fetch tile (2196719,1468422,22) 5 times, giving up. Last error message was: 'Network Not Available' (default:unknown:0)
   192.681 - warning: QGeoTileRequestManager: Failed to fetch tile (2196720,1468422,22) 5 times, giving up. Last error message was: 'Network Not Available' (default:unknown:0)
   192.681 - warning: QGeoTileRequestManager: Failed to fetch tile (2196721,1468422,22) 5 times, giving up. Last error message was: 'Network Not Available' (default:unknown:0)
   192.681 - warning: QGeoTileRequestManager: Failed to fetch tile (2196722,1468422,22) 5 times, giving up. Last error message was: 'Network Not Available' (default:unknown:0)
   192.681 - warning: QGeoTileRequestManager: Failed to fetch tile (2196723,1468422,22) 5 times, giving up. Last error message was: 'Network Not Available' (default:unknown:0)
   192.681 - warning: QGeoTileRequestManager: Failed to fetch tile (2196724,1468422,22) 5 times, giving up. Last error message was: 'Network Not Available' (default:unknown:0)
   192.681 - warning: QGeoTileRequestManager: Failed to fetch tile (2196719,1468423,22) 5 times, giving up. Last error message was: 'Network Not Available' (default:unknown:0)
   192.682 - warning: QGeoTileRequestManager: Failed to fetch tile (2196720,1468423,22) 5 times, giving up. Last error message was: 'Network Not Available' (default:unknown:0)
   192.682 - warning: QGeoTileRequestManager: Failed to fetch tile (2196721,1468423,22) 5 times, giving up. Last error message was: 'Network Not Available' (default:unknown:0)
   192.682 - warning: QGeoTileRequestManager: Failed to fetch tile (2196722,1468423,22) 5 times, giving up. Last error message was: 'Network Not Available' (default:unknown:0)
   192.682 - warning: QGeoTileRequestManager: Failed to fetch tile (2196723,1468423,22) 5 times, giving up. Last error message was: 'Network Not Available' (default:unknown:0)
   192.685 - warning: QGeoTileRequestManager: Failed to fetch tile (2196724,1468423,22) 5 times, giving up. Last error message was: 'Network Not Available' (default:unknown:0)
   192.685 - warning: QGeoTileRequestManager: Failed to fetch tile (2196719,1468421,22) 5 times, giving up. Last error message was: 'Network Not Available' (default:unknown:0)
   192.685 - warning: QGeoTileRequestManager: Failed to fetch tile (2196720,1468421,22) 5 times, giving up. Last error message was: 'Network Not Available' (default:unknown:0)
   192.685 - warning: QGeoTileRequestManager: Failed to fetch tile (2196721,1468421,22) 5 times, giving up. Last error message was: 'Network Not Available' (default:unknown:0)
   208.689 - warning: QGeoTileRequestManager: Failed to fetch tile (2196722,1468422,22) 5 times, giving up. Last error message was: 'Network Not Available' (default:unknown:0)
   208.689 - warning: QGeoTileRequestManager: Failed to fetch tile (2196723,1468422,22) 5 times, giving up. Last error message was: 'Network Not Available' (default:unknown:0)
   208.689 - warning: QGeoTileRequestManager: Failed to fetch tile (2196724,1468422,22) 5 times, giving up. Last error message was: 'Network Not Available' (default:unknown:0)
   208.689 - warning: QGeoTileRequestManager: Failed to fetch tile (2196719,1468423,22) 5 times, giving up. Last error message was: 'Network Not Available' (default:unknown:0)
   208.689 - warning: QGeoTileRequestManager: Failed to fetch tile (2196720,1468423,22) 5 times, giving up. Last error message was: 'Network Not Available' (default:unknown:0)
   208.689 - warning: QGeoTileRequestManager: Failed to fetch tile (2196721,1468423,22) 5 times, giving up. Last error message was: 'Network Not Available' (default:unknown:0)
   208.690 - warning: QGeoTileRequestManager: Failed to fetch tile (2196722,1468423,22) 5 times, giving up. Last error message was: 'Network Not Available' (default:unknown:0)
   208.690 - warning: QGeoTileRequestManager: Failed to fetch tile (2196723,1468423,22) 5 times, giving up. Last error message was: 'Network Not Available' (default:unknown:0)
   208.690 - warning: QGeoTileRequestManager: Failed to fetch tile (2196724,1468423,22) 5 times, giving up. Last error message was: 'Network Not Available' (default:unknown:0)
   208.690 - warning: QGeoTileRequestManager: Failed to fetch tile (2196722,1468421,22) 5 times, giving up. Last error message was: 'Network Not Available' (default:unknown:0)
   208.690 - warning: QGeoTileRequestManager: Failed to fetch tile (2196723,1468421,22) 5 times, giving up. Last error message was: 'Network Not Available' (default:unknown:0)
   208.690 - warning: QGeoTileRequestManager: Failed to fetch tile (2196724,1468421,22) 5 times, giving up. Last error message was: 'Network Not Available' (default:unknown:0)
   208.690 - warning: QGeoTileRequestManager: Failed to fetch tile (2196719,1468422,22) 5 times, giving up. Last error message was: 'Network Not Available' (default:unknown:0)
   208.690 - warning: QGeoTileRequestManager: Failed to fetch tile (2196720,1468422,22) 5 times, giving up. Last error message was: 'Network Not Available' (default:unknown:0)
   208.690 - warning: QGeoTileRequestManager: Failed to fetch tile (2196721,1468422,22) 5 times, giving up. Last error message was: 'Network Not Available' (default:unknown:0)
   208.690 - warning: QGeoTileRequestManager: Failed to fetch tile (2196719,1468421,22) 5 times, giving up. Last error message was: 'Network Not Available' (default:unknown:0)
   208.690 - warning: QGeoTileRequestManager: Failed to fetch tile (2196720,1468421,22) 5 times, giving up. Last error message was: 'Network Not Available' (default:unknown:0)
   208.690 - warning: QGeoTileRequestManager: Failed to fetch tile (2196721,1468421,22) 5 times, giving up. Last error message was: 'Network Not Available' (default:unknown:0)
   224.677 - warning: QGeoTileRequestManager: Failed to fetch tile (2196722,1468421,22) 5 times, giving up. Last error message was: 'Network Not Available' (default:unknown:0)
   224.677 - warning: QGeoTileRequestManager: Failed to fetch tile (2196723,1468421,22) 5 times, giving up. Last error message was: 'Network Not Available' (default:unknown:0)
   224.677 - warning: QGeoTileRequestManager: Failed to fetch tile (2196724,1468421,22) 5 times, giving up. Last error message was: 'Network Not Available' (default:unknown:0)
   224.679 - warning: QGeoTileRequestManager: Failed to fetch tile (2196719,1468422,22) 5 times, giving up. Last error message was: 'Network Not Available' (default:unknown:0)
   224.679 - warning: QGeoTileRequestManager: Failed to fetch tile (2196720,1468422,22) 5 times, giving up. Last error message was: 'Network Not Available' (default:unknown:0)
   224.679 - warning: QGeoTileRequestManager: Failed to fetch tile (2196721,1468422,22) 5 times, giving up. Last error message was: 'Network Not Available' (default:unknown:0)
   224.679 - warning: QGeoTileRequestManager: Failed to fetch tile (2196722,1468422,22) 5 times, giving up. Last error message was: 'Network Not Available' (default:unknown:0)
   224.679 - warning: QGeoTileRequestManager: Failed to fetch tile (2196723,1468422,22) 5 times, giving up. Last error message was: 'Network Not Available' (default:unknown:0)
   224.681 - warning: QGeoTileRequestManager: Failed to fetch tile (2196724,1468422,22) 5 times, giving up. Last error message was: 'Network Not Available' (default:unknown:0)
   224.681 - warning: QGeoTileRequestManager: Failed to fetch tile (2196719,1468423,22) 5 times, giving up. Last error message was: 'Network Not Available' (default:unknown:0)
   224.681 - warning: QGeoTileRequestManager: Failed to fetch tile (2196720,1468423,22) 5 times, giving up. Last error message was: 'Network Not Available' (default:unknown:0)
   224.681 - warning: QGeoTileRequestManager: Failed to fetch tile (2196721,1468423,22) 5 times, giving up. Last error message was: 'Network Not Available' (default:unknown:0)
   224.682 - warning: QGeoTileRequestManager: Failed to fetch tile (2196722,1468423,22) 5 times, giving up. Last error message was: 'Network Not Available' (default:unknown:0)
   224.682 - warning: QGeoTileRequestManager: Failed to fetch tile (2196723,1468423,22) 5 times, giving up. Last error message was: 'Network Not Available' (default:unknown:0)
   224.682 - warning: QGeoTileRequestManager: Failed to fetch tile (2196724,1468423,22) 5 times, giving up. Last error message was: 'Network Not Available' (default:unknown:0)
   224.682 - warning: QGeoTileRequestManager: Failed to fetch tile (2196719,1468421,22) 5 times, giving up. Last error message was: 'Network Not Available' (default:unknown:0)
   224.682 - warning: QGeoTileRequestManager: Failed to fetch tile (2196720,1468421,22) 5 times, giving up. Last error message was: 'Network Not Available' (default:unknown:0)
   224.682 - warning: QGeoTileRequestManager: Failed to fetch tile (2196721,1468421,22) 5 times, giving up. Last error message was: 'Network Not Available' (default:unknown:0)
   240.677 - warning: QGeoTileRequestManager: Failed to fetch tile (2196722,1468421,22) 5 times, giving up. Last error message was: 'Network Not Available' (default:unknown:0)
   240.678 - warning: QGeoTileRequestManager: Failed to fetch tile (2196723,1468421,22) 5 times, giving up. Last error message was: 'Network Not Available' (default:unknown:0)
   240.678 - warning: QGeoTileRequestManager: Failed to fetch tile (2196724,1468421,22) 5 times, giving up. Last error message was: 'Network Not Available' (default:unknown:0)
   240.678 - warning: QGeoTileRequestManager: Failed to fetch tile (2196719,1468422,22) 5 times, giving up. Last error message was: 'Network Not Available' (default:unknown:0)
   240.680 - warning: QGeoTileRequestManager: Failed to fetch tile (2196720,1468422,22) 5 times, giving up. Last error message was: 'Network Not Available' (default:unknown:0)
   240.682 - warning: QGeoTileRequestManager: Failed to fetch tile (2196721,1468422,22) 5 times, giving up. Last error message was: 'Network Not Available' (default:unknown:0)
   240.683 - warning: QGeoTileRequestManager: Failed to fetch tile (2196722,1468422,22) 5 times, giving up. Last error message was: 'Network Not Available' (default:unknown:0)
   240.684 - warning: QGeoTileRequestManager: Failed to fetch tile (2196723,1468422,22) 5 times, giving up. Last error message was: 'Network Not Available' (default:unknown:0)
   240.685 - warning: QGeoTileRequestManager: Failed to fetch tile (2196724,1468422,22) 5 times, giving up. Last error message was: 'Network Not Available' (default:unknown:0)
   240.686 - warning: QGeoTileRequestManager: Failed to fetch tile (2196719,1468423,22) 5 times, giving up. Last error message was: 'Network Not Available' (default:unknown:0)
   240.687 - warning: QGeoTileRequestManager: Failed to fetch tile (2196720,1468423,22) 5 times, giving up. Last error message was: 'Network Not Available' (default:unknown:0)
   240.687 - warning: QGeoTileRequestManager: Failed to fetch tile (2196721,1468423,22) 5 times, giving up. Last error message was: 'Network Not Available' (default:unknown:0)
   240.687 - warning: QGeoTileRequestManager: Failed to fetch tile (2196722,1468423,22) 5 times, giving up. Last error message was: 'Network Not Available' (default:unknown:0)
   240.688 - warning: QGeoTileRequestManager: Failed to fetch tile (2196723,1468423,22) 5 times, giving up. Last error message was: 'Network Not Available' (default:unknown:0)
   240.691 - warning: QGeoTileRequestManager: Failed to fetch tile (2196724,1468423,22) 5 times, giving up. Last error message was: 'Network Not Available' (default:unknown:0)
   240.691 - warning: QGeoTileRequestManager: Failed to fetch tile (2196719,1468421,22) 5 times, giving up. Last error message was: 'Network Not Available' (default:unknown:0)
   240.691 - warning: QGeoTileRequestManager: Failed to fetch tile (2196720,1468421,22) 5 times, giving up. Last error message was: 'Network Not Available' (default:unknown:0)
   240.691 - warning: QGeoTileRequestManager: Failed to fetch tile (2196721,1468421,22) 5 times, giving up. Last error message was: 'Network Not Available' (default:unknown:0)
   256.678 - warning: QGeoTileRequestManager: Failed to fetch tile (2196722,1468421,22) 5 times, giving up. Last error message was: 'Network Not Available' (default:unknown:0)
   256.678 - warning: QGeoTileRequestManager: Failed to fetch tile (2196723,1468421,22) 5 times, giving up. Last error message was: 'Network Not Available' (default:unknown:0)
   256.678 - warning: QGeoTileRequestManager: Failed to fetch tile (2196724,1468421,22) 5 times, giving up. Last error message was: 'Network Not Available' (default:unknown:0)
   256.679 - warning: QGeoTileRequestManager: Failed to fetch tile (2196719,1468422,22) 5 times, giving up. Last error message was: 'Network Not Available' (default:unknown:0)
   256.679 - warning: QGeoTileRequestManager: Failed to fetch tile (2196724,1468422,22) 5 times, giving up. Last error message was: 'Network Not Available' (default:unknown:0)
   256.679 - warning: QGeoTileRequestManager: Failed to fetch tile (2196719,1468423,22) 5 times, giving up. Last error message was: 'Network Not Available' (default:unknown:0)
   256.679 - warning: QGeoTileRequestManager: Failed to fetch tile (2196720,1468423,22) 5 times, giving up. Last error message was: 'Network Not Available' (default:unknown:0)
   256.679 - warning: QGeoTileRequestManager: Failed to fetch tile (2196721,1468423,22) 5 times, giving up. Last error message was: 'Network Not Available' (default:unknown:0)
   256.679 - warning: QGeoTileRequestManager: Failed to fetch tile (2196722,1468423,22) 5 times, giving up. Last error message was: 'Network Not Available' (default:unknown:0)
   256.681 - warning: QGeoTileRequestManager: Failed to fetch tile (2196723,1468423,22) 5 times, giving up. Last error message was: 'Network Not Available' (default:unknown:0)
   256.681 - warning: QGeoTileRequestManager: Failed to fetch tile (2196724,1468423,22) 5 times, giving up. Last error message was: 'Network Not Available' (default:unknown:0)
   256.682 - warning: QGeoTileRequestManager: Failed to fetch tile (2196719,1468421,22) 5 times, giving up. Last error message was: 'Network Not Available' (default:unknown:0)
   256.682 - warning: QGeoTileRequestManager: Failed to fetch tile (2196720,1468421,22) 5 times, giving up. Last error message was: 'Network Not Available' (default:unknown:0)
   256.682 - warning: QGeoTileRequestManager: Failed to fetch tile (2196721,1468421,22) 5 times, giving up. Last error message was: 'Network Not Available' (default:unknown:0)
   256.683 - warning: QGeoTileRequestManager: Failed to fetch tile (2196720,1468422,22) 5 times, giving up. Last error message was: 'Network Not Available' (default:unknown:0)
   256.683 - warning: QGeoTileRequestManager: Failed to fetch tile (2196721,1468422,22) 5 times, giving up. Last error message was: 'Network Not Available' (default:unknown:0)
   256.683 - warning: QGeoTileRequestManager: Failed to fetch tile (2196722,1468422,22) 5 times, giving up. Last error message was: 'Network Not Available' (default:unknown:0)
   256.683 - warning: QGeoTileRequestManager: Failed to fetch tile (2196723,1468422,22) 5 times, giving up. Last error message was: 'Network Not Available' (default:unknown:0)
   272.677 - warning: QGeoTileRequestManager: Failed to fetch tile (2196722,1468421,22) 5 times, giving up. Last error message was: 'Network Not Available' (default:unknown:0)
   272.681 - warning: QGeoTileRequestManager: Failed to fetch tile (2196723,1468421,22) 5 times, giving up. Last error message was: 'Network Not Available' (default:unknown:0)
   272.681 - warning: QGeoTileRequestManager: Failed to fetch tile (2196724,1468421,22) 5 times, giving up. Last error message was: 'Network Not Available' (default:unknown:0)
   272.681 - warning: QGeoTileRequestManager: Failed to fetch tile (2196719,1468422,22) 5 times, giving up. Last error message was: 'Network Not Available' (default:unknown:0)
   272.681 - warning: QGeoTileRequestManager: Failed to fetch tile (2196720,1468422,22) 5 times, giving up. Last error message was: 'Network Not Available' (default:unknown:0)
   272.681 - warning: QGeoTileRequestManager: Failed to fetch tile (2196721,1468422,22) 5 times, giving up. Last error message was: 'Network Not Available' (default:unknown:0)
   272.681 - warning: QGeoTileRequestManager: Failed to fetch tile (2196722,1468422,22) 5 times, giving up. Last error message was: 'Network Not Available' (default:unknown:0)
   272.681 - warning: QGeoTileRequestManager: Failed to fetch tile (2196723,1468422,22) 5 times, giving up. Last error message was: 'Network Not Available' (default:unknown:0)
   272.682 - warning: QGeoTileRequestManager: Failed to fetch tile (2196724,1468422,22) 5 times, giving up. Last error message was: 'Network Not Available' (default:unknown:0)
   272.682 - warning: QGeoTileRequestManager: Failed to fetch tile (2196719,1468423,22) 5 times, giving up. Last error message was: 'Network Not Available' (default:unknown:0)
   272.682 - warning: QGeoTileRequestManager: Failed to fetch tile (2196720,1468423,22) 5 times, giving up. Last error message was: 'Network Not Available' (default:unknown:0)
   272.685 - warning: QGeoTileRequestManager: Failed to fetch tile (2196721,1468423,22) 5 times, giving up. Last error message was: 'Network Not Available' (default:unknown:0)
   272.685 - warning: QGeoTileRequestManager: Failed to fetch tile (2196722,1468423,22) 5 times, giving up. Last error message was: 'Network Not Available' (default:unknown:0)
   272.685 - warning: QGeoTileRequestManager: Failed to fetch tile (2196723,1468423,22) 5 times, giving up. Last error message was: 'Network Not Available' (default:unknown:0)
   272.686 - warning: QGeoTileRequestManager: Failed to fetch tile (2196724,1468423,22) 5 times, giving up. Last error message was: 'Network Not Available' (default:unknown:0)
   272.686 - warning: QGeoTileRequestManager: Failed to fetch tile (2196719,1468421,22) 5 times, giving up. Last error message was: 'Network Not Available' (default:unknown:0)
   272.686 - warning: QGeoTileRequestManager: Failed to fetch tile (2196720,1468421,22) 5 times, giving up. Last error message was: 'Network Not Available' (default:unknown:0)
   272.686 - warning: QGeoTileRequestManager: Failed to fetch tile (2196721,1468421,22) 5 times, giving up. Last error message was: 'Network Not Available' (default:unknown:0)
