     0.109 - debug: Settings location "/home/priyanshu/.config/QGroundControl/QGroundControl.ini" Is writable?: true (qgc.qgcapplication:unknown:0)
     0.127 - debug: Filter rules "*Log.debug=false\nqgc.*.debug=false\nqgc.videomanager.videoreceiver.gstreamer.api.debug=true\nqt.qml.connections=false" (qgc.utilities.qgcloggingcategory:unknown:0)
     8.163 - critical: Error loading text-to-speech plug-in "speechd" (default:unknown:0)
    24.897 - warning: QGeoTileRequestManager: Failed to fetch tile (68646,45887,17) 5 times, giving up. Last error message was: 'Network Not Available' (default:unknown:0)
    24.898 - warning: QGeoTileRequestManager: Failed to fetch tile (68646,45887,17) 5 times, giving up. Last error message was: 'Network Not Available' (default:unknown:0)
    24.900 - warning: QGeoTileRequestManager: Failed to fetch tile (68647,45887,17) 5 times, giving up. Last error message was: 'Network Not Available' (default:unknown:0)
    24.900 - warning: QGeoTileRequestManager: Failed to fetch tile (68647,45887,17) 5 times, giving up. Last error message was: 'Network Not Available' (default:unknown:0)
    24.904 - warning: QGeoTileRequestManager: Failed to fetch tile (68648,45887,17) 5 times, giving up. Last error message was: 'Network Not Available' (default:unknown:0)
    24.905 - warning: QGeoTileRequestManager: Failed to fetch tile (68648,45887,17) 5 times, giving up. Last error message was: 'Network Not Available' (default:unknown:0)
    24.905 - warning: QGeoTileRequestManager: Failed to fetch tile (68646,45888,17) 5 times, giving up. Last error message was: 'Network Not Available' (default:unknown:0)
    24.905 - warning: QGeoTileRequestManager: Failed to fetch tile (68646,45888,17) 5 times, giving up. Last error message was: 'Network Not Available' (default:unknown:0)
    24.909 - warning: QGeoTileRequestManager: Failed to fetch tile (68647,45888,17) 5 times, giving up. Last error message was: 'Network Not Available' (default:unknown:0)
    24.910 - warning: QGeoTileRequestManager: Failed to fetch tile (68647,45888,17) 5 times, giving up. Last error message was: 'Network Not Available' (default:unknown:0)
    24.910 - warning: QGeoTileRequestManager: Failed to fetch tile (68648,45888,17) 5 times, giving up. Last error message was: 'Network Not Available' (default:unknown:0)
    24.910 - warning: QGeoTileRequestManager: Failed to fetch tile (68646,45889,17) 5 times, giving up. Last error message was: 'Network Not Available' (default:unknown:0)
    24.910 - warning: QGeoTileRequestManager: Failed to fetch tile (68648,45888,17) 5 times, giving up. Last error message was: 'Network Not Available' (default:unknown:0)
    24.910 - warning: QGeoTileRequestManager: Failed to fetch tile (68646,45889,17) 5 times, giving up. Last error message was: 'Network Not Available' (default:unknown:0)
    24.912 - warning: QGeoTileRequestManager: Failed to fetch tile (68647,45889,17) 5 times, giving up. Last error message was: 'Network Not Available' (default:unknown:0)
    24.912 - warning: QGeoTileRequestManager: Failed to fetch tile (68647,45889,17) 5 times, giving up. Last error message was: 'Network Not Available' (default:unknown:0)
    24.919 - warning: QGeoTileRequestManager: Failed to fetch tile (68648,45889,17) 5 times, giving up. Last error message was: 'Network Not Available' (default:unknown:0)
    24.919 - warning: QGeoTileRequestManager: Failed to fetch tile (68648,45889,17) 5 times, giving up. Last error message was: 'Network Not Available' (default:unknown:0)
    24.922 - warning: QGeoTileRequestManager: Failed to fetch tile (68645,45887,17) 5 times, giving up. Last error message was: 'Network Not Available' (default:unknown:0)
    24.922 - warning: QGeoTileRequestManager: Failed to fetch tile (68645,45887,17) 5 times, giving up. Last error message was: 'Network Not Available' (default:unknown:0)
    24.922 - warning: QGeoTileRequestManager: Failed to fetch tile (68649,45887,17) 5 times, giving up. Last error message was: 'Network Not Available' (default:unknown:0)
    24.922 - warning: QGeoTileRequestManager: Failed to fetch tile (68649,45887,17) 5 times, giving up. Last error message was: 'Network Not Available' (default:unknown:0)
    24.925 - warning: QGeoTileRequestManager: Failed to fetch tile (68650,45887,17) 5 times, giving up. Last error message was: 'Network Not Available' (default:unknown:0)
    24.925 - warning: QGeoTileRequestManager: Failed to fetch tile (68650,45887,17) 5 times, giving up. Last error message was: 'Network Not Available' (default:unknown:0)
    24.925 - warning: QGeoTileRequestManager: Failed to fetch tile (68645,45888,17) 5 times, giving up. Last error message was: 'Network Not Available' (default:unknown:0)
    24.925 - warning: QGeoTileRequestManager: Failed to fetch tile (68645,45888,17) 5 times, giving up. Last error message was: 'Network Not Available' (default:unknown:0)
    24.926 - warning: QGeoTileRequestManager: Failed to fetch tile (68649,45888,17) 5 times, giving up. Last error message was: 'Network Not Available' (default:unknown:0)
    24.926 - warning: QGeoTileRequestManager: Failed to fetch tile (68649,45888,17) 5 times, giving up. Last error message was: 'Network Not Available' (default:unknown:0)
    24.929 - warning: QGeoTileRequestManager: Failed to fetch tile (68650,45888,17) 5 times, giving up. Last error message was: 'Network Not Available' (default:unknown:0)
    24.929 - warning: QGeoTileRequestManager: Failed to fetch tile (68650,45888,17) 5 times, giving up. Last error message was: 'Network Not Available' (default:unknown:0)
    24.932 - warning: QGeoTileRequestManager: Failed to fetch tile (68645,45889,17) 5 times, giving up. Last error message was: 'Network Not Available' (default:unknown:0)
    24.934 - warning: QGeoTileRequestManager: Failed to fetch tile (68645,45889,17) 5 times, giving up. Last error message was: 'Network Not Available' (default:unknown:0)
    24.940 - warning: QGeoTileRequestManager: Failed to fetch tile (68649,45889,17) 5 times, giving up. Last error message was: 'Network Not Available' (default:unknown:0)
    24.940 - warning: QGeoTileRequestManager: Failed to fetch tile (68649,45889,17) 5 times, giving up. Last error message was: 'Network Not Available' (default:unknown:0)
    24.941 - warning: QGeoTileRequestManager: Failed to fetch tile (68650,45889,17) 5 times, giving up. Last error message was: 'Network Not Available' (default:unknown:0)
    24.941 - warning: QGeoTileRequestManager: Failed to fetch tile (68650,45889,17) 5 times, giving up. Last error message was: 'Network Not Available' (default:unknown:0)
    24.946 - warning: QGeoTileRequestManager: Failed to fetch tile (68643,45887,17) 5 times, giving up. Last error message was: 'Network Not Available' (default:unknown:0)
    24.946 - warning: QGeoTileRequestManager: Failed to fetch tile (68643,45887,17) 5 times, giving up. Last error message was: 'Network Not Available' (default:unknown:0)
    24.947 - warning: QGeoTileRequestManager: Failed to fetch tile (68644,45887,17) 5 times, giving up. Last error message was: 'Network Not Available' (default:unknown:0)
    24.947 - warning: QGeoTileRequestManager: Failed to fetch tile (68644,45887,17) 5 times, giving up. Last error message was: 'Network Not Available' (default:unknown:0)
    24.949 - warning: QGeoTileRequestManager: Failed to fetch tile (68651,45887,17) 5 times, giving up. Last error message was: 'Network Not Available' (default:unknown:0)
    24.949 - warning: QGeoTileRequestManager: Failed to fetch tile (68651,45887,17) 5 times, giving up. Last error message was: 'Network Not Available' (default:unknown:0)
    24.951 - warning: QGeoTileRequestManager: Failed to fetch tile (68643,45888,17) 5 times, giving up. Last error message was: 'Network Not Available' (default:unknown:0)
    24.951 - warning: QGeoTileRequestManager: Failed to fetch tile (68643,45888,17) 5 times, giving up. Last error message was: 'Network Not Available' (default:unknown:0)
    24.951 - warning: QGeoTileRequestManager: Failed to fetch tile (68644,45888,17) 5 times, giving up. Last error message was: 'Network Not Available' (default:unknown:0)
    24.953 - warning: QGeoTileRequestManager: Failed to fetch tile (68644,45888,17) 5 times, giving up. Last error message was: 'Network Not Available' (default:unknown:0)
    24.954 - warning: QGeoTileRequestManager: Failed to fetch tile (68651,45888,17) 5 times, giving up. Last error message was: 'Network Not Available' (default:unknown:0)
    24.954 - warning: QGeoTileRequestManager: Failed to fetch tile (68651,45888,17) 5 times, giving up. Last error message was: 'Network Not Available' (default:unknown:0)
    24.955 - warning: QGeoTileRequestManager: Failed to fetch tile (68643,45889,17) 5 times, giving up. Last error message was: 'Network Not Available' (default:unknown:0)
    24.955 - warning: QGeoTileRequestManager: Failed to fetch tile (68643,45889,17) 5 times, giving up. Last error message was: 'Network Not Available' (default:unknown:0)
    24.955 - warning: QGeoTileRequestManager: Failed to fetch tile (68644,45889,17) 5 times, giving up. Last error message was: 'Network Not Available' (default:unknown:0)
    24.956 - warning: QGeoTileRequestManager: Failed to fetch tile (68644,45889,17) 5 times, giving up. Last error message was: 'Network Not Available' (default:unknown:0)
    24.956 - warning: QGeoTileRequestManager: Failed to fetch tile (68651,45889,17) 5 times, giving up. Last error message was: 'Network Not Available' (default:unknown:0)
    24.956 - warning: QGeoTileRequestManager: Failed to fetch tile (68651,45889,17) 5 times, giving up. Last error message was: 'Network Not Available' (default:unknown:0)
    24.957 - warning: QGeoTileRequestManager: Failed to fetch tile (68643,45886,17) 5 times, giving up. Last error message was: 'Network Not Available' (default:unknown:0)
    24.958 - warning: QGeoTileRequestManager: Failed to fetch tile (68643,45886,17) 5 times, giving up. Last error message was: 'Network Not Available' (default:unknown:0)
    24.961 - warning: QGeoTileRequestManager: Failed to fetch tile (68644,45886,17) 5 times, giving up. Last error message was: 'Network Not Available' (default:unknown:0)
    24.961 - warning: QGeoTileRequestManager: Failed to fetch tile (68644,45886,17) 5 times, giving up. Last error message was: 'Network Not Available' (default:unknown:0)
    24.963 - warning: QGeoTileRequestManager: Failed to fetch tile (68645,45886,17) 5 times, giving up. Last error message was: 'Network Not Available' (default:unknown:0)
    24.964 - warning: QGeoTileRequestManager: Failed to fetch tile (68645,45886,17) 5 times, giving up. Last error message was: 'Network Not Available' (default:unknown:0)
    24.965 - warning: QGeoTileRequestManager: Failed to fetch tile (68646,45886,17) 5 times, giving up. Last error message was: 'Network Not Available' (default:unknown:0)
    24.965 - warning: QGeoTileRequestManager: Failed to fetch tile (68646,45886,17) 5 times, giving up. Last error message was: 'Network Not Available' (default:unknown:0)
    24.966 - warning: QGeoTileRequestManager: Failed to fetch tile (68647,45886,17) 5 times, giving up. Last error message was: 'Network Not Available' (default:unknown:0)
    24.966 - warning: QGeoTileRequestManager: Failed to fetch tile (68647,45886,17) 5 times, giving up. Last error message was: 'Network Not Available' (default:unknown:0)
    24.968 - warning: QGeoTileRequestManager: Failed to fetch tile (68648,45886,17) 5 times, giving up. Last error message was: 'Network Not Available' (default:unknown:0)
    24.968 - warning: QGeoTileRequestManager: Failed to fetch tile (68648,45886,17) 5 times, giving up. Last error message was: 'Network Not Available' (default:unknown:0)
    24.969 - warning: QGeoTileRequestManager: Failed to fetch tile (68649,45886,17) 5 times, giving up. Last error message was: 'Network Not Available' (default:unknown:0)
    24.969 - warning: QGeoTileRequestManager: Failed to fetch tile (68649,45886,17) 5 times, giving up. Last error message was: 'Network Not Available' (default:unknown:0)
    24.971 - warning: QGeoTileRequestManager: Failed to fetch tile (68650,45886,17) 5 times, giving up. Last error message was: 'Network Not Available' (default:unknown:0)
    24.971 - warning: QGeoTileRequestManager: Failed to fetch tile (68650,45886,17) 5 times, giving up. Last error message was: 'Network Not Available' (default:unknown:0)
    24.971 - warning: QGeoTileRequestManager: Failed to fetch tile (68651,45886,17) 5 times, giving up. Last error message was: 'Network Not Available' (default:unknown:0)
    24.971 - warning: QGeoTileRequestManager: Failed to fetch tile (68651,45886,17) 5 times, giving up. Last error message was: 'Network Not Available' (default:unknown:0)
    24.971 - warning: QGeoTileRequestManager: Failed to fetch tile (68643,45890,17) 5 times, giving up. Last error message was: 'Network Not Available' (default:unknown:0)
    24.971 - warning: QGeoTileRequestManager: Failed to fetch tile (68643,45890,17) 5 times, giving up. Last error message was: 'Network Not Available' (default:unknown:0)
    25.092 - warning: QGeoTileRequestManager: Failed to fetch tile (68644,45890,17) 5 times, giving up. Last error message was: 'Network Not Available' (default:unknown:0)
    25.094 - warning: QGeoTileRequestManager: Failed to fetch tile (68645,45890,17) 5 times, giving up. Last error message was: 'Network Not Available' (default:unknown:0)
    25.095 - warning: QGeoTileRequestManager: Failed to fetch tile (68646,45890,17) 5 times, giving up. Last error message was: 'Network Not Available' (default:unknown:0)
    25.097 - warning: QGeoTileRequestManager: Failed to fetch tile (68647,45890,17) 5 times, giving up. Last error message was: 'Network Not Available' (default:unknown:0)
    25.099 - warning: QGeoTileRequestManager: Failed to fetch tile (68648,45890,17) 5 times, giving up. Last error message was: 'Network Not Available' (default:unknown:0)
    25.100 - warning: QGeoTileRequestManager: Failed to fetch tile (68649,45890,17) 5 times, giving up. Last error message was: 'Network Not Available' (default:unknown:0)
    25.102 - warning: QGeoTileRequestManager: Failed to fetch tile (68650,45890,17) 5 times, giving up. Last error message was: 'Network Not Available' (default:unknown:0)
    25.103 - warning: QGeoTileRequestManager: Failed to fetch tile (68651,45890,17) 5 times, giving up. Last error message was: 'Network Not Available' (default:unknown:0)
    25.120 - warning: QGeoTileRequestManager: Failed to fetch tile (68644,45890,17) 5 times, giving up. Last error message was: 'Network Not Available' (default:unknown:0)
    25.121 - warning: QGeoTileRequestManager: Failed to fetch tile (68645,45890,17) 5 times, giving up. Last error message was: 'Network Not Available' (default:unknown:0)
    25.122 - warning: QGeoTileRequestManager: Failed to fetch tile (68646,45890,17) 5 times, giving up. Last error message was: 'Network Not Available' (default:unknown:0)
    25.123 - warning: QGeoTileRequestManager: Failed to fetch tile (68647,45890,17) 5 times, giving up. Last error message was: 'Network Not Available' (default:unknown:0)
    25.125 - warning: QGeoTileRequestManager: Failed to fetch tile (68648,45890,17) 5 times, giving up. Last error message was: 'Network Not Available' (default:unknown:0)
    25.126 - warning: QGeoTileRequestManager: Failed to fetch tile (68649,45890,17) 5 times, giving up. Last error message was: 'Network Not Available' (default:unknown:0)
    25.126 - warning: QGeoTileRequestManager: Failed to fetch tile (68650,45890,17) 5 times, giving up. Last error message was: 'Network Not Available' (default:unknown:0)
    25.126 - warning: QGeoTileRequestManager: Failed to fetch tile (68651,45890,17) 5 times, giving up. Last error message was: 'Network Not Available' (default:unknown:0)
    40.903 - warning: QGeoTileRequestManager: Failed to fetch tile (68646,45887,17) 5 times, giving up. Last error message was: 'Network Not Available' (default:unknown:0)
    40.906 - warning: QGeoTileRequestManager: Failed to fetch tile (68647,45887,17) 5 times, giving up. Last error message was: 'Network Not Available' (default:unknown:0)
    40.908 - warning: QGeoTileRequestManager: Failed to fetch tile (68643,45886,17) 5 times, giving up. Last error message was: 'Network Not Available' (default:unknown:0)
    40.910 - warning: QGeoTileRequestManager: Failed to fetch tile (68644,45886,17) 5 times, giving up. Last error message was: 'Network Not Available' (default:unknown:0)
    40.912 - warning: QGeoTileRequestManager: Failed to fetch tile (68645,45886,17) 5 times, giving up. Last error message was: 'Network Not Available' (default:unknown:0)
    40.915 - warning: QGeoTileRequestManager: Failed to fetch tile (68646,45886,17) 5 times, giving up. Last error message was: 'Network Not Available' (default:unknown:0)
    40.916 - warning: QGeoTileRequestManager: Failed to fetch tile (68647,45886,17) 5 times, giving up. Last error message was: 'Network Not Available' (default:unknown:0)
    40.919 - warning: QGeoTileRequestManager: Failed to fetch tile (68648,45886,17) 5 times, giving up. Last error message was: 'Network Not Available' (default:unknown:0)
    40.920 - warning: QGeoTileRequestManager: Failed to fetch tile (68649,45886,17) 5 times, giving up. Last error message was: 'Network Not Available' (default:unknown:0)
    40.922 - warning: QGeoTileRequestManager: Failed to fetch tile (68650,45886,17) 5 times, giving up. Last error message was: 'Network Not Available' (default:unknown:0)
    40.925 - warning: QGeoTileRequestManager: Failed to fetch tile (68651,45886,17) 5 times, giving up. Last error message was: 'Network Not Available' (default:unknown:0)
    40.928 - warning: QGeoTileRequestManager: Failed to fetch tile (68643,45887,17) 5 times, giving up. Last error message was: 'Network Not Available' (default:unknown:0)
    40.932 - warning: QGeoTileRequestManager: Failed to fetch tile (68644,45887,17) 5 times, giving up. Last error message was: 'Network Not Available' (default:unknown:0)
    40.934 - warning: QGeoTileRequestManager: Failed to fetch tile (68645,45887,17) 5 times, giving up. Last error message was: 'Network Not Available' (default:unknown:0)
    40.935 - warning: QGeoTileRequestManager: Failed to fetch tile (68648,45887,17) 5 times, giving up. Last error message was: 'Network Not Available' (default:unknown:0)
    40.936 - warning: QGeoTileRequestManager: Failed to fetch tile (68649,45887,17) 5 times, giving up. Last error message was: 'Network Not Available' (default:unknown:0)
    40.938 - warning: QGeoTileRequestManager: Failed to fetch tile (68650,45887,17) 5 times, giving up. Last error message was: 'Network Not Available' (default:unknown:0)
    40.939 - warning: QGeoTileRequestManager: Failed to fetch tile (68651,45887,17) 5 times, giving up. Last error message was: 'Network Not Available' (default:unknown:0)
    40.940 - warning: QGeoTileRequestManager: Failed to fetch tile (68643,45888,17) 5 times, giving up. Last error message was: 'Network Not Available' (default:unknown:0)
    40.941 - warning: QGeoTileRequestManager: Failed to fetch tile (68644,45888,17) 5 times, giving up. Last error message was: 'Network Not Available' (default:unknown:0)
    40.942 - warning: QGeoTileRequestManager: Failed to fetch tile (68645,45888,17) 5 times, giving up. Last error message was: 'Network Not Available' (default:unknown:0)
    40.944 - warning: QGeoTileRequestManager: Failed to fetch tile (68646,45888,17) 5 times, giving up. Last error message was: 'Network Not Available' (default:unknown:0)
    40.946 - warning: QGeoTileRequestManager: Failed to fetch tile (68647,45888,17) 5 times, giving up. Last error message was: 'Network Not Available' (default:unknown:0)
    40.947 - warning: QGeoTileRequestManager: Failed to fetch tile (68648,45888,17) 5 times, giving up. Last error message was: 'Network Not Available' (default:unknown:0)
    40.949 - warning: QGeoTileRequestManager: Failed to fetch tile (68649,45888,17) 5 times, giving up. Last error message was: 'Network Not Available' (default:unknown:0)
    40.951 - warning: QGeoTileRequestManager: Failed to fetch tile (68650,45888,17) 5 times, giving up. Last error message was: 'Network Not Available' (default:unknown:0)
    40.953 - warning: QGeoTileRequestManager: Failed to fetch tile (68651,45888,17) 5 times, giving up. Last error message was: 'Network Not Available' (default:unknown:0)
    40.954 - warning: QGeoTileRequestManager: Failed to fetch tile (68643,45889,17) 5 times, giving up. Last error message was: 'Network Not Available' (default:unknown:0)
    40.955 - warning: QGeoTileRequestManager: Failed to fetch tile (68644,45889,17) 5 times, giving up. Last error message was: 'Network Not Available' (default:unknown:0)
    40.957 - warning: QGeoTileRequestManager: Failed to fetch tile (68645,45889,17) 5 times, giving up. Last error message was: 'Network Not Available' (default:unknown:0)
    40.961 - warning: QGeoTileRequestManager: Failed to fetch tile (68646,45889,17) 5 times, giving up. Last error message was: 'Network Not Available' (default:unknown:0)
    40.964 - warning: QGeoTileRequestManager: Failed to fetch tile (68647,45889,17) 5 times, giving up. Last error message was: 'Network Not Available' (default:unknown:0)
    40.982 - warning: QGeoTileRequestManager: Failed to fetch tile (68648,45889,17) 5 times, giving up. Last error message was: 'Network Not Available' (default:unknown:0)
    40.983 - warning: QGeoTileRequestManager: Failed to fetch tile (68649,45889,17) 5 times, giving up. Last error message was: 'Network Not Available' (default:unknown:0)
    40.985 - warning: QGeoTileRequestManager: Failed to fetch tile (68650,45889,17) 5 times, giving up. Last error message was: 'Network Not Available' (default:unknown:0)
    40.986 - warning: QGeoTileRequestManager: Failed to fetch tile (68651,45889,17) 5 times, giving up. Last error message was: 'Network Not Available' (default:unknown:0)
    41.119 - warning: QGeoTileRequestManager: Failed to fetch tile (68643,45890,17) 5 times, giving up. Last error message was: 'Network Not Available' (default:unknown:0)
    41.123 - warning: QGeoTileRequestManager: Failed to fetch tile (68644,45890,17) 5 times, giving up. Last error message was: 'Network Not Available' (default:unknown:0)
    41.124 - warning: QGeoTileRequestManager: Failed to fetch tile (68645,45890,17) 5 times, giving up. Last error message was: 'Network Not Available' (default:unknown:0)
    41.124 - warning: QGeoTileRequestManager: Failed to fetch tile (68646,45890,17) 5 times, giving up. Last error message was: 'Network Not Available' (default:unknown:0)
    41.127 - warning: QGeoTileRequestManager: Failed to fetch tile (68647,45890,17) 5 times, giving up. Last error message was: 'Network Not Available' (default:unknown:0)
    41.129 - warning: QGeoTileRequestManager: Failed to fetch tile (68648,45890,17) 5 times, giving up. Last error message was: 'Network Not Available' (default:unknown:0)
    41.130 - warning: QGeoTileRequestManager: Failed to fetch tile (68649,45890,17) 5 times, giving up. Last error message was: 'Network Not Available' (default:unknown:0)
    41.131 - warning: QGeoTileRequestManager: Failed to fetch tile (68650,45890,17) 5 times, giving up. Last error message was: 'Network Not Available' (default:unknown:0)
    41.131 - warning: QGeoTileRequestManager: Failed to fetch tile (68651,45890,17) 5 times, giving up. Last error message was: 'Network Not Available' (default:unknown:0)
    56.893 - warning: QGeoTileRequestManager: Failed to fetch tile (68646,45887,17) 5 times, giving up. Last error message was: 'Network Not Available' (default:unknown:0)
    56.896 - warning: QGeoTileRequestManager: Failed to fetch tile (68643,45886,17) 5 times, giving up. Last error message was: 'Network Not Available' (default:unknown:0)
    56.896 - warning: QGeoTileRequestManager: Failed to fetch tile (68644,45886,17) 5 times, giving up. Last error message was: 'Network Not Available' (default:unknown:0)
    56.896 - warning: QGeoTileRequestManager: Failed to fetch tile (68645,45886,17) 5 times, giving up. Last error message was: 'Network Not Available' (default:unknown:0)
    56.899 - warning: QGeoTileRequestManager: Failed to fetch tile (68646,45886,17) 5 times, giving up. Last error message was: 'Network Not Available' (default:unknown:0)
    56.899 - warning: QGeoTileRequestManager: Failed to fetch tile (68647,45886,17) 5 times, giving up. Last error message was: 'Network Not Available' (default:unknown:0)
    56.904 - warning: QGeoTileRequestManager: Failed to fetch tile (68648,45886,17) 5 times, giving up. Last error message was: 'Network Not Available' (default:unknown:0)
    56.904 - warning: QGeoTileRequestManager: Failed to fetch tile (68649,45886,17) 5 times, giving up. Last error message was: 'Network Not Available' (default:unknown:0)
    56.904 - warning: QGeoTileRequestManager: Failed to fetch tile (68650,45886,17) 5 times, giving up. Last error message was: 'Network Not Available' (default:unknown:0)
    56.910 - warning: QGeoTileRequestManager: Failed to fetch tile (68651,45886,17) 5 times, giving up. Last error message was: 'Network Not Available' (default:unknown:0)
    56.911 - warning: QGeoTileRequestManager: Failed to fetch tile (68647,45887,17) 5 times, giving up. Last error message was: 'Network Not Available' (default:unknown:0)
    56.913 - warning: QGeoTileRequestManager: Failed to fetch tile (68643,45887,17) 5 times, giving up. Last error message was: 'Network Not Available' (default:unknown:0)
    56.915 - warning: QGeoTileRequestManager: Failed to fetch tile (68644,45887,17) 5 times, giving up. Last error message was: 'Network Not Available' (default:unknown:0)
    56.916 - warning: QGeoTileRequestManager: Failed to fetch tile (68645,45887,17) 5 times, giving up. Last error message was: 'Network Not Available' (default:unknown:0)
    56.932 - warning: QGeoTileRequestManager: Failed to fetch tile (68648,45887,17) 5 times, giving up. Last error message was: 'Network Not Available' (default:unknown:0)
    56.933 - warning: QGeoTileRequestManager: Failed to fetch tile (68649,45887,17) 5 times, giving up. Last error message was: 'Network Not Available' (default:unknown:0)
    56.935 - warning: QGeoTileRequestManager: Failed to fetch tile (68650,45887,17) 5 times, giving up. Last error message was: 'Network Not Available' (default:unknown:0)
    56.937 - warning: QGeoTileRequestManager: Failed to fetch tile (68651,45887,17) 5 times, giving up. Last error message was: 'Network Not Available' (default:unknown:0)
    56.940 - warning: QGeoTileRequestManager: Failed to fetch tile (68643,45888,17) 5 times, giving up. Last error message was: 'Network Not Available' (default:unknown:0)
    56.942 - warning: QGeoTileRequestManager: Failed to fetch tile (68644,45888,17) 5 times, giving up. Last error message was: 'Network Not Available' (default:unknown:0)
    56.943 - warning: QGeoTileRequestManager: Failed to fetch tile (68645,45888,17) 5 times, giving up. Last error message was: 'Network Not Available' (default:unknown:0)
    56.945 - warning: QGeoTileRequestManager: Failed to fetch tile (68646,45888,17) 5 times, giving up. Last error message was: 'Network Not Available' (default:unknown:0)
    56.947 - warning: QGeoTileRequestManager: Failed to fetch tile (68647,45888,17) 5 times, giving up. Last error message was: 'Network Not Available' (default:unknown:0)
    56.949 - warning: QGeoTileRequestManager: Failed to fetch tile (68648,45888,17) 5 times, giving up. Last error message was: 'Network Not Available' (default:unknown:0)
    56.950 - warning: QGeoTileRequestManager: Failed to fetch tile (68649,45888,17) 5 times, giving up. Last error message was: 'Network Not Available' (default:unknown:0)
    56.952 - warning: QGeoTileRequestManager: Failed to fetch tile (68650,45888,17) 5 times, giving up. Last error message was: 'Network Not Available' (default:unknown:0)
    56.953 - warning: QGeoTileRequestManager: Failed to fetch tile (68651,45888,17) 5 times, giving up. Last error message was: 'Network Not Available' (default:unknown:0)
    56.955 - warning: QGeoTileRequestManager: Failed to fetch tile (68643,45889,17) 5 times, giving up. Last error message was: 'Network Not Available' (default:unknown:0)
    56.957 - warning: QGeoTileRequestManager: Failed to fetch tile (68644,45889,17) 5 times, giving up. Last error message was: 'Network Not Available' (default:unknown:0)
    56.958 - warning: QGeoTileRequestManager: Failed to fetch tile (68645,45889,17) 5 times, giving up. Last error message was: 'Network Not Available' (default:unknown:0)
    56.959 - warning: QGeoTileRequestManager: Failed to fetch tile (68646,45889,17) 5 times, giving up. Last error message was: 'Network Not Available' (default:unknown:0)
    56.960 - warning: QGeoTileRequestManager: Failed to fetch tile (68647,45889,17) 5 times, giving up. Last error message was: 'Network Not Available' (default:unknown:0)
    56.961 - warning: QGeoTileRequestManager: Failed to fetch tile (68648,45889,17) 5 times, giving up. Last error message was: 'Network Not Available' (default:unknown:0)
    56.962 - warning: QGeoTileRequestManager: Failed to fetch tile (68649,45889,17) 5 times, giving up. Last error message was: 'Network Not Available' (default:unknown:0)
    56.963 - warning: QGeoTileRequestManager: Failed to fetch tile (68650,45889,17) 5 times, giving up. Last error message was: 'Network Not Available' (default:unknown:0)
    56.965 - warning: QGeoTileRequestManager: Failed to fetch tile (68651,45889,17) 5 times, giving up. Last error message was: 'Network Not Available' (default:unknown:0)
    56.968 - warning: QGeoTileRequestManager: Failed to fetch tile (68643,45890,17) 5 times, giving up. Last error message was: 'Network Not Available' (default:unknown:0)
    57.155 - warning: QGeoTileRequestManager: Failed to fetch tile (68644,45890,17) 5 times, giving up. Last error message was: 'Network Not Available' (default:unknown:0)
    57.156 - warning: QGeoTileRequestManager: Failed to fetch tile (68645,45890,17) 5 times, giving up. Last error message was: 'Network Not Available' (default:unknown:0)
    57.157 - warning: QGeoTileRequestManager: Failed to fetch tile (68646,45890,17) 5 times, giving up. Last error message was: 'Network Not Available' (default:unknown:0)
    57.157 - warning: QGeoTileRequestManager: Failed to fetch tile (68647,45890,17) 5 times, giving up. Last error message was: 'Network Not Available' (default:unknown:0)
    57.158 - warning: QGeoTileRequestManager: Failed to fetch tile (68648,45890,17) 5 times, giving up. Last error message was: 'Network Not Available' (default:unknown:0)
    57.159 - warning: QGeoTileRequestManager: Failed to fetch tile (68649,45890,17) 5 times, giving up. Last error message was: 'Network Not Available' (default:unknown:0)
    57.160 - warning: QGeoTileRequestManager: Failed to fetch tile (68650,45890,17) 5 times, giving up. Last error message was: 'Network Not Available' (default:unknown:0)
    57.160 - warning: QGeoTileRequestManager: Failed to fetch tile (68651,45890,17) 5 times, giving up. Last error message was: 'Network Not Available' (default:unknown:0)
    72.904 - warning: QGeoTileRequestManager: Failed to fetch tile (68643,45886,17) 5 times, giving up. Last error message was: 'Network Not Available' (default:unknown:0)
    72.908 - warning: QGeoTileRequestManager: Failed to fetch tile (68644,45886,17) 5 times, giving up. Last error message was: 'Network Not Available' (default:unknown:0)
    72.909 - warning: QGeoTileRequestManager: Failed to fetch tile (68645,45886,17) 5 times, giving up. Last error message was: 'Network Not Available' (default:unknown:0)
    72.909 - warning: QGeoTileRequestManager: Failed to fetch tile (68646,45886,17) 5 times, giving up. Last error message was: 'Network Not Available' (default:unknown:0)
    72.909 - warning: QGeoTileRequestManager: Failed to fetch tile (68647,45886,17) 5 times, giving up. Last error message was: 'Network Not Available' (default:unknown:0)
    72.913 - warning: QGeoTileRequestManager: Failed to fetch tile (68648,45886,17) 5 times, giving up. Last error message was: 'Network Not Available' (default:unknown:0)
    72.913 - warning: QGeoTileRequestManager: Failed to fetch tile (68649,45886,17) 5 times, giving up. Last error message was: 'Network Not Available' (default:unknown:0)
    72.913 - warning: QGeoTileRequestManager: Failed to fetch tile (68650,45886,17) 5 times, giving up. Last error message was: 'Network Not Available' (default:unknown:0)
    72.913 - warning: QGeoTileRequestManager: Failed to fetch tile (68646,45887,17) 5 times, giving up. Last error message was: 'Network Not Available' (default:unknown:0)
    72.917 - warning: QGeoTileRequestManager: Failed to fetch tile (68651,45886,17) 5 times, giving up. Last error message was: 'Network Not Available' (default:unknown:0)
    72.920 - warning: QGeoTileRequestManager: Failed to fetch tile (68643,45887,17) 5 times, giving up. Last error message was: 'Network Not Available' (default:unknown:0)
    72.922 - warning: QGeoTileRequestManager: Failed to fetch tile (68644,45887,17) 5 times, giving up. Last error message was: 'Network Not Available' (default:unknown:0)
    72.923 - warning: QGeoTileRequestManager: Failed to fetch tile (68645,45887,17) 5 times, giving up. Last error message was: 'Network Not Available' (default:unknown:0)
    72.925 - warning: QGeoTileRequestManager: Failed to fetch tile (68647,45887,17) 5 times, giving up. Last error message was: 'Network Not Available' (default:unknown:0)
    72.926 - warning: QGeoTileRequestManager: Failed to fetch tile (68648,45887,17) 5 times, giving up. Last error message was: 'Network Not Available' (default:unknown:0)
    72.927 - warning: QGeoTileRequestManager: Failed to fetch tile (68649,45887,17) 5 times, giving up. Last error message was: 'Network Not Available' (default:unknown:0)
    72.928 - warning: QGeoTileRequestManager: Failed to fetch tile (68650,45887,17) 5 times, giving up. Last error message was: 'Network Not Available' (default:unknown:0)
    72.929 - warning: QGeoTileRequestManager: Failed to fetch tile (68651,45887,17) 5 times, giving up. Last error message was: 'Network Not Available' (default:unknown:0)
    72.930 - warning: QGeoTileRequestManager: Failed to fetch tile (68643,45888,17) 5 times, giving up. Last error message was: 'Network Not Available' (default:unknown:0)
    72.931 - warning: QGeoTileRequestManager: Failed to fetch tile (68644,45888,17) 5 times, giving up. Last error message was: 'Network Not Available' (default:unknown:0)
    72.932 - warning: QGeoTileRequestManager: Failed to fetch tile (68645,45888,17) 5 times, giving up. Last error message was: 'Network Not Available' (default:unknown:0)
    72.933 - warning: QGeoTileRequestManager: Failed to fetch tile (68646,45888,17) 5 times, giving up. Last error message was: 'Network Not Available' (default:unknown:0)
    72.933 - warning: QGeoTileRequestManager: Failed to fetch tile (68647,45888,17) 5 times, giving up. Last error message was: 'Network Not Available' (default:unknown:0)
    72.935 - warning: QGeoTileRequestManager: Failed to fetch tile (68648,45888,17) 5 times, giving up. Last error message was: 'Network Not Available' (default:unknown:0)
    72.937 - warning: QGeoTileRequestManager: Failed to fetch tile (68649,45888,17) 5 times, giving up. Last error message was: 'Network Not Available' (default:unknown:0)
    72.938 - warning: QGeoTileRequestManager: Failed to fetch tile (68650,45888,17) 5 times, giving up. Last error message was: 'Network Not Available' (default:unknown:0)
    72.939 - warning: QGeoTileRequestManager: Failed to fetch tile (68651,45888,17) 5 times, giving up. Last error message was: 'Network Not Available' (default:unknown:0)
    72.940 - warning: QGeoTileRequestManager: Failed to fetch tile (68643,45889,17) 5 times, giving up. Last error message was: 'Network Not Available' (default:unknown:0)
    72.941 - warning: QGeoTileRequestManager: Failed to fetch tile (68644,45889,17) 5 times, giving up. Last error message was: 'Network Not Available' (default:unknown:0)
    72.942 - warning: QGeoTileRequestManager: Failed to fetch tile (68645,45889,17) 5 times, giving up. Last error message was: 'Network Not Available' (default:unknown:0)
    72.943 - warning: QGeoTileRequestManager: Failed to fetch tile (68646,45889,17) 5 times, giving up. Last error message was: 'Network Not Available' (default:unknown:0)
    72.945 - warning: QGeoTileRequestManager: Failed to fetch tile (68647,45889,17) 5 times, giving up. Last error message was: 'Network Not Available' (default:unknown:0)
    72.946 - warning: QGeoTileRequestManager: Failed to fetch tile (68648,45889,17) 5 times, giving up. Last error message was: 'Network Not Available' (default:unknown:0)
    72.948 - warning: QGeoTileRequestManager: Failed to fetch tile (68649,45889,17) 5 times, giving up. Last error message was: 'Network Not Available' (default:unknown:0)
    72.949 - warning: QGeoTileRequestManager: Failed to fetch tile (68650,45889,17) 5 times, giving up. Last error message was: 'Network Not Available' (default:unknown:0)
    72.951 - warning: QGeoTileRequestManager: Failed to fetch tile (68651,45889,17) 5 times, giving up. Last error message was: 'Network Not Available' (default:unknown:0)
    72.952 - warning: QGeoTileRequestManager: Failed to fetch tile (68643,45890,17) 5 times, giving up. Last error message was: 'Network Not Available' (default:unknown:0)
    72.954 - warning: QGeoTileRequestManager: Failed to fetch tile (68644,45890,17) 5 times, giving up. Last error message was: 'Network Not Available' (default:unknown:0)
    72.955 - warning: QGeoTileRequestManager: Failed to fetch tile (68645,45890,17) 5 times, giving up. Last error message was: 'Network Not Available' (default:unknown:0)
    72.957 - warning: QGeoTileRequestManager: Failed to fetch tile (68646,45890,17) 5 times, giving up. Last error message was: 'Network Not Available' (default:unknown:0)
    72.958 - warning: QGeoTileRequestManager: Failed to fetch tile (68647,45890,17) 5 times, giving up. Last error message was: 'Network Not Available' (default:unknown:0)
    72.960 - warning: QGeoTileRequestManager: Failed to fetch tile (68648,45890,17) 5 times, giving up. Last error message was: 'Network Not Available' (default:unknown:0)
    72.962 - warning: QGeoTileRequestManager: Failed to fetch tile (68649,45890,17) 5 times, giving up. Last error message was: 'Network Not Available' (default:unknown:0)
    72.962 - warning: QGeoTileRequestManager: Failed to fetch tile (68650,45890,17) 5 times, giving up. Last error message was: 'Network Not Available' (default:unknown:0)
    72.962 - warning: QGeoTileRequestManager: Failed to fetch tile (68651,45890,17) 5 times, giving up. Last error message was: 'Network Not Available' (default:unknown:0)
    98.111 - warning: QGeoTileRequestManager: Failed to fetch tile (2196719,1468421,22) 5 times, giving up. Last error message was: 'Network Not Available' (default:unknown:0)
    98.113 - warning: QGeoTileRequestManager: Failed to fetch tile (2196720,1468421,22) 5 times, giving up. Last error message was: 'Network Not Available' (default:unknown:0)
    98.113 - warning: QGeoTileRequestManager: Failed to fetch tile (2196721,1468421,22) 5 times, giving up. Last error message was: 'Network Not Available' (default:unknown:0)
    98.113 - warning: QGeoTileRequestManager: Failed to fetch tile (2196722,1468421,22) 5 times, giving up. Last error message was: 'Network Not Available' (default:unknown:0)
    98.113 - warning: QGeoTileRequestManager: Failed to fetch tile (2196723,1468421,22) 5 times, giving up. Last error message was: 'Network Not Available' (default:unknown:0)
    98.114 - warning: QGeoTileRequestManager: Failed to fetch tile (2196724,1468421,22) 5 times, giving up. Last error message was: 'Network Not Available' (default:unknown:0)
    98.116 - warning: QGeoTileRequestManager: Failed to fetch tile (2196719,1468422,22) 5 times, giving up. Last error message was: 'Network Not Available' (default:unknown:0)
    98.118 - warning: QGeoTileRequestManager: Failed to fetch tile (2196720,1468422,22) 5 times, giving up. Last error message was: 'Network Not Available' (default:unknown:0)
    98.119 - warning: QGeoTileRequestManager: Failed to fetch tile (2196721,1468422,22) 5 times, giving up. Last error message was: 'Network Not Available' (default:unknown:0)
    98.120 - warning: QGeoTileRequestManager: Failed to fetch tile (2196722,1468422,22) 5 times, giving up. Last error message was: 'Network Not Available' (default:unknown:0)
    98.121 - warning: QGeoTileRequestManager: Failed to fetch tile (2196723,1468422,22) 5 times, giving up. Last error message was: 'Network Not Available' (default:unknown:0)
    98.122 - warning: QGeoTileRequestManager: Failed to fetch tile (2196724,1468422,22) 5 times, giving up. Last error message was: 'Network Not Available' (default:unknown:0)
    98.123 - warning: QGeoTileRequestManager: Failed to fetch tile (2196719,1468423,22) 5 times, giving up. Last error message was: 'Network Not Available' (default:unknown:0)
    98.125 - warning: QGeoTileRequestManager: Failed to fetch tile (2196720,1468423,22) 5 times, giving up. Last error message was: 'Network Not Available' (default:unknown:0)
    98.127 - warning: QGeoTileRequestManager: Failed to fetch tile (2196721,1468423,22) 5 times, giving up. Last error message was: 'Network Not Available' (default:unknown:0)
    98.127 - warning: QGeoTileRequestManager: Failed to fetch tile (2196722,1468423,22) 5 times, giving up. Last error message was: 'Network Not Available' (default:unknown:0)
    98.128 - warning: QGeoTileRequestManager: Failed to fetch tile (2196723,1468423,22) 5 times, giving up. Last error message was: 'Network Not Available' (default:unknown:0)
    98.128 - warning: QGeoTileRequestManager: Failed to fetch tile (2196724,1468423,22) 5 times, giving up. Last error message was: 'Network Not Available' (default:unknown:0)
   113.900 - warning: QGeoTileRequestManager: Failed to fetch tile (2196720,1468421,22) 5 times, giving up. Last error message was: 'Network Not Available' (default:unknown:0)
   113.900 - warning: QGeoTileRequestManager: Failed to fetch tile (2196721,1468421,22) 5 times, giving up. Last error message was: 'Network Not Available' (default:unknown:0)
   113.900 - warning: QGeoTileRequestManager: Failed to fetch tile (2196722,1468421,22) 5 times, giving up. Last error message was: 'Network Not Available' (default:unknown:0)
   113.906 - warning: QGeoTileRequestManager: Failed to fetch tile (2196723,1468421,22) 5 times, giving up. Last error message was: 'Network Not Available' (default:unknown:0)
   113.906 - warning: QGeoTileRequestManager: Failed to fetch tile (2196724,1468421,22) 5 times, giving up. Last error message was: 'Network Not Available' (default:unknown:0)
   113.907 - warning: QGeoTileRequestManager: Failed to fetch tile (2196720,1468422,22) 5 times, giving up. Last error message was: 'Network Not Available' (default:unknown:0)
   113.910 - warning: QGeoTileRequestManager: Failed to fetch tile (2196721,1468422,22) 5 times, giving up. Last error message was: 'Network Not Available' (default:unknown:0)
   113.911 - warning: QGeoTileRequestManager: Failed to fetch tile (2196722,1468422,22) 5 times, giving up. Last error message was: 'Network Not Available' (default:unknown:0)
   113.912 - warning: QGeoTileRequestManager: Failed to fetch tile (2196723,1468422,22) 5 times, giving up. Last error message was: 'Network Not Available' (default:unknown:0)
   113.918 - warning: QGeoTileRequestManager: Failed to fetch tile (2196724,1468422,22) 5 times, giving up. Last error message was: 'Network Not Available' (default:unknown:0)
   113.919 - warning: QGeoTileRequestManager: Failed to fetch tile (2196720,1468423,22) 5 times, giving up. Last error message was: 'Network Not Available' (default:unknown:0)
   113.921 - warning: QGeoTileRequestManager: Failed to fetch tile (2196721,1468423,22) 5 times, giving up. Last error message was: 'Network Not Available' (default:unknown:0)
   113.922 - warning: QGeoTileRequestManager: Failed to fetch tile (2196722,1468423,22) 5 times, giving up. Last error message was: 'Network Not Available' (default:unknown:0)
   113.922 - warning: QGeoTileRequestManager: Failed to fetch tile (2196723,1468423,22) 5 times, giving up. Last error message was: 'Network Not Available' (default:unknown:0)
   113.922 - warning: QGeoTileRequestManager: Failed to fetch tile (2196724,1468423,22) 5 times, giving up. Last error message was: 'Network Not Available' (default:unknown:0)
   129.125 - warning: QGeoTileRequestManager: Failed to fetch tile (2196724,1468424,22) 5 times, giving up. Last error message was: 'Network Not Available' (default:unknown:0)
   129.126 - warning: QGeoTileRequestManager: Failed to fetch tile (2196723,1468424,22) 5 times, giving up. Last error message was: 'Network Not Available' (default:unknown:0)
   129.128 - warning: QGeoTileRequestManager: Failed to fetch tile (2196722,1468424,22) 5 times, giving up. Last error message was: 'Network Not Available' (default:unknown:0)
   129.129 - warning: QGeoTileRequestManager: Failed to fetch tile (2196721,1468424,22) 5 times, giving up. Last error message was: 'Network Not Available' (default:unknown:0)
   129.130 - warning: QGeoTileRequestManager: Failed to fetch tile (2196720,1468424,22) 5 times, giving up. Last error message was: 'Network Not Available' (default:unknown:0)
   129.131 - warning: QGeoTileRequestManager: Failed to fetch tile (2196719,1468421,22) 5 times, giving up. Last error message was: 'Network Not Available' (default:unknown:0)
   129.133 - warning: QGeoTileRequestManager: Failed to fetch tile (2196719,1468422,22) 5 times, giving up. Last error message was: 'Network Not Available' (default:unknown:0)
   129.133 - warning: QGeoTileRequestManager: Failed to fetch tile (2196719,1468423,22) 5 times, giving up. Last error message was: 'Network Not Available' (default:unknown:0)
   129.134 - warning: QGeoTileRequestManager: Failed to fetch tile (2196719,1468424,22) 5 times, giving up. Last error message was: 'Network Not Available' (default:unknown:0)
   129.912 - warning: QGeoTileRequestManager: Failed to fetch tile (2196720,1468421,22) 5 times, giving up. Last error message was: 'Network Not Available' (default:unknown:0)
   129.914 - warning: QGeoTileRequestManager: Failed to fetch tile (2196721,1468421,22) 5 times, giving up. Last error message was: 'Network Not Available' (default:unknown:0)
   129.914 - warning: QGeoTileRequestManager: Failed to fetch tile (2196722,1468421,22) 5 times, giving up. Last error message was: 'Network Not Available' (default:unknown:0)
   129.914 - warning: QGeoTileRequestManager: Failed to fetch tile (2196723,1468421,22) 5 times, giving up. Last error message was: 'Network Not Available' (default:unknown:0)
   129.917 - warning: QGeoTileRequestManager: Failed to fetch tile (2196724,1468421,22) 5 times, giving up. Last error message was: 'Network Not Available' (default:unknown:0)
   129.919 - warning: QGeoTileRequestManager: Failed to fetch tile (2196720,1468422,22) 5 times, giving up. Last error message was: 'Network Not Available' (default:unknown:0)
   129.921 - warning: QGeoTileRequestManager: Failed to fetch tile (2196721,1468422,22) 5 times, giving up. Last error message was: 'Network Not Available' (default:unknown:0)
   129.923 - warning: QGeoTileRequestManager: Failed to fetch tile (2196722,1468422,22) 5 times, giving up. Last error message was: 'Network Not Available' (default:unknown:0)
   129.925 - warning: QGeoTileRequestManager: Failed to fetch tile (2196723,1468422,22) 5 times, giving up. Last error message was: 'Network Not Available' (default:unknown:0)
   129.927 - warning: QGeoTileRequestManager: Failed to fetch tile (2196724,1468422,22) 5 times, giving up. Last error message was: 'Network Not Available' (default:unknown:0)
   129.929 - warning: QGeoTileRequestManager: Failed to fetch tile (2196720,1468423,22) 5 times, giving up. Last error message was: 'Network Not Available' (default:unknown:0)
   129.930 - warning: QGeoTileRequestManager: Failed to fetch tile (2196721,1468423,22) 5 times, giving up. Last error message was: 'Network Not Available' (default:unknown:0)
   129.933 - warning: QGeoTileRequestManager: Failed to fetch tile (2196722,1468423,22) 5 times, giving up. Last error message was: 'Network Not Available' (default:unknown:0)
   129.935 - warning: QGeoTileRequestManager: Failed to fetch tile (2196723,1468423,22) 5 times, giving up. Last error message was: 'Network Not Available' (default:unknown:0)
   129.936 - warning: QGeoTileRequestManager: Failed to fetch tile (2196724,1468423,22) 5 times, giving up. Last error message was: 'Network Not Available' (default:unknown:0)
   144.894 - warning: QGeoTileRequestManager: Failed to fetch tile (2196724,1468424,22) 5 times, giving up. Last error message was: 'Network Not Available' (default:unknown:0)
   144.897 - warning: QGeoTileRequestManager: Failed to fetch tile (2196719,1468421,22) 5 times, giving up. Last error message was: 'Network Not Available' (default:unknown:0)
   144.897 - warning: QGeoTileRequestManager: Failed to fetch tile (2196719,1468422,22) 5 times, giving up. Last error message was: 'Network Not Available' (default:unknown:0)
   144.897 - warning: QGeoTileRequestManager: Failed to fetch tile (2196719,1468423,22) 5 times, giving up. Last error message was: 'Network Not Available' (default:unknown:0)
   144.897 - warning: QGeoTileRequestManager: Failed to fetch tile (2196719,1468424,22) 5 times, giving up. Last error message was: 'Network Not Available' (default:unknown:0)
   144.898 - warning: QGeoTileRequestManager: Failed to fetch tile (2196720,1468424,22) 5 times, giving up. Last error message was: 'Network Not Available' (default:unknown:0)
   144.901 - warning: QGeoTileRequestManager: Failed to fetch tile (2196721,1468424,22) 5 times, giving up. Last error message was: 'Network Not Available' (default:unknown:0)
   144.901 - warning: QGeoTileRequestManager: Failed to fetch tile (2196722,1468424,22) 5 times, giving up. Last error message was: 'Network Not Available' (default:unknown:0)
   144.901 - warning: QGeoTileRequestManager: Failed to fetch tile (2196723,1468424,22) 5 times, giving up. Last error message was: 'Network Not Available' (default:unknown:0)
   145.899 - warning: QGeoTileRequestManager: Failed to fetch tile (2196720,1468421,22) 5 times, giving up. Last error message was: 'Network Not Available' (default:unknown:0)
   145.899 - warning: QGeoTileRequestManager: Failed to fetch tile (2196721,1468421,22) 5 times, giving up. Last error message was: 'Network Not Available' (default:unknown:0)
   145.899 - warning: QGeoTileRequestManager: Failed to fetch tile (2196722,1468421,22) 5 times, giving up. Last error message was: 'Network Not Available' (default:unknown:0)
   145.899 - warning: QGeoTileRequestManager: Failed to fetch tile (2196723,1468421,22) 5 times, giving up. Last error message was: 'Network Not Available' (default:unknown:0)
   145.900 - warning: QGeoTileRequestManager: Failed to fetch tile (2196724,1468421,22) 5 times, giving up. Last error message was: 'Network Not Available' (default:unknown:0)
   145.901 - warning: QGeoTileRequestManager: Failed to fetch tile (2196720,1468422,22) 5 times, giving up. Last error message was: 'Network Not Available' (default:unknown:0)
   145.901 - warning: QGeoTileRequestManager: Failed to fetch tile (2196721,1468422,22) 5 times, giving up. Last error message was: 'Network Not Available' (default:unknown:0)
   145.901 - warning: QGeoTileRequestManager: Failed to fetch tile (2196722,1468422,22) 5 times, giving up. Last error message was: 'Network Not Available' (default:unknown:0)
   145.901 - warning: QGeoTileRequestManager: Failed to fetch tile (2196723,1468422,22) 5 times, giving up. Last error message was: 'Network Not Available' (default:unknown:0)
   145.902 - warning: QGeoTileRequestManager: Failed to fetch tile (2196724,1468422,22) 5 times, giving up. Last error message was: 'Network Not Available' (default:unknown:0)
   145.904 - warning: QGeoTileRequestManager: Failed to fetch tile (2196720,1468423,22) 5 times, giving up. Last error message was: 'Network Not Available' (default:unknown:0)
   145.904 - warning: QGeoTileRequestManager: Failed to fetch tile (2196721,1468423,22) 5 times, giving up. Last error message was: 'Network Not Available' (default:unknown:0)
   145.907 - warning: QGeoTileRequestManager: Failed to fetch tile (2196722,1468423,22) 5 times, giving up. Last error message was: 'Network Not Available' (default:unknown:0)
   145.907 - warning: QGeoTileRequestManager: Failed to fetch tile (2196723,1468423,22) 5 times, giving up. Last error message was: 'Network Not Available' (default:unknown:0)
   145.907 - warning: QGeoTileRequestManager: Failed to fetch tile (2196724,1468423,22) 5 times, giving up. Last error message was: 'Network Not Available' (default:unknown:0)
